 CDF

 Timestamp is 51e93215 (Fri Jul 19 18:03:25 2013)

 Preferred load address is 0000000180000000

 Start         Length     Name                   Class
 0001:00000000 0003b100H .text                   CODE
 0001:0003b100 00005c82H .text$x                 CODE
 0001:00040d90 000002bfH .text$yc                CODE
 0001:00041050 0000018cH .text$yd                CODE
 0002:00000000 00001150H .idata$5                DATA
 0002:00001150 00000008H .CRT$XCA                DATA
 0002:00001158 00000060H .CRT$XCU                DATA
 0002:000011b8 00000008H .CRT$XCZ                DATA
 0002:000011c0 00000008H .CRT$XIA                DATA
 0002:000011c8 00000008H .CRT$XIAA               DATA
 0002:000011d0 00000008H .CRT$XIZ                DATA
 0002:000011e0 0000a62cH .rdata                  DATA
 0002:0000b80c 0000006dH .rdata$debug            DATA
 0002:0000b880 00002cc4H .rdata$r                DATA
 0002:0000e548 00000008H .rtc$IAA                DATA
 0002:0000e550 00000008H .rtc$IZZ                DATA
 0002:0000e558 00000008H .rtc$TAA                DATA
 0002:0000e560 00000008H .rtc$TZZ                DATA
 0002:0000e568 0000c3b0H .xdata                  DATA
 0002:0001a918 000000e4H .xdata$x                DATA
 0002:0001a9fc 00000064H .idata$2                DATA
 0002:0001aa60 00000014H .idata$3                DATA
 0002:0001aa78 00001150H .idata$4                DATA
 0002:0001bbc8 00005f8aH .idata$6                DATA
 0002:00021b60 00000084H .edata                  DATA
 0003:00000000 00000f98H .data                   DATA
 0003:00000f98 00000158H .bss                    DATA
 0004:00000000 00003114H .pdata                  DATA

  Address         Publics by Value              Rva+Base               Lib:Object

 0000:00000000       ___safe_se_handler_table   0000000000000000     <absolute>
 0000:00000000       ___safe_se_handler_count   0000000000000000     <absolute>
 0000:00000000       __ImageBase                0000000180000000     <linker-defined>
 0001:00000000       ??0bad_alloc@std@@QEAA@PEBD@Z 0000000180001000 f i attributebased_cd.obj
 0001:00000030       ??1bad_alloc@std@@UEAA@XZ  0000000180001030 f i attributebased_cd.obj
 0001:00000050       ??_Gbad_alloc@std@@UEAAPEAXI@Z 0000000180001050 f i attributebased_cd.obj
 0001:00000050       ??_Ebad_alloc@std@@UEAAPEAXI@Z 0000000180001050 f i attributebased_cd.obj
 0001:00000090       ??2@YAPEAX_KPEAX@Z         0000000180001090 f i attributebased_cd.obj
 0001:000000a0       ??3@YAXPEAX0@Z             00000001800010a0 f i attributebased_cd.obj
 0001:000000b0       ?length@?$char_traits@D@std@@SA_KPEBD@Z 00000001800010b0 f i attributebased_cd.obj
 0001:000000d0       ?copy@?$char_traits@D@std@@SAPEADPEADPEBD_K@Z 00000001800010d0 f i attributebased_cd.obj
 0001:000000f0       ?move@?$char_traits@D@std@@SAPEADPEADPEBD_K@Z 00000001800010f0 f i attributebased_cd.obj
 0001:00000100       ?assign@?$char_traits@D@std@@SAXAEADAEBD@Z 0000000180001100 f i attributebased_cd.obj
 0001:00000110       ?eq_int_type@?$char_traits@D@std@@SA_NAEBH0@Z 0000000180001110 f i attributebased_cd.obj
 0001:00000120       ?eof@?$char_traits@D@std@@SAHXZ 0000000180001120 f i attributebased_cd.obj
 0001:00000130       ?_Adopt@_Iterator_base0@std@@QEAAXPEBX@Z 0000000180001130 f i attributebased_cd.obj
 0001:00000140       ?retranslateUi@Ui_AttributeBased_cd@@QEAAXPEAVQWidget@@@Z 0000000180001140 f i attributebased_cd.obj
 0001:00000c10       ?on_lineEdit_2_returnPressed@AttributeBased_cd@@AEAAXXZ 0000000180001c10 f   attributebased_cd.obj
 0001:00000c70       ?on_lineEdit_returnPressed@AttributeBased_cd@@AEAAXXZ 0000000180001c70 f   attributebased_cd.obj
 0001:00000cd0       ?on_lineEdit_3_returnPressed@AttributeBased_cd@@AEAAXXZ 0000000180001cd0 f   attributebased_cd.obj
 0001:00000d30       ?on_lineEdit_4_returnPressed@AttributeBased_cd@@AEAAXXZ 0000000180001d30 f   attributebased_cd.obj
 0001:00000d90       ?on_lineEdit_5_returnPressed@AttributeBased_cd@@AEAAXXZ 0000000180001d90 f   attributebased_cd.obj
 0001:00000df0       ?on_lineEdit_6_returnPressed@AttributeBased_cd@@AEAAXXZ 0000000180001df0 f   attributebased_cd.obj
 0001:00000e50       ?on_lineEdit_7_returnPressed@AttributeBased_cd@@AEAAXXZ 0000000180001e50 f   attributebased_cd.obj
 0001:00000eb0       ?on_lineEdit_8_returnPressed@AttributeBased_cd@@AEAAXXZ 0000000180001eb0 f   attributebased_cd.obj
 0001:00000f10       ?on_lineEdit_9_returnPressed@AttributeBased_cd@@AEAAXXZ 0000000180001f10 f   attributebased_cd.obj
 0001:00000f70       ?on_lineEdit_10_returnPressed@AttributeBased_cd@@AEAAXXZ 0000000180001f70 f   attributebased_cd.obj
 0001:00000fd0       ?on_lineEdit_11_returnPressed@AttributeBased_cd@@AEAAXXZ 0000000180001fd0 f   attributebased_cd.obj
 0001:00001030       ?on_lineEdit_12_returnPressed@AttributeBased_cd@@AEAAXXZ 0000000180002030 f   attributebased_cd.obj
 0001:00001090       ?on_lineEdit_13_returnPressed@AttributeBased_cd@@AEAAXXZ 0000000180002090 f   attributebased_cd.obj
 0001:000010f0       ?on_lineEdit_14_returnPressed@AttributeBased_cd@@AEAAXXZ 00000001800020f0 f   attributebased_cd.obj
 0001:00001150       ?on_lineEdit_15_returnPressed@AttributeBased_cd@@AEAAXXZ 0000000180002150 f   attributebased_cd.obj
 0001:000011b0       ?on_lineEdit_16_returnPressed@AttributeBased_cd@@AEAAXXZ 00000001800021b0 f   attributebased_cd.obj
 0001:00001210       ?on_lineEdit_17_returnPressed@AttributeBased_cd@@AEAAXXZ 0000000180002210 f   attributebased_cd.obj
 0001:00001270       ?on_lineEdit_18_returnPressed@AttributeBased_cd@@AEAAXXZ 0000000180002270 f   attributebased_cd.obj
 0001:000012d0       ?on_lineEdit_19_returnPressed@AttributeBased_cd@@AEAAXXZ 00000001800022d0 f   attributebased_cd.obj
 0001:00001330       ?on_lineEdit_20_returnPressed@AttributeBased_cd@@AEAAXXZ 0000000180002330 f   attributebased_cd.obj
 0001:00001390       ?on_lineEdit_21_returnPressed@AttributeBased_cd@@AEAAXXZ 0000000180002390 f   attributebased_cd.obj
 0001:000013f0       ?on_lineEdit_22_returnPressed@AttributeBased_cd@@AEAAXXZ 00000001800023f0 f   attributebased_cd.obj
 0001:00001450       ?on_lineEdit_23_returnPressed@AttributeBased_cd@@AEAAXXZ 0000000180002450 f   attributebased_cd.obj
 0001:000014b0       ?on_lineEdit_24_returnPressed@AttributeBased_cd@@AEAAXXZ 00000001800024b0 f   attributebased_cd.obj
 0001:00001510       ?on_lineEdit_25_returnPressed@AttributeBased_cd@@AEAAXXZ 0000000180002510 f   attributebased_cd.obj
 0001:00001570       ?on_lineEdit_26_returnPressed@AttributeBased_cd@@AEAAXXZ 0000000180002570 f   attributebased_cd.obj
 0001:000015d0       ?on_lineEdit_27_returnPressed@AttributeBased_cd@@AEAAXXZ 00000001800025d0 f   attributebased_cd.obj
 0001:00001630       ?on_lineEdit_28_returnPressed@AttributeBased_cd@@AEAAXXZ 0000000180002630 f   attributebased_cd.obj
 0001:00001690       ?on_pushButton_2_clicked@AttributeBased_cd@@AEAAXXZ 0000000180002690 f   attributebased_cd.obj
 0001:00001760       ?on_pushButton_3_clicked@AttributeBased_cd@@AEAAXXZ 0000000180002760 f   attributebased_cd.obj
 0001:00001830       ?on_pushButton_4_clicked@AttributeBased_cd@@AEAAXXZ 0000000180002830 f   attributebased_cd.obj
 0001:00001900       ?on_pushButton_5_clicked@AttributeBased_cd@@AEAAXXZ 0000000180002900 f   attributebased_cd.obj
 0001:000019d0       ?on_pushButton_6_clicked@AttributeBased_cd@@AEAAXXZ 00000001800029d0 f   attributebased_cd.obj
 0001:00001a90       ?on_pushButton_7_clicked@AttributeBased_cd@@AEAAXXZ 0000000180002a90 f   attributebased_cd.obj
 0001:00001b60       ?on_pushButton_8_clicked@AttributeBased_cd@@AEAAXXZ 0000000180002b60 f   attributebased_cd.obj
 0001:00001c30       ?on_pushButton_9_clicked@AttributeBased_cd@@AEAAXXZ 0000000180002c30 f   attributebased_cd.obj
 0001:00001d00       ?on_pushButton_10_clicked@AttributeBased_cd@@AEAAXXZ 0000000180002d00 f   attributebased_cd.obj
 0001:00001dc0       ?on_pushButton_11_clicked@AttributeBased_cd@@AEAAXXZ 0000000180002dc0 f   attributebased_cd.obj
 0001:00001e80       ?on_pushButton_12_clicked@AttributeBased_cd@@AEAAXXZ 0000000180002e80 f   attributebased_cd.obj
 0001:00001f40       ?on_pushButton_13_clicked@AttributeBased_cd@@AEAAXXZ 0000000180002f40 f   attributebased_cd.obj
 0001:00002010       ?on_pushButton_14_clicked@AttributeBased_cd@@AEAAXXZ 0000000180003010 f   attributebased_cd.obj
 0001:000020e0       ?on_pushButton_15_clicked@AttributeBased_cd@@AEAAXXZ 00000001800030e0 f   attributebased_cd.obj
 0001:000021a0       ?on_pushButton_16_clicked@AttributeBased_cd@@AEAAXXZ 00000001800031a0 f   attributebased_cd.obj
 0001:000028f0       ??0?$QFlags@W4WindowType@Qt@@@@QEAA@PEAPEAX@Z 00000001800038f0 f i attributebased_cd.obj
 0001:00002900       ??0?$QFlags@W4AlignmentFlag@Qt@@@@QEAA@PEAPEAX@Z 0000000180003900 f i attributebased_cd.obj
 0001:00002910       ?size@?$basic_string@DU?$char_traits@D@std@@V?$allocator@D@2@@std@@QEBA_KXZ 0000000180003910 f i attributebased_cd.obj
 0001:00002920       ?size@?$vector@HV?$allocator@H@std@@@std@@QEBA_KXZ 0000000180003920 f i attributebased_cd.obj
 0001:00002930       ??A?$vector@HV?$allocator@H@std@@@std@@QEAAAEAH_K@Z 0000000180003930 f i attributebased_cd.obj
 0001:00002940       ?_Myptr@?$basic_string@DU?$char_traits@D@std@@V?$allocator@D@2@@std@@QEBAPEBDXZ 0000000180003940 f i attributebased_cd.obj
 0001:00002950       ??1?$_String_val@DV?$allocator@D@std@@@std@@QEAA@XZ 0000000180003950 f i attributebased_cd.obj
 0001:00002960       ??0?$allocator@D@std@@QEAA@XZ 0000000180003960 f i attributebased_cd.obj
 0001:00002970       ??0?$allocator@D@std@@QEAA@AEBV01@@Z 0000000180003970 f i attributebased_cd.obj
 0001:00002980       ?_Inside@?$vector@HV?$allocator@H@std@@@std@@IEBA_NPEBH@Z 0000000180003980 f i attributebased_cd.obj
 0001:000029a0       ?_Orphan_range@?$vector@HV?$allocator@H@std@@@std@@IEBAXPEAH0@Z 00000001800039a0 f i attributebased_cd.obj
 0001:000029b0       ??1?$_Vector_val@HV?$allocator@H@std@@@std@@QEAA@XZ 00000001800039b0 f i attributebased_cd.obj
 0001:000029c0       ??0?$allocator@H@std@@QEAA@XZ 00000001800039c0 f i attributebased_cd.obj
 0001:000029d0       ??0?$allocator@H@std@@QEAA@AEBV01@@Z 00000001800039d0 f i attributebased_cd.obj
 0001:000029e0       ??D?$_Vector_const_iterator@V?$_Vector_val@HV?$allocator@H@std@@@std@@@std@@QEBAAEBHXZ 00000001800039e0 f i attributebased_cd.obj
 0001:000029f0       ??E?$_Vector_const_iterator@V?$_Vector_val@HV?$allocator@H@std@@@std@@@std@@QEAAAEAV01@XZ 00000001800039f0 f i attributebased_cd.obj
 0001:00002a00       ??Bsentry@?$basic_ostream@DU?$char_traits@D@std@@@std@@QEBAPEQ_Bool_struct@2@HXZ 0000000180003a00 f i attributebased_cd.obj
 0001:00002a10       ?_Myptr@?$basic_string@DU?$char_traits@D@std@@V?$allocator@D@2@@std@@QEAAPEADXZ 0000000180003a10 f i attributebased_cd.obj
 0001:00002a20       ?_Xran@?$basic_string@DU?$char_traits@D@std@@V?$allocator@D@2@@std@@QEBAXXZ 0000000180003a20 f i attributebased_cd.obj
 0001:00002a40       ?deallocate@?$allocator@D@std@@QEAAXPEAD_K@Z 0000000180003a40 f i attributebased_cd.obj
 0001:00002a50       ?capacity@?$vector@HV?$allocator@H@std@@@std@@QEBA_KXZ 0000000180003a50 f i attributebased_cd.obj
 0001:00002a60       ?_Xlen@?$vector@HV?$allocator@H@std@@@std@@IEBAXXZ 0000000180003a60 f i attributebased_cd.obj
 0001:00002a80       ?deallocate@?$allocator@H@std@@QEAAXPEAH_K@Z 0000000180003a80 f i attributebased_cd.obj
 0001:00002a90       ??0?$_Vector_const_iterator@V?$_Vector_val@HV?$allocator@H@std@@@std@@@std@@QEAA@PEAHPEBU_Container_base0@1@@Z 0000000180003a90 f i attributebased_cd.obj
 0001:00002aa0       ?_Compat@?$_Vector_const_iterator@V?$_Vector_val@HV?$allocator@H@std@@@std@@@std@@QEBAXAEBV12@@Z 0000000180003aa0 f i attributebased_cd.obj
 0001:00002ab0       ??0_Sentry_base@?$basic_ostream@DU?$char_traits@D@std@@@std@@QEAA@AEAV12@@Z 0000000180003ab0 f i attributebased_cd.obj
 0001:00002ae0       ??1_Sentry_base@?$basic_ostream@DU?$char_traits@D@std@@@std@@QEAA@XZ 0000000180003ae0 f i attributebased_cd.obj
 0001:00002b10       ?_Xlen@?$basic_string@DU?$char_traits@D@std@@V?$allocator@D@2@@std@@QEBAXXZ 0000000180003b10 f i attributebased_cd.obj
 0001:00002b30       ?max_size@?$allocator@H@std@@QEBA_KXZ 0000000180003b30 f i attributebased_cd.obj
 0001:00002b40       ??Y?$_Vector_const_iterator@V?$_Vector_val@HV?$allocator@H@std@@@std@@@std@@QEAAAEAV01@_J@Z 0000000180003b40 f i attributebased_cd.obj
 0001:00002b50       ?max_size@?$allocator@D@std@@QEBA_KXZ 0000000180003b50 f i attributebased_cd.obj
 0001:00002b60       ??$addressof@$$CBH@std@@YAPEBHAEBH@Z 0000000180003b60 f i attributebased_cd.obj
 0001:00002b70       ??$_Allocate@H@std@@YAPEAH_KPEAH@Z 0000000180003b70 f i attributebased_cd.obj
 0001:00002be0       ??$_Allocate@D@std@@YAPEAD_KPEAD@Z 0000000180003be0 f i attributebased_cd.obj
 0001:00002c40       ??0bad_alloc@std@@QEAA@AEBV01@@Z 0000000180003c40 f i attributebased_cd.obj
 0001:00002c70       ??$forward@AEAH@std@@YAAEAHAEAH@Z 0000000180003c70 f i attributebased_cd.obj
 0001:00002c80       ??$construct@AEAH@?$allocator@H@std@@QEAAXPEAHAEAH@Z 0000000180003c80 f i attributebased_cd.obj
 0001:00002c90       ??$forward@AEBH@std@@YAAEBHAEBH@Z 0000000180003c90 f i attributebased_cd.obj
 0001:00002ca0       ??$_Ptr_cat@HH@std@@YA?AU_Scalar_ptr_iterator_tag@0@PEAH0@Z 0000000180003ca0 f i attributebased_cd.obj
 0001:00002cb0       ??$_Move@PEAHPEAH@std@@YAPEAHPEAH00U_Scalar_ptr_iterator_tag@0@@Z 0000000180003cb0 f i attributebased_cd.obj
 0001:00002cf0       ??$_Destroy_range@V?$allocator@H@std@@@std@@YAXPEAH0AEAV?$allocator@H@0@U_Scalar_ptr_iterator_tag@0@@Z 0000000180003cf0 f i attributebased_cd.obj
 0001:00002d00       ??$_Construct@HAEBH@std@@YAXPEAHAEBH@Z 0000000180003d00 f i attributebased_cd.obj
 0001:00002d10       ??$_Ptr_cat@V?$_Vector_const_iterator@V?$_Vector_val@HV?$allocator@H@std@@@std@@@std@@PEAH@std@@YA?AU_Nonscalar_ptr_iterator_tag@0@AEAV?$_Vector_const_iterator@V?$_Vector_val@HV?$allocator@H@std@@@std@@@0@AEAPEAH@Z 0000000180003d10 f i attributebased_cd.obj
 0001:00002d20       ??$_Val_type@PEAH@std@@YAPEAHPEAH@Z 0000000180003d20 f i attributebased_cd.obj
 0001:00002d30       ??$_Uninit_move@HHH@std@@YAPEAHPEAH00AEAV?$allocator@H@0@0U_Scalar_ptr_iterator_tag@0@@Z 0000000180003d30 f i attributebased_cd.obj
 0001:00002d60       ??$_Destroy@H@std@@YAXPEAH@Z 0000000180003d60 f i attributebased_cd.obj
 0001:00002d70       ?setupUi@Ui_AttributeBased_cd@@QEAAXPEAVQWidget@@@Z 0000000180003d70 f i attributebased_cd.obj
 0001:00006900       ??_GQLabel@@UEAAPEAXI@Z    0000000180007900 f i attributebased_cd.obj
 0001:00006900       ??_EQLabel@@UEAAPEAXI@Z    0000000180007900 f i attributebased_cd.obj
 0001:00006930       ??_EQWidget@@UEAAPEAXI@Z   0000000180007930 f i attributebased_cd.obj
 0001:00006930       ??_GQWidget@@UEAAPEAXI@Z   0000000180007930 f i attributebased_cd.obj
 0001:00006960       ??_EQVBoxLayout@@UEAAPEAXI@Z 0000000180007960 f i attributebased_cd.obj
 0001:00006960       ??_GQVBoxLayout@@UEAAPEAXI@Z 0000000180007960 f i attributebased_cd.obj
 0001:00006990       ??_GQHBoxLayout@@UEAAPEAXI@Z 0000000180007990 f i attributebased_cd.obj
 0001:00006990       ??_EQHBoxLayout@@UEAAPEAXI@Z 0000000180007990 f i attributebased_cd.obj
 0001:000069c0       ??_GQRadioButton@@UEAAPEAXI@Z 00000001800079c0 f i attributebased_cd.obj
 0001:000069c0       ??_EQRadioButton@@UEAAPEAXI@Z 00000001800079c0 f i attributebased_cd.obj
 0001:000069f0       ??_EQLineEdit@@UEAAPEAXI@Z 00000001800079f0 f i attributebased_cd.obj
 0001:000069f0       ??_GQLineEdit@@UEAAPEAXI@Z 00000001800079f0 f i attributebased_cd.obj
 0001:00006a20       ??_EQPushButton@@UEAAPEAXI@Z 0000000180007a20 f i attributebased_cd.obj
 0001:00006a20       ??_GQPushButton@@UEAAPEAXI@Z 0000000180007a20 f i attributebased_cd.obj
 0001:00006a50       ??_GQSplitter@@UEAAPEAXI@Z 0000000180007a50 f i attributebased_cd.obj
 0001:00006a50       ??_EQSplitter@@UEAAPEAXI@Z 0000000180007a50 f i attributebased_cd.obj
 0001:00006a80       ??_GQTextBrowser@@UEAAPEAXI@Z 0000000180007a80 f i attributebased_cd.obj
 0001:00006a80       ??_EQTextBrowser@@UEAAPEAXI@Z 0000000180007a80 f i attributebased_cd.obj
 0001:00006ab0       ??_EQHBoxLayout@@WBA@EAAPEAXI@Z 0000000180007ab0 f i attributebased_cd.obj
 0001:00006ac0       ??_EQLabel@@WBA@EAAPEAXI@Z 0000000180007ac0 f i attributebased_cd.obj
 0001:00006ad0       ??_EQPushButton@@WBA@EAAPEAXI@Z 0000000180007ad0 f i attributebased_cd.obj
 0001:00006ae0       ??_EQSplitter@@WBA@EAAPEAXI@Z 0000000180007ae0 f i attributebased_cd.obj
 0001:00006af0       ??_EQLineEdit@@WBA@EAAPEAXI@Z 0000000180007af0 f i attributebased_cd.obj
 0001:00006b00       ??_EQWidget@@WBA@EAAPEAXI@Z 0000000180007b00 f i attributebased_cd.obj
 0001:00006b10       ??_EQRadioButton@@WBA@EAAPEAXI@Z 0000000180007b10 f i attributebased_cd.obj
 0001:00006b20       ??_EQTextBrowser@@WBA@EAAPEAXI@Z 0000000180007b20 f i attributebased_cd.obj
 0001:00006b30       ??_EQVBoxLayout@@WBA@EAAPEAXI@Z 0000000180007b30 f i attributebased_cd.obj
 0001:00006b40       ??D?$_Vector_iterator@V?$_Vector_val@HV?$allocator@H@std@@@std@@@std@@QEBAAEAHXZ 0000000180007b40 f i attributebased_cd.obj
 0001:00006b50       ??E?$_Vector_iterator@V?$_Vector_val@HV?$allocator@H@std@@@std@@@std@@QEAAAEAV01@XZ 0000000180007b50 f i attributebased_cd.obj
 0001:00006b60       ??0?$_String_val@DV?$allocator@D@std@@@std@@QEAA@V?$allocator@D@1@@Z 0000000180007b60 f i attributebased_cd.obj
 0001:00006b70       ?begin@?$vector@HV?$allocator@H@std@@@std@@QEBA?AV?$_Vector_const_iterator@V?$_Vector_val@HV?$allocator@H@std@@@std@@@2@XZ 0000000180007b70 f i attributebased_cd.obj
 0001:00006b80       ?end@?$vector@HV?$allocator@H@std@@@std@@QEBA?AV?$_Vector_const_iterator@V?$_Vector_val@HV?$allocator@H@std@@@std@@@2@XZ 0000000180007b80 f i attributebased_cd.obj
 0001:00006b90       ??0?$_Vector_val@HV?$allocator@H@std@@@std@@QEAA@V?$allocator@H@1@@Z 0000000180007b90 f i attributebased_cd.obj
 0001:00006bb0       ??0?$_Vector_iterator@V?$_Vector_val@HV?$allocator@H@std@@@std@@@std@@QEAA@PEAHPEBU_Container_base0@1@@Z 0000000180007bb0 f i attributebased_cd.obj
 0001:00006bc0       ??8?$_Vector_const_iterator@V?$_Vector_val@HV?$allocator@H@std@@@std@@@std@@QEBA_NAEBV01@@Z 0000000180007bc0 f i attributebased_cd.obj
 0001:00006bd0       ??0sentry@?$basic_ostream@DU?$char_traits@D@std@@@std@@QEAA@AEAV12@@Z 0000000180007bd0 f i attributebased_cd.obj
 0001:00006c50       ??1sentry@?$basic_ostream@DU?$char_traits@D@std@@@std@@QEAA@XZ 0000000180007c50 f i attributebased_cd.obj
 0001:00006ca0       ?_Eos@?$basic_string@DU?$char_traits@D@std@@V?$allocator@D@2@@std@@QEAAX_K@Z 0000000180007ca0 f i attributebased_cd.obj
 0001:00006cc0       ?_Inside@?$basic_string@DU?$char_traits@D@std@@V?$allocator@D@2@@std@@QEAA_NPEBD@Z 0000000180007cc0 f i attributebased_cd.obj
 0001:00006d00       ?max_size@?$vector@HV?$allocator@H@std@@@std@@QEBA_KXZ 0000000180007d00 f i attributebased_cd.obj
 0001:00006d10       ?_Grow_to@?$vector@HV?$allocator@H@std@@@std@@IEBA_K_K@Z 0000000180007d10 f i attributebased_cd.obj
 0001:00006d50       ?allocate@?$allocator@H@std@@QEAAPEAH_K@Z 0000000180007d50 f i attributebased_cd.obj
 0001:00006dc0       ??Y?$_Vector_iterator@V?$_Vector_val@HV?$allocator@H@std@@@std@@@std@@QEAAAEAV01@_J@Z 0000000180007dc0 f i attributebased_cd.obj
 0001:00006dd0       ?erase@?$basic_string@DU?$char_traits@D@std@@V?$allocator@D@2@@std@@QEAAAEAV12@_K0@Z 0000000180007dd0 f i attributebased_cd.obj
 0001:00006e70       ?max_size@?$basic_string@DU?$char_traits@D@std@@V?$allocator@D@2@@std@@QEBA_KXZ 0000000180007e70 f i attributebased_cd.obj
 0001:00006e80       ?allocate@?$allocator@D@std@@QEAAPEAD_K@Z 0000000180007e80 f i attributebased_cd.obj
 0001:00006ee0       ??$?6U?$char_traits@D@std@@@std@@YAAEAV?$basic_ostream@DU?$char_traits@D@std@@@0@AEAV10@PEBD@Z 0000000180007ee0 f i attributebased_cd.obj
 0001:000070b0       ??$_Cons_val@V?$allocator@H@std@@HAEAH@std@@YAXAEAV?$allocator@H@0@PEAHAEAH@Z 00000001800080b0 f i attributebased_cd.obj
 0001:000070c0       ??$_Move@PEAHPEAH@std@@YAPEAHPEAH00@Z 00000001800080c0 f i attributebased_cd.obj
 0001:00007100       ??$_Destroy_range@V?$allocator@H@std@@@std@@YAXPEAH0AEAV?$allocator@H@0@@Z 0000000180008100 f i attributebased_cd.obj
 0001:00007110       ?construct@?$allocator@H@std@@QEAAXPEAHAEBH@Z 0000000180008110 f i attributebased_cd.obj
 0001:00007120       ??$_Uninitialized_move@PEAHPEAHV?$allocator@H@std@@@std@@YAPEAHPEAH00AEAV?$allocator@H@0@@Z 0000000180008120 f i attributebased_cd.obj
 0001:00007150       ?destroy@?$allocator@H@std@@QEAAXPEAH@Z 0000000180008150 f i attributebased_cd.obj
 0001:00007160       ??0?$vector@HV?$allocator@H@std@@@std@@QEAA@XZ 0000000180008160 f i attributebased_cd.obj
 0001:00007180       ?begin@?$vector@HV?$allocator@H@std@@@std@@QEAA?AV?$_Vector_iterator@V?$_Vector_val@HV?$allocator@H@std@@@std@@@2@XZ 0000000180008180 f i attributebased_cd.obj
 0001:00007190       ?end@?$vector@HV?$allocator@H@std@@@std@@QEAA?AV?$_Vector_iterator@V?$_Vector_val@HV?$allocator@H@std@@@std@@@2@XZ 0000000180008190 f i attributebased_cd.obj
 0001:000071a0       ??9?$_Vector_const_iterator@V?$_Vector_val@HV?$allocator@H@std@@@std@@@std@@QEBA_NAEBV01@@Z 00000001800081a0 f i attributebased_cd.obj
 0001:000071b0       ?_Tidy@?$basic_string@DU?$char_traits@D@std@@V?$allocator@D@2@@std@@QEAAX_N_K@Z 00000001800081b0 f i attributebased_cd.obj
 0001:00007210       ?_Make_iter@?$vector@HV?$allocator@H@std@@@std@@QEBA?AV?$_Vector_iterator@V?$_Vector_val@HV?$allocator@H@std@@@std@@@2@V?$_Vector_const_iterator@V?$_Vector_val@HV?$allocator@H@std@@@std@@@2@@Z 0000000180008210 f i attributebased_cd.obj
 0001:00007220       ?_Buy@?$vector@HV?$allocator@H@std@@@std@@IEAA_N_K@Z 0000000180008220 f i attributebased_cd.obj
 0001:00007290       ?_Destroy@?$vector@HV?$allocator@H@std@@@std@@IEAAXPEAH0@Z 0000000180008290 f i attributebased_cd.obj
 0001:000072a0       ?_Tidy@?$vector@HV?$allocator@H@std@@@std@@IEAAXXZ 00000001800082a0 f i attributebased_cd.obj
 0001:000072d0       ??Z?$_Vector_iterator@V?$_Vector_val@HV?$allocator@H@std@@@std@@@std@@QEAAAEAV01@_J@Z 00000001800082d0 f i attributebased_cd.obj
 0001:000072e0       ?_Copy@?$basic_string@DU?$char_traits@D@std@@V?$allocator@D@2@@std@@QEAAX_K0@Z 00000001800082e0 f i attributebased_cd.obj
 0001:00007420       ??$_Cons_val@V?$allocator@H@std@@HAEBH@std@@YAXAEAV?$allocator@H@0@PEAHAEBH@Z 0000000180008420 f i attributebased_cd.obj
 0001:00007430       ??$_Umove@PEAH@?$vector@HV?$allocator@H@std@@@std@@IEAAPEAHPEAH00@Z 0000000180008430 f i attributebased_cd.obj
 0001:00007460       ??$_Dest_val@V?$allocator@H@std@@H@std@@YAXAEAV?$allocator@H@0@PEAH@Z 0000000180008460 f i attributebased_cd.obj
 0001:00007470       ??0?$basic_string@DU?$char_traits@D@std@@V?$allocator@D@2@@std@@QEAA@XZ 0000000180008470 f i attributebased_cd.obj
 0001:00007490       ??1?$basic_string@DU?$char_traits@D@std@@V?$allocator@D@2@@std@@QEAA@XZ 0000000180008490 f i attributebased_cd.obj
 0001:000074d0       ??1?$vector@HV?$allocator@H@std@@@std@@QEAA@XZ 00000001800084d0 f i attributebased_cd.obj
 0001:00007500       ?erase@?$vector@HV?$allocator@H@std@@@std@@QEAA?AV?$_Vector_iterator@V?$_Vector_val@HV?$allocator@H@std@@@std@@@2@V?$_Vector_const_iterator@V?$_Vector_val@HV?$allocator@H@std@@@std@@@2@0@Z 0000000180008500 f i attributebased_cd.obj
 0001:00007570       ?clear@?$vector@HV?$allocator@H@std@@@std@@QEAAXXZ 0000000180008570 f i attributebased_cd.obj
 0001:000075d0       ??G?$_Vector_iterator@V?$_Vector_val@HV?$allocator@H@std@@@std@@@std@@QEBA?AV01@_J@Z 00000001800085d0 f i attributebased_cd.obj
 0001:000075e0       ?_Grow@?$basic_string@DU?$char_traits@D@std@@V?$allocator@D@2@@std@@QEAA_N_K_N@Z 00000001800085e0 f i attributebased_cd.obj
 0001:000076b0       ?reserve@?$vector@HV?$allocator@H@std@@@std@@QEAAX_K@Z 00000001800086b0 f i attributebased_cd.obj
 0001:00007770       ??$_Uninit_copy@V?$_Vector_const_iterator@V?$_Vector_val@HV?$allocator@H@std@@@std@@@std@@PEAHV?$allocator@H@2@@std@@YAPEAHV?$_Vector_const_iterator@V?$_Vector_val@HV?$allocator@H@std@@@std@@@0@0PEAHAEAV?$allocator@H@0@U_Nonscalar_ptr_iterator_tag@0@@Z 0000000180008770 f i attributebased_cd.obj
 0001:000077b0       ??1AttributeBased_cd@@UEAA@XZ 00000001800087b0 f   attributebased_cd.obj
 0001:000079c0       ??_EAttributeBased_cd@@WBA@EAAPEAXI@Z 00000001800089c0 f i attributebased_cd.obj
 0001:000079d0       ?_Reserve@?$vector@HV?$allocator@H@std@@@std@@IEAAX_K@Z 00000001800089d0 f i attributebased_cd.obj
 0001:00007a50       ?assign@?$basic_string@DU?$char_traits@D@std@@V?$allocator@D@2@@std@@QEAAAEAV12@AEBV12@_K1@Z 0000000180008a50 f i attributebased_cd.obj
 0001:00007b60       ??$_Uninitialized_copy@V?$_Vector_const_iterator@V?$_Vector_val@HV?$allocator@H@std@@@std@@@std@@PEAHV?$allocator@H@2@@std@@YAPEAHV?$_Vector_const_iterator@V?$_Vector_val@HV?$allocator@H@std@@@std@@@0@0PEAHAEAV?$allocator@H@0@@Z 0000000180008b60 f i attributebased_cd.obj
 0001:00007b80       ??_GAttributeBased_cd@@UEAAPEAXI@Z 0000000180008b80 f i attributebased_cd.obj
 0001:00007b80       ??_EAttributeBased_cd@@UEAAPEAXI@Z 0000000180008b80 f i attributebased_cd.obj
 0001:00007bb0       ?push_back@?$vector@HV?$allocator@H@std@@@std@@QEAAXAEBH@Z 0000000180008bb0 f i attributebased_cd.obj
 0001:00007c40       ?assign@?$basic_string@DU?$char_traits@D@std@@V?$allocator@D@2@@std@@QEAAAEAV12@PEBD_K@Z 0000000180008c40 f i attributebased_cd.obj
 0001:00007d70       ?assign@?$basic_string@DU?$char_traits@D@std@@V?$allocator@D@2@@std@@QEAAAEAV12@PEBD@Z 0000000180008d70 f i attributebased_cd.obj
 0001:00007da0       ??$_Ucopy@V?$_Vector_const_iterator@V?$_Vector_val@HV?$allocator@H@std@@@std@@@std@@@?$vector@HV?$allocator@H@std@@@std@@IEAAPEAHV?$_Vector_const_iterator@V?$_Vector_val@HV?$allocator@H@std@@@std@@@1@0PEAH@Z 0000000180008da0 f i attributebased_cd.obj
 0001:00007de0       ?on_radioButton_clicked@AttributeBased_cd@@AEAAXXZ 0000000180008de0 f   attributebased_cd.obj
 0001:00008fe0       ?on_radioButton_2_clicked@AttributeBased_cd@@AEAAXXZ 0000000180009fe0 f   attributebased_cd.obj
 0001:00009f60       ??4?$basic_string@DU?$char_traits@D@std@@V?$allocator@D@2@@std@@QEAAAEAV01@PEBD@Z 000000018000af60 f i attributebased_cd.obj
 0001:00009f90       ??0?$vector@HV?$allocator@H@std@@@std@@QEAA@AEBV01@@Z 000000018000af90 f i attributebased_cd.obj
 0001:0000a060       ??0AttributeBased_cd@@QEAA@HHPEAPEAH00PEAPEAPEAH1VImage@@2HPEAVQWidget@@@Z 000000018000b060 f   attributebased_cd.obj
 0001:0000b310       ?on_radioButton_3_clicked@AttributeBased_cd@@AEAAXXZ 000000018000c310 f   attributebased_cd.obj
 0001:0000b500       ?on_radioButton_4_clicked@AttributeBased_cd@@AEAAXXZ 000000018000c500 f   attributebased_cd.obj
 0001:0000b740       ?on_radioButton_5_clicked@AttributeBased_cd@@AEAAXXZ 000000018000c740 f   attributebased_cd.obj
 0001:0000b980       ?on_pushButton_clicked@AttributeBased_cd@@AEAAXXZ 000000018000c980 f   attributebased_cd.obj
 0001:0000bc00       ?on_radioButton_6_clicked@AttributeBased_cd@@AEAAXXZ 000000018000cc00 f   attributebased_cd.obj
 0001:0000bdf0       ?on_radioButton_7_clicked@AttributeBased_cd@@AEAAXXZ 000000018000cdf0 f   attributebased_cd.obj
 0001:0000bfe0       ?on_radioButton_8_clicked@AttributeBased_cd@@AEAAXXZ 000000018000cfe0 f   attributebased_cd.obj
 0001:0000c1d0       ?on_radioButton_9_clicked@AttributeBased_cd@@AEAAXXZ 000000018000d1d0 f   attributebased_cd.obj
 0001:0000c410       ?on_radioButton_10_clicked@AttributeBased_cd@@AEAAXXZ 000000018000d410 f   attributebased_cd.obj
 0001:0000c650       ?on_radioButton_11_clicked@AttributeBased_cd@@AEAAXXZ 000000018000d650 f   attributebased_cd.obj
 0001:0000c890       ?on_radioButton_12_clicked@AttributeBased_cd@@AEAAXXZ 000000018000d890 f   attributebased_cd.obj
 0001:0000ca80       ?on_radioButton_13_clicked@AttributeBased_cd@@AEAAXXZ 000000018000da80 f   attributebased_cd.obj
 0001:0000ccc0       ?on_radioButton_14_clicked@AttributeBased_cd@@AEAAXXZ 000000018000dcc0 f   attributebased_cd.obj
 0001:0000cf00       ?on_radioButton_15_clicked@AttributeBased_cd@@AEAAXXZ 000000018000df00 f   attributebased_cd.obj
 0001:0000d140       ?on_radioButton_16_clicked@AttributeBased_cd@@AEAAXXZ 000000018000e140 f   attributebased_cd.obj
 0001:0000d380       ??0PlugInFactory@@QEAA@XZ  000000018000e380 f i changeDetection.obj
 0001:0000d390       ??1PlugInFactory@@UEAA@XZ  000000018000e390 f i changeDetection.obj
 0001:0000d3a0       ??_GPlugInFactory@@UEAAPEAXI@Z 000000018000e3a0 f i changeDetection.obj
 0001:0000d3a0       ??_EPlugInFactory@@UEAAPEAXI@Z 000000018000e3a0 f i changeDetection.obj
 0001:0000d3d0       ??1changeDetection@@UEAA@XZ 000000018000e3d0 f   changeDetection.obj
 0001:0000d420       ?getWidget@changeDetection@@MEBAPEAVQWidget@@XZ 000000018000e420 f   changeDetection.obj
 0001:0000d430       ?dialogClosed@changeDetection@@IEAAXXZ 000000018000e430 f   changeDetection.obj
 0001:0000d440       ??C?$Service@VDesktopServices@@@@QEBAPEAVDesktopServices@@XZ 000000018000e440 f i changeDetection.obj
 0001:0000d450       ?capacity@?$vector@V?$basic_string@DU?$char_traits@D@std@@V?$allocator@D@2@@std@@V?$allocator@V?$basic_string@DU?$char_traits@D@std@@V?$allocator@D@2@@std@@@2@@std@@QEBA_KXZ 000000018000e450 f i changeDetection.obj
 0001:0000d480       ?size@?$vector@V?$basic_string@DU?$char_traits@D@std@@V?$allocator@D@2@@std@@V?$allocator@V?$basic_string@DU?$char_traits@D@std@@V?$allocator@D@2@@std@@@2@@std@@QEBA_KXZ 000000018000e480 f i changeDetection.obj
 0001:0000d4b0       ?_Inside@?$vector@V?$basic_string@DU?$char_traits@D@std@@V?$allocator@D@2@@std@@V?$allocator@V?$basic_string@DU?$char_traits@D@std@@V?$allocator@D@2@@std@@@2@@std@@IEBA_NPEBV?$basic_string@DU?$char_traits@D@std@@V?$allocator@D@2@@2@@Z 000000018000e4b0 f i changeDetection.obj
 0001:0000d4d0       ?_Orphan_range@?$vector@V?$basic_string@DU?$char_traits@D@std@@V?$allocator@D@2@@std@@V?$allocator@V?$basic_string@DU?$char_traits@D@std@@V?$allocator@D@2@@std@@@2@@std@@IEBAXPEAV?$basic_string@DU?$char_traits@D@std@@V?$allocator@D@2@@2@0@Z 000000018000e4d0 f i changeDetection.obj
 0001:0000d4e0       ??1?$_Vector_val@V?$basic_string@DU?$char_traits@D@std@@V?$allocator@D@2@@std@@V?$allocator@V?$basic_string@DU?$char_traits@D@std@@V?$allocator@D@2@@std@@@2@@std@@QEAA@XZ 000000018000e4e0 f i changeDetection.obj
 0001:0000d4f0       ??0?$allocator@V?$basic_string@DU?$char_traits@D@std@@V?$allocator@D@2@@std@@@std@@QEAA@XZ 000000018000e4f0 f i changeDetection.obj
 0001:0000d500       ??0?$allocator@V?$basic_string@DU?$char_traits@D@std@@V?$allocator@D@2@@std@@@std@@QEAA@AEBV01@@Z 000000018000e500 f i changeDetection.obj
 0001:0000d510       ?deallocate@?$allocator@V?$basic_string@DU?$char_traits@D@std@@V?$allocator@D@2@@std@@@std@@QEAAXPEAV?$basic_string@DU?$char_traits@D@std@@V?$allocator@D@2@@2@_K@Z 000000018000e510 f i changeDetection.obj
 0001:0000d520       ?get_allocator@?$basic_string@DU?$char_traits@D@std@@V?$allocator@D@2@@std@@QEBA?AV?$allocator@D@2@XZ 000000018000e520 f i changeDetection.obj
 0001:0000d530       ?_Xlen@?$vector@V?$basic_string@DU?$char_traits@D@std@@V?$allocator@D@2@@std@@V?$allocator@V?$basic_string@DU?$char_traits@D@std@@V?$allocator@D@2@@std@@@2@@std@@IEBAXXZ 000000018000e530 f i changeDetection.obj
 0001:0000d550       ?max_size@?$allocator@V?$basic_string@DU?$char_traits@D@std@@V?$allocator@D@2@@std@@@std@@QEBA_KXZ 000000018000e550 f i changeDetection.obj
 0001:0000d560       ??$forward@V?$allocator@D@std@@@std@@YA$$QEAV?$allocator@D@0@AEAV10@@Z 000000018000e560 f i changeDetection.obj
 0001:0000d570       ??$forward@V?$basic_string@DU?$char_traits@D@std@@V?$allocator@D@2@@std@@@std@@YA$$QEAV?$basic_string@DU?$char_traits@D@std@@V?$allocator@D@2@@0@AEAV10@@Z 000000018000e570 f i changeDetection.obj
 0001:0000d580       ??$addressof@$$CBV?$basic_string@DU?$char_traits@D@std@@V?$allocator@D@2@@std@@@std@@YAPEBV?$basic_string@DU?$char_traits@D@std@@V?$allocator@D@2@@0@AEBV10@@Z 000000018000e580 f i changeDetection.obj
 0001:0000d590       ??$_Allocate@V?$basic_string@DU?$char_traits@D@std@@V?$allocator@D@2@@std@@@std@@YAPEAV?$basic_string@DU?$char_traits@D@std@@V?$allocator@D@2@@0@_KPEAV10@@Z 000000018000e590 f i changeDetection.obj
 0001:0000d600       ??$_Ptr_cat@V?$basic_string@DU?$char_traits@D@std@@V?$allocator@D@2@@std@@V12@@std@@YA?AU_Nonscalar_ptr_iterator_tag@0@PEAV?$basic_string@DU?$char_traits@D@std@@V?$allocator@D@2@@0@0@Z 000000018000e600 f i changeDetection.obj
 0001:0000d610       ??$forward@AEAV?$basic_string@DU?$char_traits@D@std@@V?$allocator@D@2@@std@@@std@@YAAEAV?$basic_string@DU?$char_traits@D@std@@V?$allocator@D@2@@0@AEAV10@@Z 000000018000e610 f i changeDetection.obj
 0001:0000d620       ??$forward@AEBV?$basic_string@DU?$char_traits@D@std@@V?$allocator@D@2@@std@@@std@@YAAEBV?$basic_string@DU?$char_traits@D@std@@V?$allocator@D@2@@0@AEBV10@@Z 000000018000e620 f i changeDetection.obj
 0001:0000d630       ??$?8DD@std@@YA_NAEBV?$allocator@D@0@0@Z 000000018000e630 f i changeDetection.obj
 0001:0000d640       ??$_Val_type@PEAV?$basic_string@DU?$char_traits@D@std@@V?$allocator@D@2@@std@@@std@@YAPEAV?$basic_string@DU?$char_traits@D@std@@V?$allocator@D@2@@0@PEAV10@@Z 000000018000e640 f i changeDetection.obj
 0001:0000d650       ??_EchangeDetection@@WBI@EAAPEAXI@Z 000000018000e650 f i changeDetection.obj
 0001:0000d660       ??_EchangeDetection@@WBA@EAAPEAXI@Z 000000018000e660 f i changeDetection.obj
 0001:0000d670       ??_GchangeDetection@@UEAAPEAXI@Z 000000018000e670 f i changeDetection.obj
 0001:0000d670       ??_EchangeDetection@@UEAAPEAXI@Z 000000018000e670 f i changeDetection.obj
 0001:0000d6e0       ?execute@changeDetection@@UEAA_NPEAVPlugInArgList@@0@Z 000000018000e6e0 f   changeDetection.obj
 0001:0000d7a0       ??0?$_Vector_val@V?$basic_string@DU?$char_traits@D@std@@V?$allocator@D@2@@std@@V?$allocator@V?$basic_string@DU?$char_traits@D@std@@V?$allocator@D@2@@std@@@2@@std@@QEAA@V?$allocator@V?$basic_string@DU?$char_traits@D@std@@V?$allocator@D@2@@std@@@1@@Z 000000018000e7a0 f i changeDetection.obj
 0001:0000d7c0       ?max_size@?$vector@V?$basic_string@DU?$char_traits@D@std@@V?$allocator@D@2@@std@@V?$allocator@V?$basic_string@DU?$char_traits@D@std@@V?$allocator@D@2@@std@@@2@@std@@QEBA_KXZ 000000018000e7c0 f i changeDetection.obj
 0001:0000d7d0       ?_Grow_to@?$vector@V?$basic_string@DU?$char_traits@D@std@@V?$allocator@D@2@@std@@V?$allocator@V?$basic_string@DU?$char_traits@D@std@@V?$allocator@D@2@@std@@@2@@std@@IEBA_K_K@Z 000000018000e7d0 f i changeDetection.obj
 0001:0000d830       ?allocate@?$allocator@V?$basic_string@DU?$char_traits@D@std@@V?$allocator@D@2@@std@@@std@@QEAAPEAV?$basic_string@DU?$char_traits@D@std@@V?$allocator@D@2@@2@_K@Z 000000018000e830 f i changeDetection.obj
 0001:0000d8a0       ??$?9DD@std@@YA_NAEBV?$allocator@D@0@0@Z 000000018000e8a0 f i changeDetection.obj
 0001:0000d8b0       ??0?$vector@V?$basic_string@DU?$char_traits@D@std@@V?$allocator@D@2@@std@@V?$allocator@V?$basic_string@DU?$char_traits@D@std@@V?$allocator@D@2@@std@@@2@@std@@QEAA@XZ 000000018000e8b0 f i changeDetection.obj
 0001:0000d8d0       ??_G?$basic_string@DU?$char_traits@D@std@@V?$allocator@D@2@@std@@QEAAPEAXI@Z 000000018000e8d0 f i changeDetection.obj
 0001:0000d920       ??$_Destroy@V?$basic_string@DU?$char_traits@D@std@@V?$allocator@D@2@@std@@@std@@YAXPEAV?$basic_string@DU?$char_traits@D@std@@V?$allocator@D@2@@0@@Z 000000018000e920 f i changeDetection.obj
 0001:0000d960       ?destroy@?$allocator@V?$basic_string@DU?$char_traits@D@std@@V?$allocator@D@2@@std@@@std@@QEAAXPEAV?$basic_string@DU?$char_traits@D@std@@V?$allocator@D@2@@2@@Z 000000018000e960 f i changeDetection.obj
 0001:0000d9a0       ??0?$basic_string@DU?$char_traits@D@std@@V?$allocator@D@2@@std@@QEAA@AEBV01@@Z 000000018000e9a0 f i changeDetection.obj
 0001:0000d9e0       ??0?$basic_string@DU?$char_traits@D@std@@V?$allocator@D@2@@std@@QEAA@PEBD@Z 000000018000e9e0 f i changeDetection.obj
 0001:0000da30       ?assign@?$basic_string@DU?$char_traits@D@std@@V?$allocator@D@2@@std@@QEAAAEAV12@AEBV12@@Z 000000018000ea30 f i changeDetection.obj
 0001:0000da40       ??$construct@AEAV?$basic_string@DU?$char_traits@D@std@@V?$allocator@D@2@@std@@@?$allocator@V?$basic_string@DU?$char_traits@D@std@@V?$allocator@D@2@@std@@@std@@QEAAXPEAV?$basic_string@DU?$char_traits@D@std@@V?$allocator@D@2@@1@AEAV21@@Z 000000018000ea40 f i changeDetection.obj
 0001:0000da90       ??$_Construct@V?$basic_string@DU?$char_traits@D@std@@V?$allocator@D@2@@std@@AEBV12@@std@@YAXPEAV?$basic_string@DU?$char_traits@D@std@@V?$allocator@D@2@@0@AEBV10@@Z 000000018000ea90 f i changeDetection.obj
 0001:0000dae0       ??$_Dest_val@V?$allocator@V?$basic_string@DU?$char_traits@D@std@@V?$allocator@D@2@@std@@@std@@V?$basic_string@DU?$char_traits@D@std@@V?$allocator@D@2@@2@@std@@YAXAEAV?$allocator@V?$basic_string@DU?$char_traits@D@std@@V?$allocator@D@2@@std@@@0@PEAV?$basic_string@DU?$char_traits@D@std@@V?$allocator@D@2@@0@@Z 000000018000eae0 f i changeDetection.obj
 0001:0000db20       ??0changeDetection@@QEAA@XZ 000000018000eb20 f   changeDetection.obj
 0001:0000dde0       ??4?$basic_string@DU?$char_traits@D@std@@V?$allocator@D@2@@std@@QEAAAEAV01@AEBV01@@Z 000000018000ede0 f i changeDetection.obj
 0001:0000ddf0       ?assign@?$basic_string@DU?$char_traits@D@std@@V?$allocator@D@2@@std@@QEAAAEAV12@$$QEAV12@@Z 000000018000edf0 f i changeDetection.obj
 0001:0000de80       ??$_Cons_val@V?$allocator@V?$basic_string@DU?$char_traits@D@std@@V?$allocator@D@2@@std@@@std@@V?$basic_string@DU?$char_traits@D@std@@V?$allocator@D@2@@2@AEAV32@@std@@YAXAEAV?$allocator@V?$basic_string@DU?$char_traits@D@std@@V?$allocator@D@2@@std@@@0@PEAV?$basic_string@DU?$char_traits@D@std@@V?$allocator@D@2@@0@AEAV20@@Z 000000018000ee80 f i changeDetection.obj
 0001:0000ded0       ?construct@?$allocator@V?$basic_string@DU?$char_traits@D@std@@V?$allocator@D@2@@std@@@std@@QEAAXPEAV?$basic_string@DU?$char_traits@D@std@@V?$allocator@D@2@@2@AEBV32@@Z 000000018000eed0 f i changeDetection.obj
 0001:0000df20       ??$_Destroy_range@V?$allocator@V?$basic_string@DU?$char_traits@D@std@@V?$allocator@D@2@@std@@@std@@@std@@YAXPEAV?$basic_string@DU?$char_traits@D@std@@V?$allocator@D@2@@0@0AEAV?$allocator@V?$basic_string@DU?$char_traits@D@std@@V?$allocator@D@2@@std@@@0@U_Nonscalar_ptr_iterator_tag@0@@Z 000000018000ef20 f i changeDetection.obj
 0001:0000df80       ??0?$basic_string@DU?$char_traits@D@std@@V?$allocator@D@2@@std@@QEAA@$$QEAV01@@Z 000000018000ef80 f i changeDetection.obj
 0001:0000dfb0       ??$_Cons_val@V?$allocator@V?$basic_string@DU?$char_traits@D@std@@V?$allocator@D@2@@std@@@std@@V?$basic_string@DU?$char_traits@D@std@@V?$allocator@D@2@@2@AEBV32@@std@@YAXAEAV?$allocator@V?$basic_string@DU?$char_traits@D@std@@V?$allocator@D@2@@std@@@0@PEAV?$basic_string@DU?$char_traits@D@std@@V?$allocator@D@2@@0@AEBV20@@Z 000000018000efb0 f i changeDetection.obj
 0001:0000e000       ??$_Destroy_range@V?$allocator@V?$basic_string@DU?$char_traits@D@std@@V?$allocator@D@2@@std@@@std@@@std@@YAXPEAV?$basic_string@DU?$char_traits@D@std@@V?$allocator@D@2@@0@0AEAV?$allocator@V?$basic_string@DU?$char_traits@D@std@@V?$allocator@D@2@@std@@@0@@Z 000000018000f000 f i changeDetection.obj
 0001:0000e060       ?construct@?$allocator@V?$basic_string@DU?$char_traits@D@std@@V?$allocator@D@2@@std@@@std@@QEAAXPEAV?$basic_string@DU?$char_traits@D@std@@V?$allocator@D@2@@2@$$QEAV32@@Z 000000018000f060 f i changeDetection.obj
 0001:0000e0b0       ?_Destroy@?$vector@V?$basic_string@DU?$char_traits@D@std@@V?$allocator@D@2@@std@@V?$allocator@V?$basic_string@DU?$char_traits@D@std@@V?$allocator@D@2@@std@@@2@@std@@IEAAXPEAV?$basic_string@DU?$char_traits@D@std@@V?$allocator@D@2@@2@0@Z 000000018000f0b0 f i changeDetection.obj
 0001:0000e110       ?_Tidy@?$vector@V?$basic_string@DU?$char_traits@D@std@@V?$allocator@D@2@@std@@V?$allocator@V?$basic_string@DU?$char_traits@D@std@@V?$allocator@D@2@@std@@@2@@std@@IEAAXXZ 000000018000f110 f i changeDetection.obj
 0001:0000e190       ??$_Cons_val@V?$allocator@V?$basic_string@DU?$char_traits@D@std@@V?$allocator@D@2@@std@@@std@@V?$basic_string@DU?$char_traits@D@std@@V?$allocator@D@2@@2@V32@@std@@YAXAEAV?$allocator@V?$basic_string@DU?$char_traits@D@std@@V?$allocator@D@2@@std@@@0@PEAV?$basic_string@DU?$char_traits@D@std@@V?$allocator@D@2@@0@$$QEAV20@@Z 000000018000f190 f i changeDetection.obj
 0001:0000e1e0       ??$_Uninit_move@PEAV?$basic_string@DU?$char_traits@D@std@@V?$allocator@D@2@@std@@PEAV12@V?$allocator@V?$basic_string@DU?$char_traits@D@std@@V?$allocator@D@2@@std@@@2@V12@@std@@YAPEAV?$basic_string@DU?$char_traits@D@std@@V?$allocator@D@2@@0@PEAV10@00AEAV?$allocator@V?$basic_string@DU?$char_traits@D@std@@V?$allocator@D@2@@std@@@0@0U_Nonscalar_ptr_iterator_tag@0@@Z 000000018000f1e0 f i changeDetection.obj
 0001:0000e260       ??1?$vector@V?$basic_string@DU?$char_traits@D@std@@V?$allocator@D@2@@std@@V?$allocator@V?$basic_string@DU?$char_traits@D@std@@V?$allocator@D@2@@std@@@2@@std@@QEAA@XZ 000000018000f260 f i changeDetection.obj
 0001:0000e270       ??$_Uninitialized_move@PEAV?$basic_string@DU?$char_traits@D@std@@V?$allocator@D@2@@std@@PEAV12@V?$allocator@V?$basic_string@DU?$char_traits@D@std@@V?$allocator@D@2@@std@@@2@@std@@YAPEAV?$basic_string@DU?$char_traits@D@std@@V?$allocator@D@2@@0@PEAV10@00AEAV?$allocator@V?$basic_string@DU?$char_traits@D@std@@V?$allocator@D@2@@std@@@0@@Z 000000018000f270 f i changeDetection.obj
 0001:0000e290       ??1BasicPlugInFactory@@UEAA@XZ 000000018000f290 f i changeDetection.obj
 0001:0000e2c0       ??0?$_Vector_const_iterator@V?$_Vector_val@V?$basic_string@DU?$char_traits@D@std@@V?$allocator@D@2@@std@@V?$allocator@V?$basic_string@DU?$char_traits@D@std@@V?$allocator@D@2@@std@@@2@@std@@@std@@QEAA@PEAV?$basic_string@DU?$char_traits@D@std@@V?$allocator@D@2@@1@PEBU_Container_base0@1@@Z 000000018000f2c0 f i changeDetection.obj
 0001:0000e2d0       ??D?$_Vector_const_iterator@V?$_Vector_val@V?$basic_string@DU?$char_traits@D@std@@V?$allocator@D@2@@std@@V?$allocator@V?$basic_string@DU?$char_traits@D@std@@V?$allocator@D@2@@std@@@2@@std@@@std@@QEBAAEBV?$basic_string@DU?$char_traits@D@std@@V?$allocator@D@2@@1@XZ 000000018000f2d0 f i changeDetection.obj
 0001:0000e2e0       ??E?$_Vector_const_iterator@V?$_Vector_val@V?$basic_string@DU?$char_traits@D@std@@V?$allocator@D@2@@std@@V?$allocator@V?$basic_string@DU?$char_traits@D@std@@V?$allocator@D@2@@std@@@2@@std@@@std@@QEAAAEAV01@XZ 000000018000f2e0 f i changeDetection.obj
 0001:0000e2f0       ?_Compat@?$_Vector_const_iterator@V?$_Vector_val@V?$basic_string@DU?$char_traits@D@std@@V?$allocator@D@2@@std@@V?$allocator@V?$basic_string@DU?$char_traits@D@std@@V?$allocator@D@2@@std@@@2@@std@@@std@@QEBAXAEBV12@@Z 000000018000f2f0 f i changeDetection.obj
 0001:0000e300       ??$_Ptr_cat@V?$_Vector_const_iterator@V?$_Vector_val@V?$basic_string@DU?$char_traits@D@std@@V?$allocator@D@2@@std@@V?$allocator@V?$basic_string@DU?$char_traits@D@std@@V?$allocator@D@2@@std@@@2@@std@@@std@@PEAV?$basic_string@DU?$char_traits@D@std@@V?$allocator@D@2@@2@@std@@YA?AU_Nonscalar_ptr_iterator_tag@0@AEAV?$_Vector_const_iterator@V?$_Vector_val@V?$basic_string@DU?$char_traits@D@std@@V?$allocator@D@2@@std@@V?$allocator@V?$basic_string@DU?$char_traits@D@std@@V?$allocator@D@2@@std@@@2@@std@@@0@AEAPEAV?$basic_string@DU?$char_traits@D@std@@V?$allocator@D@2@@0@@Z 000000018000f300 f i changeDetection.obj
 0001:0000e310       ?begin@?$vector@V?$basic_string@DU?$char_traits@D@std@@V?$allocator@D@2@@std@@V?$allocator@V?$basic_string@DU?$char_traits@D@std@@V?$allocator@D@2@@std@@@2@@std@@QEBA?AV?$_Vector_const_iterator@V?$_Vector_val@V?$basic_string@DU?$char_traits@D@std@@V?$allocator@D@2@@std@@V?$allocator@V?$basic_string@DU?$char_traits@D@std@@V?$allocator@D@2@@std@@@2@@std@@@2@XZ 000000018000f310 f i changeDetection.obj
 0001:0000e320       ?end@?$vector@V?$basic_string@DU?$char_traits@D@std@@V?$allocator@D@2@@std@@V?$allocator@V?$basic_string@DU?$char_traits@D@std@@V?$allocator@D@2@@std@@@2@@std@@QEBA?AV?$_Vector_const_iterator@V?$_Vector_val@V?$basic_string@DU?$char_traits@D@std@@V?$allocator@D@2@@std@@V?$allocator@V?$basic_string@DU?$char_traits@D@std@@V?$allocator@D@2@@std@@@2@@std@@@2@XZ 000000018000f320 f i changeDetection.obj
 0001:0000e330       ??8?$_Vector_const_iterator@V?$_Vector_val@V?$basic_string@DU?$char_traits@D@std@@V?$allocator@D@2@@std@@V?$allocator@V?$basic_string@DU?$char_traits@D@std@@V?$allocator@D@2@@std@@@2@@std@@@std@@QEBA_NAEBV01@@Z 000000018000f330 f i changeDetection.obj
 0001:0000e340       ?_Buy@?$vector@V?$basic_string@DU?$char_traits@D@std@@V?$allocator@D@2@@std@@V?$allocator@V?$basic_string@DU?$char_traits@D@std@@V?$allocator@D@2@@std@@@2@@std@@IEAA_N_K@Z 000000018000f340 f i changeDetection.obj
 0001:0000e3b0       ??9?$_Vector_const_iterator@V?$_Vector_val@V?$basic_string@DU?$char_traits@D@std@@V?$allocator@D@2@@std@@V?$allocator@V?$basic_string@DU?$char_traits@D@std@@V?$allocator@D@2@@std@@@2@@std@@@std@@QEBA_NAEBV01@@Z 000000018000f3b0 f i changeDetection.obj
 0001:0000e3c0       ??$_Uninit_copy@V?$_Vector_const_iterator@V?$_Vector_val@V?$basic_string@DU?$char_traits@D@std@@V?$allocator@D@2@@std@@V?$allocator@V?$basic_string@DU?$char_traits@D@std@@V?$allocator@D@2@@std@@@2@@std@@@std@@PEAV?$basic_string@DU?$char_traits@D@std@@V?$allocator@D@2@@2@V?$allocator@V?$basic_string@DU?$char_traits@D@std@@V?$allocator@D@2@@std@@@2@@std@@YAPEAV?$basic_string@DU?$char_traits@D@std@@V?$allocator@D@2@@0@V?$_Vector_const_iterator@V?$_Vector_val@V?$basic_string@DU?$char_traits@D@std@@V?$allocator@D@2@@std@@V?$allocator@V?$basic_string@DU?$char_traits@D@std@@V?$allocator@D@2@@std@@@2@@std@@@0@0PEAV10@AEAV?$allocator@V?$basic_string@DU?$char_traits@D@std@@V?$allocator@D@2@@std@@@0@U_Nonscalar_ptr_iterator_tag@0@@Z 000000018000f3c0 f i changeDetection.obj
 0001:0000e450       ??$_Uninitialized_copy@V?$_Vector_const_iterator@V?$_Vector_val@V?$basic_string@DU?$char_traits@D@std@@V?$allocator@D@2@@std@@V?$allocator@V?$basic_string@DU?$char_traits@D@std@@V?$allocator@D@2@@std@@@2@@std@@@std@@PEAV?$basic_string@DU?$char_traits@D@std@@V?$allocator@D@2@@2@V?$allocator@V?$basic_string@DU?$char_traits@D@std@@V?$allocator@D@2@@std@@@2@@std@@YAPEAV?$basic_string@DU?$char_traits@D@std@@V?$allocator@D@2@@0@V?$_Vector_const_iterator@V?$_Vector_val@V?$basic_string@DU?$char_traits@D@std@@V?$allocator@D@2@@std@@V?$allocator@V?$basic_string@DU?$char_traits@D@std@@V?$allocator@D@2@@std@@@2@@std@@@0@0PEAV10@AEAV?$allocator@V?$basic_string@DU?$char_traits@D@std@@V?$allocator@D@2@@std@@@0@@Z 000000018000f450 f i changeDetection.obj
 0001:0000e470       ??$_Ucopy@V?$_Vector_const_iterator@V?$_Vector_val@V?$basic_string@DU?$char_traits@D@std@@V?$allocator@D@2@@std@@V?$allocator@V?$basic_string@DU?$char_traits@D@std@@V?$allocator@D@2@@std@@@2@@std@@@std@@@?$vector@V?$basic_string@DU?$char_traits@D@std@@V?$allocator@D@2@@std@@V?$allocator@V?$basic_string@DU?$char_traits@D@std@@V?$allocator@D@2@@std@@@2@@std@@IEAAPEAV?$basic_string@DU?$char_traits@D@std@@V?$allocator@D@2@@1@V?$_Vector_const_iterator@V?$_Vector_val@V?$basic_string@DU?$char_traits@D@std@@V?$allocator@D@2@@std@@V?$allocator@V?$basic_string@DU?$char_traits@D@std@@V?$allocator@D@2@@std@@@2@@std@@@1@0PEAV21@@Z 000000018000f470 f i changeDetection.obj
 0001:0000e4b0       ??_EBasicPlugInFactory@@UEAAPEAXI@Z 000000018000f4b0 f i changeDetection.obj
 0001:0000e4b0       ??_GBasicPlugInFactory@@UEAAPEAXI@Z 000000018000f4b0 f i changeDetection.obj
 0001:0000e500       ??1changeDetectionPlugInFactory@OpticksCDFPlugin@@UEAA@XZ 000000018000f500 f i changeDetection.obj
 0001:0000e530       ??0?$vector@V?$basic_string@DU?$char_traits@D@std@@V?$allocator@D@2@@std@@V?$allocator@V?$basic_string@DU?$char_traits@D@std@@V?$allocator@D@2@@std@@@2@@std@@QEAA@AEBV01@@Z 000000018000f530 f i changeDetection.obj
 0001:0000e610       ??$_Umove@PEAV?$basic_string@DU?$char_traits@D@std@@V?$allocator@D@2@@std@@@?$vector@V?$basic_string@DU?$char_traits@D@std@@V?$allocator@D@2@@std@@V?$allocator@V?$basic_string@DU?$char_traits@D@std@@V?$allocator@D@2@@std@@@2@@std@@IEAAPEAV?$basic_string@DU?$char_traits@D@std@@V?$allocator@D@2@@1@PEAV21@00@Z 000000018000f610 f i changeDetection.obj
 0001:0000e650       ?getPlugInNames@BasicPlugInFactory@@UEAA?AV?$vector@V?$basic_string@DU?$char_traits@D@std@@V?$allocator@D@2@@std@@V?$allocator@V?$basic_string@DU?$char_traits@D@std@@V?$allocator@D@2@@std@@@2@@std@@XZ 000000018000f650 f i changeDetection.obj
 0001:0000e680       ?reserve@?$vector@V?$basic_string@DU?$char_traits@D@std@@V?$allocator@D@2@@std@@V?$allocator@V?$basic_string@DU?$char_traits@D@std@@V?$allocator@D@2@@std@@@2@@std@@QEAAX_K@Z 000000018000f680 f i changeDetection.obj
 0001:0000e7a0       ?_Reserve@?$vector@V?$basic_string@DU?$char_traits@D@std@@V?$allocator@D@2@@std@@V?$allocator@V?$basic_string@DU?$char_traits@D@std@@V?$allocator@D@2@@std@@@2@@std@@IEAAX_K@Z 000000018000f7a0 f i changeDetection.obj
 0001:0000e850       ?push_back@?$vector@V?$basic_string@DU?$char_traits@D@std@@V?$allocator@D@2@@std@@V?$allocator@V?$basic_string@DU?$char_traits@D@std@@V?$allocator@D@2@@std@@@2@@std@@QEAAXAEBV?$basic_string@DU?$char_traits@D@std@@V?$allocator@D@2@@2@@Z 000000018000f850 f i changeDetection.obj
 0001:0000e950       ?addPlugInName@BasicPlugInFactory@@AEAAXV?$basic_string@DU?$char_traits@D@std@@V?$allocator@D@2@@std@@@Z 000000018000f950 f i changeDetection.obj
 0001:0000e9a0       ??0BasicPlugInFactory@@QEAA@AEBV?$basic_string@DU?$char_traits@D@std@@V?$allocator@D@2@@std@@@Z 000000018000f9a0 f i changeDetection.obj
 0001:0000ea40       ??0changeDetectionPlugInFactory@OpticksCDFPlugin@@QEAA@AEBV?$basic_string@DU?$char_traits@D@std@@V?$allocator@D@2@@std@@@Z 000000018000fa40 f i changeDetection.obj
 0001:0000ea80       ?createPlugIn@changeDetectionPlugInFactory@OpticksCDFPlugin@@UEAAPEAVPlugIn@@AEBV?$basic_string@DU?$char_traits@D@std@@V?$allocator@D@2@@std@@@Z 000000018000fa80 f i changeDetection.obj
 0001:0000eac0       ??_GchangeDetectionPlugInFactory@OpticksCDFPlugin@@UEAAPEAXI@Z 000000018000fac0 f i changeDetection.obj
 0001:0000eac0       ??_EchangeDetectionPlugInFactory@OpticksCDFPlugin@@UEAAPEAXI@Z 000000018000fac0 f i changeDetection.obj
 0001:0000eb10       fabsf                      000000018000fb10 f i codes.obj
 0001:0000eb30       ?fabs@@YAMM@Z              000000018000fb30 f i codes.obj
 0001:0000eb50       ?sqrt@@YAMM@Z              000000018000fb50 f i codes.obj
 0001:0000eb60       ??0_Container_proxy@std@@QEAA@XZ 000000018000fb60 f i codes.obj
 0001:0000eb70       ??0_Iterator_base12@std@@QEAA@XZ 000000018000fb70 f i codes.obj
 0001:0000eb80       ??1_Iterator_base12@std@@QEAA@XZ 000000018000fb80 f i codes.obj
 0001:0000eb90       ?_Adopt@_Iterator_base12@std@@QEAAXPEBU_Container_base12@2@@Z 000000018000fb90 f i codes.obj
 0001:0000eba0       ?_Getcont@_Iterator_base12@std@@QEBAPEBU_Container_base12@2@XZ 000000018000fba0 f i codes.obj
 0001:0000ebb0       ??0QRunnable@@QEAA@XZ      000000018000fbb0 f i codes.obj
 0001:0000ebd0       ??1QRunnable@@UEAA@XZ      000000018000fbd0 f i codes.obj
 0001:0000ebe0       ??_GQRunnable@@UEAAPEAXI@Z 000000018000fbe0 f i codes.obj
 0001:0000ebe0       ??_EQRunnable@@UEAAPEAXI@Z 000000018000fbe0 f i codes.obj
 0001:0000ec10       ??0?$QFutureInterface@X@@QEAA@W4State@QFutureInterfaceBase@@@Z 000000018000fc10 f i codes.obj
 0001:0000ec40       ??1?$QFutureInterface@X@@UEAA@XZ 000000018000fc40 f i codes.obj
 0001:0000ec50       ??0?$QFuture@X@@QEAA@PEAVQFutureInterfaceBase@@@Z 000000018000fc50 f i codes.obj
 0001:0000ec70       ??0?$QFuture@X@@QEAA@AEBV0@@Z 000000018000fc70 f i codes.obj
 0001:0000ec90       ??1?$QFuture@X@@QEAA@XZ    000000018000fc90 f i codes.obj
 0001:0000eca0       ?waitForFinished@?$QFuture@X@@QEAAXXZ 000000018000fca0 f i codes.obj
 0001:0000ecb0       ??4?$QFuture@X@@QEAAAEAV0@AEBV0@@Z 000000018000fcb0 f i codes.obj
 0001:0000ecd0       ?future@?$QFutureInterface@X@@QEAA?AV?$QFuture@X@@XZ 000000018000fcd0 f i codes.obj
 0001:0000ed00       ??0Object@@QEAA@HHHHHH@Z   000000018000fd00 f i codes.obj
 0001:0000eda0       ?dot_product@@YANPEAN0H@Z  000000018000fda0 f   codes.obj
 0001:0000ee00       ?MatrixSubtractRow@@YAXPEAUMatrixStruct@@PEAN@Z 000000018000fe00 f   codes.obj
 0001:0000ee70       ?MatrixMinMax@@YAXPEAUMatrixStruct@@PEAN1@Z 000000018000fe70 f   codes.obj
 0001:0000ef00       ?MatrixTruncate@@YAXPEAUMatrixStruct@@NN@Z 000000018000ff00 f   codes.obj
 0001:0000ef70       ?MatrixTruncRescale@@YAXPEAUMatrixStruct@@NNNN@Z 000000018000ff70 f   codes.obj
 0001:0000eff0       ?MatrixApplyFunc@@YAXPEAUMatrixStruct@@P6ANN@Z@Z 000000018000fff0 f   codes.obj
 0001:0000f080       ?MatrixSum@@YANPEAUMatrixStruct@@@Z 0000000180010080 f   codes.obj
 0001:0000f130       ?MatrixMean@@YANPEAUMatrixStruct@@@Z 0000000180010130 f   codes.obj
 0001:0000f160       ?MatrixAddValue@@YAXPEAUMatrixStruct@@N@Z 0000000180010160 f   codes.obj
 0001:0000f1c0       ?MatrixFill@@YAXPEAUMatrixStruct@@N@Z 00000001800101c0 f   codes.obj
 0001:0000f210       ?MatrixScale@@YAXPEAUMatrixStruct@@N@Z 0000000180010210 f   codes.obj
 0001:0000f270       ?MatrixReadImage@@YAXPEAUMatrixStruct@@PEAU_iobuf@@@Z 0000000180010270 f   codes.obj
 0001:0000f3b0       ?MatrixWriteImage@@YAXPEAUMatrixStruct@@PEAU_iobuf@@@Z 00000001800103b0 f   codes.obj
 0001:0000f550       ?MatrixWriteVector@@YAXPEAUMatrixStruct@@PEAU_iobuf@@@Z 0000000180010550 f   codes.obj
 0001:0000f5d0       ?MatrixWrite@@YAXPEAUMatrixStruct@@PEAU_iobuf@@@Z 00000001800105d0 f   codes.obj
 0001:0000f680       ?MatrixFromArray@@YAPEAUMatrixStruct@@HHPEAN@Z 0000000180010680 f   codes.obj
 0001:0000f710       ?MatrixCreate@@YAPEAUMatrixStruct@@HH@Z 0000000180010710 f   codes.obj
 0001:0000f780       ?MatrixFree@@YAXPEAUMatrixStruct@@@Z 0000000180010780 f   codes.obj
 0001:0000f7b0       ?getImageRows@Image@@QEAAHXZ 00000001800107b0 f   codes.obj
 0001:0000f7c0       ?getImageCols@Image@@QEAAHXZ 00000001800107c0 f   codes.obj
 0001:0000f7d0       ?readPPMImage@@YAPEAPEAPEAEQEAHPEADH@Z 00000001800107d0 f   codes.obj
 0001:0000fb20       ?createSegmentedImageInfo@Image@@QEAAXPEAPEAH@Z 0000000180010b20 f   codes.obj
 0001:0000fb90       ?getNOB@Image@@QEAAHXZ     0000000180010b90 f   codes.obj
 0001:0000fba0       ?getPixelData@Image@@QEAAPEAEHH@Z 0000000180010ba0 f   codes.obj
 0001:0000fbc0       ?setObjectInfo@Object@@QEAAXPEAVImage@@@Z 0000000180010bc0 f   codes.obj
 0001:0000fc60       ??_E?$QFuture@X@@QEAAPEAXI@Z 0000000180010c60 f i codes.obj
 0001:0000fce0       ?calculateMean@Object@@QEAAXH@Z 0000000180010ce0 f   codes.obj
 0001:0000fe40       ?valid_peak@@YAHPEAHPEANN@Z 0000000180010e40 f   codes.obj
 0001:0000fe80       ?sd_histo@@YANPEANHHH@Z    0000000180010e80 f   codes.obj
 0001:00010370       ?dir_histogram@@YAPEANPEAUMatrixStruct@@HH@Z 0000000180011370 f   codes.obj
 0001:00010720       ?new_dir_histogram@@YAPEANPEAUMatrixStruct@@H@Z 0000000180011720 f   codes.obj
 0001:00010a90       ?Contrast@@YANPEAUMatrixStruct@@@Z 0000000180011a90 f   codes.obj
 0001:00010c70       ?nbr_diff@@YAPEAUMatrixStruct@@PEAU1@H@Z 0000000180011c70 f   codes.obj
 0001:00010db0       ?nbr_avg@@YAPEAUMatrixStruct@@PEAU1@H@Z 0000000180011db0 f   codes.obj
 0001:00010ef0       ?size@?$vector@V?$vector@HV?$allocator@H@std@@@std@@V?$allocator@V?$vector@HV?$allocator@H@std@@@std@@@2@@std@@QEBA_KXZ 0000000180011ef0 f i codes.obj
 0001:00010f00       ??A?$vector@V?$vector@HV?$allocator@H@std@@@std@@V?$allocator@V?$vector@HV?$allocator@H@std@@@std@@@2@@std@@QEAAAEAV?$vector@HV?$allocator@H@std@@@1@_K@Z 0000000180011f00 f i codes.obj
 0001:00010f10       ??A?$vector@MV?$allocator@M@std@@@std@@QEAAAEAM_K@Z 0000000180011f10 f i codes.obj
 0001:00010f20       ?size@?$vector@V?$vector@MV?$allocator@M@std@@@std@@V?$allocator@V?$vector@MV?$allocator@M@std@@@std@@@2@@std@@QEBA_KXZ 0000000180011f20 f i codes.obj
 0001:00010f30       ??A?$vector@V?$vector@MV?$allocator@M@std@@@std@@V?$allocator@V?$vector@MV?$allocator@M@std@@@std@@@2@@std@@QEAAAEAV?$vector@MV?$allocator@M@std@@@1@_K@Z 0000000180011f30 f i codes.obj
 0001:00010f40       ?size@?$deque@HV?$allocator@H@std@@@std@@QEBA_KXZ 0000000180011f40 f i codes.obj
 0001:00010f50       ?_Inside@?$vector@V?$vector@HV?$allocator@H@std@@@std@@V?$allocator@V?$vector@HV?$allocator@H@std@@@std@@@2@@std@@IEBA_NPEBV?$vector@HV?$allocator@H@std@@@2@@Z 0000000180011f50 f i codes.obj
 0001:00010f70       ?_Orphan_range@?$vector@V?$vector@HV?$allocator@H@std@@@std@@V?$allocator@V?$vector@HV?$allocator@H@std@@@std@@@2@@std@@IEBAXPEAV?$vector@HV?$allocator@H@std@@@2@0@Z 0000000180011f70 f i codes.obj
 0001:00010f80       ??1?$_Vector_val@V?$vector@HV?$allocator@H@std@@@std@@V?$allocator@V?$vector@HV?$allocator@H@std@@@std@@@2@@std@@QEAA@XZ 0000000180011f80 f i codes.obj
 0001:00010f90       ??0?$allocator@V?$vector@HV?$allocator@H@std@@@std@@@std@@QEAA@XZ 0000000180011f90 f i codes.obj
 0001:00010fa0       ??0?$allocator@V?$vector@HV?$allocator@H@std@@@std@@@std@@QEAA@AEBV01@@Z 0000000180011fa0 f i codes.obj
 0001:00010fb0       ??1?$_Vector_val@MV?$allocator@M@std@@@std@@QEAA@XZ 0000000180011fb0 f i codes.obj
 0001:00010fc0       ??0?$allocator@M@std@@QEAA@XZ 0000000180011fc0 f i codes.obj
 0001:00010fd0       ?_Inside@?$vector@V?$vector@MV?$allocator@M@std@@@std@@V?$allocator@V?$vector@MV?$allocator@M@std@@@std@@@2@@std@@IEBA_NPEBV?$vector@MV?$allocator@M@std@@@2@@Z 0000000180011fd0 f i codes.obj
 0001:00010ff0       ?_Orphan_range@?$vector@V?$vector@MV?$allocator@M@std@@@std@@V?$allocator@V?$vector@MV?$allocator@M@std@@@std@@@2@@std@@IEBAXPEAV?$vector@MV?$allocator@M@std@@@2@0@Z 0000000180011ff0 f i codes.obj
 0001:00011000       ??1?$_Vector_val@V?$vector@MV?$allocator@M@std@@@std@@V?$allocator@V?$vector@MV?$allocator@M@std@@@std@@@2@@std@@QEAA@XZ 0000000180012000 f i codes.obj
 0001:00011010       ??0?$allocator@V?$vector@MV?$allocator@M@std@@@std@@@std@@QEAA@XZ 0000000180012010 f i codes.obj
 0001:00011020       ??0?$allocator@V?$vector@MV?$allocator@M@std@@@std@@@std@@QEAA@AEBV01@@Z 0000000180012020 f i codes.obj
 0001:00011030       ??1?$_Deque_const_iterator@HV?$allocator@H@std@@@std@@QEAA@XZ 0000000180012030 f i codes.obj
 0001:00011040       ?empty@?$deque@HV?$allocator@H@std@@@std@@QEBA_NXZ 0000000180012040 f i codes.obj
 0001:00011050       ?deallocate@?$allocator@PEAH@std@@QEAAXPEAPEAH_K@Z 0000000180012050 f i codes.obj
 0001:00011060       ?capacity@?$vector@V?$vector@HV?$allocator@H@std@@@std@@V?$allocator@V?$vector@HV?$allocator@H@std@@@std@@@2@@std@@QEBA_KXZ 0000000180012060 f i codes.obj
 0001:00011070       ?get_allocator@?$vector@V?$vector@HV?$allocator@H@std@@@std@@V?$allocator@V?$vector@HV?$allocator@H@std@@@std@@@2@@std@@QEBA?AV?$allocator@V?$vector@HV?$allocator@H@std@@@std@@@2@XZ 0000000180012070 f i codes.obj
 0001:00011080       ?_Xlen@?$vector@V?$vector@HV?$allocator@H@std@@@std@@V?$allocator@V?$vector@HV?$allocator@H@std@@@std@@@2@@std@@IEBAXXZ 0000000180012080 f i codes.obj
 0001:000110a0       ?deallocate@?$allocator@V?$vector@HV?$allocator@H@std@@@std@@@std@@QEAAXPEAV?$vector@HV?$allocator@H@std@@@2@_K@Z 00000001800120a0 f i codes.obj
 0001:000110b0       ?size@?$vector@MV?$allocator@M@std@@@std@@QEBA_KXZ 00000001800120b0 f i codes.obj
 0001:000110c0       ??0?$allocator@M@std@@QEAA@AEBV01@@Z 00000001800120c0 f i codes.obj
 0001:000110d0       ?deallocate@?$allocator@M@std@@QEAAXPEAM_K@Z 00000001800120d0 f i codes.obj
 0001:000110e0       ?capacity@?$vector@V?$vector@MV?$allocator@M@std@@@std@@V?$allocator@V?$vector@MV?$allocator@M@std@@@std@@@2@@std@@QEBA_KXZ 00000001800120e0 f i codes.obj
 0001:000110f0       ?get_allocator@?$vector@V?$vector@MV?$allocator@M@std@@@std@@V?$allocator@V?$vector@MV?$allocator@M@std@@@std@@@2@@std@@QEBA?AV?$allocator@V?$vector@MV?$allocator@M@std@@@std@@@2@XZ 00000001800120f0 f i codes.obj
 0001:00011100       ?_Xlen@?$vector@V?$vector@MV?$allocator@M@std@@@std@@V?$allocator@V?$vector@MV?$allocator@M@std@@@std@@@2@@std@@IEBAXXZ 0000000180012100 f i codes.obj
 0001:00011120       ?deallocate@?$allocator@V?$vector@MV?$allocator@M@std@@@std@@@std@@QEAAXPEAV?$vector@MV?$allocator@M@std@@@2@_K@Z 0000000180012120 f i codes.obj
 0001:00011130       ?deallocate@?$allocator@U_Container_proxy@std@@@std@@QEAAXPEAU_Container_proxy@2@_K@Z 0000000180012130 f i codes.obj
 0001:00011140       ?_Xlen@?$deque@HV?$allocator@H@std@@@std@@IEBAXXZ 0000000180012140 f i codes.obj
 0001:00011160       ?max_size@?$allocator@V?$vector@HV?$allocator@H@std@@@std@@@std@@QEBA_KXZ 0000000180012160 f i codes.obj
 0001:00011170       ?capacity@?$vector@MV?$allocator@M@std@@@std@@QEBA_KXZ 0000000180012170 f i codes.obj
 0001:00011180       ?_Xlen@?$vector@MV?$allocator@M@std@@@std@@IEBAXXZ 0000000180012180 f i codes.obj
 0001:000111a0       ?max_size@?$allocator@V?$vector@MV?$allocator@M@std@@@std@@@std@@QEBA_KXZ 00000001800121a0 f i codes.obj
 0001:000111b0       ??D?$_Deque_const_iterator@HV?$allocator@H@std@@@std@@QEBAAEBHXZ 00000001800121b0 f i codes.obj
 0001:000111f0       ??D?$_Vector_const_iterator@V?$_Vector_val@V?$vector@HV?$allocator@H@std@@@std@@V?$allocator@V?$vector@HV?$allocator@H@std@@@std@@@2@@std@@@std@@QEBAAEBV?$vector@HV?$allocator@H@std@@@1@XZ 00000001800121f0 f i codes.obj
 0001:00011200       ??E?$_Vector_const_iterator@V?$_Vector_val@V?$vector@HV?$allocator@H@std@@@std@@V?$allocator@V?$vector@HV?$allocator@H@std@@@std@@@2@@std@@@std@@QEAAAEAV01@XZ 0000000180012200 f i codes.obj
 0001:00011210       ??D?$_Vector_const_iterator@V?$_Vector_val@V?$vector@MV?$allocator@M@std@@@std@@V?$allocator@V?$vector@MV?$allocator@M@std@@@std@@@2@@std@@@std@@QEBAAEBV?$vector@MV?$allocator@M@std@@@1@XZ 0000000180012210 f i codes.obj
 0001:00011220       ??E?$_Vector_const_iterator@V?$_Vector_val@V?$vector@MV?$allocator@M@std@@@std@@V?$allocator@V?$vector@MV?$allocator@M@std@@@std@@@2@@std@@@std@@QEAAAEAV01@XZ 0000000180012220 f i codes.obj
 0001:00011230       ?max_size@?$allocator@M@std@@QEBA_KXZ 0000000180012230 f i codes.obj
 0001:00011240       ??0?$_Vector_const_iterator@V?$_Vector_val@V?$vector@HV?$allocator@H@std@@@std@@V?$allocator@V?$vector@HV?$allocator@H@std@@@std@@@2@@std@@@std@@QEAA@PEAV?$vector@HV?$allocator@H@std@@@1@PEBU_Container_base0@1@@Z 0000000180012240 f i codes.obj
 0001:00011250       ?_Compat@?$_Vector_const_iterator@V?$_Vector_val@V?$vector@HV?$allocator@H@std@@@std@@V?$allocator@V?$vector@HV?$allocator@H@std@@@std@@@2@@std@@@std@@QEBAXAEBV12@@Z 0000000180012250 f i codes.obj
 0001:00011260       ??0?$_Vector_const_iterator@V?$_Vector_val@MV?$allocator@M@std@@@std@@@std@@QEAA@PEAMPEBU_Container_base0@1@@Z 0000000180012260 f i codes.obj
 0001:00011270       ??Y?$_Vector_const_iterator@V?$_Vector_val@MV?$allocator@M@std@@@std@@@std@@QEAAAEAV01@_J@Z 0000000180012270 f i codes.obj
 0001:00011280       ??0?$_Vector_const_iterator@V?$_Vector_val@V?$vector@MV?$allocator@M@std@@@std@@V?$allocator@V?$vector@MV?$allocator@M@std@@@std@@@2@@std@@@std@@QEAA@PEAV?$vector@MV?$allocator@M@std@@@1@PEBU_Container_base0@1@@Z 0000000180012280 f i codes.obj
 0001:00011290       ?_Compat@?$_Vector_const_iterator@V?$_Vector_val@V?$vector@MV?$allocator@M@std@@@std@@V?$allocator@V?$vector@MV?$allocator@M@std@@@std@@@2@@std@@@std@@QEBAXAEBV12@@Z 0000000180012290 f i codes.obj
 0001:000112a0       ?_Setcont@?$_Deque_const_iterator@HV?$allocator@H@std@@@std@@QEAAXPEBV?$deque@HV?$allocator@H@std@@@2@@Z 00000001800122a0 f i codes.obj
 0001:000112b0       ?_Compat@?$_Vector_const_iterator@V?$_Vector_val@MV?$allocator@M@std@@@std@@@std@@QEBAXAEBV12@@Z 00000001800122b0 f i codes.obj
 0001:000112c0       ??$_Pow_int@N@@YANNH@Z     00000001800122c0 f i codes.obj
 0001:00011300       ??$move@AEAH@std@@YA$$QEAHAEAH@Z 0000000180012300 f i codes.obj
 0001:00011310       ??$forward@V?$vector@V?$vector@HV?$allocator@H@std@@@std@@V?$allocator@V?$vector@HV?$allocator@H@std@@@std@@@2@@std@@@std@@YA$$QEAV?$vector@V?$vector@HV?$allocator@H@std@@@std@@V?$allocator@V?$vector@HV?$allocator@H@std@@@std@@@2@@0@AEAV10@@Z 0000000180012310 f i codes.obj
 0001:00011320       ??$addressof@$$CBV?$vector@HV?$allocator@H@std@@@std@@@std@@YAPEBV?$vector@HV?$allocator@H@std@@@0@AEBV10@@Z 0000000180012320 f i codes.obj
 0001:00011330       ??$forward@V?$vector@V?$vector@MV?$allocator@M@std@@@std@@V?$allocator@V?$vector@MV?$allocator@M@std@@@std@@@2@@std@@@std@@YA$$QEAV?$vector@V?$vector@MV?$allocator@M@std@@@std@@V?$allocator@V?$vector@MV?$allocator@M@std@@@std@@@2@@0@AEAV10@@Z 0000000180012330 f i codes.obj
 0001:00011340       ??$addressof@$$CBV?$vector@MV?$allocator@M@std@@@std@@@std@@YAPEBV?$vector@MV?$allocator@M@std@@@0@AEBV10@@Z 0000000180012340 f i codes.obj
 0001:00011350       ??$forward@H@std@@YA$$QEAHAEAH@Z 0000000180012350 f i codes.obj
 0001:00011360       ??$?0H@?$allocator@U_Container_proxy@std@@@std@@QEAA@AEBV?$allocator@H@1@@Z 0000000180012360 f i codes.obj
 0001:00011370       ??$forward@V?$vector@HV?$allocator@H@std@@@std@@@std@@YA$$QEAV?$vector@HV?$allocator@H@std@@@0@AEAV10@@Z 0000000180012370 f i codes.obj
 0001:00011380       ??$forward@V?$vector@MV?$allocator@M@std@@@std@@@std@@YA$$QEAV?$vector@MV?$allocator@M@std@@@0@AEAV10@@Z 0000000180012380 f i codes.obj
 0001:00011390       ??$?0H@?$allocator@PEAH@std@@QEAA@AEBV?$allocator@H@1@@Z 0000000180012390 f i codes.obj
 0001:000113a0       ??$addressof@V?$vector@HV?$allocator@H@std@@@std@@@std@@YAPEAV?$vector@HV?$allocator@H@std@@@0@AEAV10@@Z 00000001800123a0 f i codes.obj
 0001:000113b0       ??$addressof@V?$vector@MV?$allocator@M@std@@@std@@@std@@YAPEAV?$vector@MV?$allocator@M@std@@@0@AEAV10@@Z 00000001800123b0 f i codes.obj
 0001:000113c0       ??$_Allocate@PEAH@std@@YAPEAPEAH_KPEAPEAH@Z 00000001800123c0 f i codes.obj
 0001:00011430       ??$_Allocate@V?$vector@HV?$allocator@H@std@@@std@@@std@@YAPEAV?$vector@HV?$allocator@H@std@@@0@_KPEAV10@@Z 0000000180012430 f i codes.obj
 0001:000114a0       ??$_Allocate@V?$vector@MV?$allocator@M@std@@@std@@@std@@YAPEAV?$vector@MV?$allocator@M@std@@@0@_KPEAV10@@Z 00000001800124a0 f i codes.obj
 0001:00011510       ??$_Allocate@U_Container_proxy@std@@@std@@YAPEAU_Container_proxy@0@_KPEAU10@@Z 0000000180012510 f i codes.obj
 0001:00011580       ??$_Allocate@M@std@@YAPEAM_KPEAM@Z 0000000180012580 f i codes.obj
 0001:000115f0       ?start@?$RunFunctionTaskBase@X@QtConcurrent@@QEAA?AV?$QFuture@X@@XZ 00000001800125f0 f i codes.obj
 0001:00011680       ?construct@?$allocator@H@std@@QEAAXPEAH$$QEAH@Z 0000000180012680 f i codes.obj
 0001:00011690       ??0?$RunFunctionTaskBase@X@QtConcurrent@@QEAA@XZ 0000000180012690 f i codes.obj
 0001:000116d0       ?run@?$RunFunctionTaskBase@X@QtConcurrent@@UEAAXXZ 00000001800126d0 f i codes.obj
 0001:000116e0       ??1?$RunFunctionTaskBase@X@QtConcurrent@@UEAA@XZ 00000001800126e0 f i codes.obj
 0001:00011700       ??_E?$RunFunctionTaskBase@X@QtConcurrent@@UEAAPEAXI@Z 0000000180012700 f i codes.obj
 0001:00011700       ??_G?$RunFunctionTaskBase@X@QtConcurrent@@UEAAPEAXI@Z 0000000180012700 f i codes.obj
 0001:00011740       ?begin@?$vector@V?$vector@HV?$allocator@H@std@@@std@@V?$allocator@V?$vector@HV?$allocator@H@std@@@std@@@2@@std@@QEBA?AV?$_Vector_const_iterator@V?$_Vector_val@V?$vector@HV?$allocator@H@std@@@std@@V?$allocator@V?$vector@HV?$allocator@H@std@@@std@@@2@@std@@@2@XZ 0000000180012740 f i codes.obj
 0001:00011750       ?end@?$vector@V?$vector@HV?$allocator@H@std@@@std@@V?$allocator@V?$vector@HV?$allocator@H@std@@@std@@@2@@std@@QEBA?AV?$_Vector_const_iterator@V?$_Vector_val@V?$vector@HV?$allocator@H@std@@@std@@V?$allocator@V?$vector@HV?$allocator@H@std@@@std@@@2@@std@@@2@XZ 0000000180012750 f i codes.obj
 0001:00011760       ?get_allocator@?$vector@HV?$allocator@H@std@@@std@@QEBA?AV?$allocator@H@2@XZ 0000000180012760 f i codes.obj
 0001:00011770       ?get_allocator@?$vector@MV?$allocator@M@std@@@std@@QEBA?AV?$allocator@M@2@XZ 0000000180012770 f i codes.obj
 0001:00011780       ?_Inside@?$vector@MV?$allocator@M@std@@@std@@IEBA_NPEBM@Z 0000000180012780 f i codes.obj
 0001:000117a0       ?_Orphan_range@?$vector@MV?$allocator@M@std@@@std@@IEBAXPEAM0@Z 00000001800127a0 f i codes.obj
 0001:000117b0       ??D?$_Vector_const_iterator@V?$_Vector_val@MV?$allocator@M@std@@@std@@@std@@QEBAAEBMXZ 00000001800127b0 f i codes.obj
 0001:000117c0       ??E?$_Vector_const_iterator@V?$_Vector_val@MV?$allocator@M@std@@@std@@@std@@QEAAAEAV01@XZ 00000001800127c0 f i codes.obj
 0001:000117d0       ??$forward@AEAV?$vector@HV?$allocator@H@std@@@std@@@std@@YAAEAV?$vector@HV?$allocator@H@std@@@0@AEAV10@@Z 00000001800127d0 f i codes.obj
 0001:000117e0       ??$forward@AEBV?$vector@HV?$allocator@H@std@@@std@@@std@@YAAEBV?$vector@HV?$allocator@H@std@@@0@AEBV10@@Z 00000001800127e0 f i codes.obj
 0001:000117f0       ??$forward@AEAV?$vector@MV?$allocator@M@std@@@std@@@std@@YAAEAV?$vector@MV?$allocator@M@std@@@0@AEAV10@@Z 00000001800127f0 f i codes.obj
 0001:00011800       ??$forward@AEBV?$vector@MV?$allocator@M@std@@@std@@@std@@YAAEBV?$vector@MV?$allocator@M@std@@@0@AEBV10@@Z 0000000180012800 f i codes.obj
 0001:00011810       ??$?8V?$vector@HV?$allocator@H@std@@@std@@V01@@std@@YA_NAEBV?$allocator@V?$vector@HV?$allocator@H@std@@@std@@@0@0@Z 0000000180012810 f i codes.obj
 0001:00011820       ??$_Val_type@PEAM@std@@YAPEAMPEAM@Z 0000000180012820 f i codes.obj
 0001:00011830       ??$_Ptr_cat@MM@std@@YA?AU_Scalar_ptr_iterator_tag@0@PEAM0@Z 0000000180012830 f i codes.obj
 0001:00011840       ??$?8V?$vector@MV?$allocator@M@std@@@std@@V01@@std@@YA_NAEBV?$allocator@V?$vector@MV?$allocator@M@std@@@std@@@0@0@Z 0000000180012840 f i codes.obj
 0001:00011850       ??$_Ptr_cat@PEAHPEAH@std@@YA?AU_Scalar_ptr_iterator_tag@0@PEAPEAH0@Z 0000000180012850 f i codes.obj
 0001:00011860       ??$_Uninit_copy@PEAHPEAH@std@@YAPEAPEAHPEAPEAH00AEAV?$allocator@PEAH@0@U_Scalar_ptr_iterator_tag@0@@Z 0000000180012860 f i codes.obj
 0001:00011890       ??$_Val_type@PEAPEAH@std@@YAPEAPEAHPEAPEAH@Z 0000000180012890 f i codes.obj
 0001:000118a0       ??$_Destroy_range@V?$allocator@PEAH@std@@@std@@YAXPEAPEAH0AEAV?$allocator@PEAH@0@U_Scalar_ptr_iterator_tag@0@@Z 00000001800128a0 f i codes.obj
 0001:000118b0       ??$forward@U_Container_proxy@std@@@std@@YA$$QEAU_Container_proxy@0@AEAU10@@Z 00000001800128b0 f i codes.obj
 0001:000118c0       ??$_Ptr_cat@V?$vector@HV?$allocator@H@std@@@std@@V12@@std@@YA?AU_Nonscalar_ptr_iterator_tag@0@PEAV?$vector@HV?$allocator@H@std@@@0@0@Z 00000001800128c0 f i codes.obj
 0001:000118d0       ??$_Move@PEAMPEAM@std@@YAPEAMPEAM00U_Scalar_ptr_iterator_tag@0@@Z 00000001800128d0 f i codes.obj
 0001:00011910       ??$_Destroy_range@V?$allocator@M@std@@@std@@YAXPEAM0AEAV?$allocator@M@0@U_Scalar_ptr_iterator_tag@0@@Z 0000000180012910 f i codes.obj
 0001:00011920       ??$_Ptr_cat@V?$vector@MV?$allocator@M@std@@@std@@V12@@std@@YA?AU_Nonscalar_ptr_iterator_tag@0@PEAV?$vector@MV?$allocator@M@std@@@0@0@Z 0000000180012920 f i codes.obj
 0001:00011930       ??$_Destroy@PEAH@std@@YAXPEAPEAH@Z 0000000180012930 f i codes.obj
 0001:00011940       ??$_Destroy@U_Container_proxy@std@@@std@@YAXPEAU_Container_proxy@0@@Z 0000000180012940 f i codes.obj
 0001:00011950       ??$forward@M@std@@YA$$QEAMAEAM@Z 0000000180012950 f i codes.obj
 0001:00011960       ??$addressof@H@std@@YAPEAHAEAH@Z 0000000180012960 f i codes.obj
 0001:00011970       ??$addressof@M@std@@YAPEAMAEAM@Z 0000000180012970 f i codes.obj
 0001:00011980       ?construct@?$allocator@M@std@@QEAAXPEAM$$QEAM@Z 0000000180012980 f i codes.obj
 0001:00011990       ?begin@?$vector@MV?$allocator@M@std@@@std@@QEBA?AV?$_Vector_const_iterator@V?$_Vector_val@MV?$allocator@M@std@@@std@@@2@XZ 0000000180012990 f i codes.obj
 0001:000119a0       ?end@?$vector@MV?$allocator@M@std@@@std@@QEBA?AV?$_Vector_const_iterator@V?$_Vector_val@MV?$allocator@M@std@@@std@@@2@XZ 00000001800129a0 f i codes.obj
 0001:000119b0       ??$_Fill_n@PEAH_KH@std@@YAXPEAH_KAEBH@Z 00000001800129b0 f i codes.obj
 0001:000119e0       ??$_Fill_n@PEAM_KM@std@@YAXPEAM_KAEBM@Z 00000001800129e0 f i codes.obj
 0001:00011a10       ??$_Fill_n@PEAPEAH_KPEAH@std@@YAXPEAPEAH_KAEBQEAH@Z 0000000180012a10 f i codes.obj
 0001:00011a40       ??$_Val_type@PEAV?$vector@HV?$allocator@H@std@@@std@@@std@@YAPEAV?$vector@HV?$allocator@H@std@@@0@PEAV10@@Z 0000000180012a40 f i codes.obj
 0001:00011a50       ??$_Val_type@PEAV?$vector@MV?$allocator@M@std@@@std@@@std@@YAPEAV?$vector@MV?$allocator@M@std@@@0@PEAV10@@Z 0000000180012a50 f i codes.obj
 0001:00011a60       ??$move@AEAV?$vector@HV?$allocator@H@std@@@std@@@std@@YA$$QEAV?$vector@HV?$allocator@H@std@@@0@AEAV10@@Z 0000000180012a60 f i codes.obj
 0001:00011a70       ??$_Uninit_move@MMM@std@@YAPEAMPEAM00AEAV?$allocator@M@0@0U_Scalar_ptr_iterator_tag@0@@Z 0000000180012a70 f i codes.obj
 0001:00011aa0       ??$move@AEAV?$vector@MV?$allocator@M@std@@@std@@@std@@YA$$QEAV?$vector@MV?$allocator@M@std@@@0@AEAV10@@Z 0000000180012aa0 f i codes.obj
 0001:00011ab0       ??$?8HH@std@@YA_NAEBV?$allocator@H@0@0@Z 0000000180012ab0 f i codes.obj
 0001:00011ac0       ??$?8MM@std@@YA_NAEBV?$allocator@M@0@0@Z 0000000180012ac0 f i codes.obj
 0001:00011ad0       ??$_Ptr_cat@V?$_Vector_const_iterator@V?$_Vector_val@V?$vector@HV?$allocator@H@std@@@std@@V?$allocator@V?$vector@HV?$allocator@H@std@@@std@@@2@@std@@@std@@PEAV?$vector@HV?$allocator@H@std@@@2@@std@@YA?AU_Nonscalar_ptr_iterator_tag@0@AEAV?$_Vector_const_iterator@V?$_Vector_val@V?$vector@HV?$allocator@H@std@@@std@@V?$allocator@V?$vector@HV?$allocator@H@std@@@std@@@2@@std@@@0@AEAPEAV?$vector@HV?$allocator@H@std@@@0@@Z 0000000180012ad0 f i codes.obj
 0001:00011ae0       ??$_Ptr_cat@V?$_Vector_const_iterator@V?$_Vector_val@MV?$allocator@M@std@@@std@@@std@@PEAM@std@@YA?AU_Nonscalar_ptr_iterator_tag@0@AEAV?$_Vector_const_iterator@V?$_Vector_val@MV?$allocator@M@std@@@std@@@0@AEAPEAM@Z 0000000180012ae0 f i codes.obj
 0001:00011af0       ??$forward@AEBM@std@@YAAEBMAEBM@Z 0000000180012af0 f i codes.obj
 0001:00011b00       ??$_Construct@MAEBM@std@@YAXPEAMAEBM@Z 0000000180012b00 f i codes.obj
 0001:00011b10       ??$_Destroy@M@std@@YAXPEAM@Z 0000000180012b10 f i codes.obj
 0001:00011b20       ??_E?$RunFunctionTaskBase@X@QtConcurrent@@WBA@EAAPEAXI@Z 0000000180012b20 f i codes.obj
 0001:00011b30       ?pow@@YANNH@Z              0000000180012b30 f i codes.obj
 0001:00011b70       ?canceledResult@?$QFutureInterface@X@@SA?AV1@XZ 0000000180012b70 f i codes.obj
 0001:00011ba0       ??_G?$QFutureInterface@X@@UEAAPEAXI@Z 0000000180012ba0 f i codes.obj
 0001:00011ba0       ??_E?$QFutureInterface@X@@UEAAPEAXI@Z 0000000180012ba0 f i codes.obj
 0001:00011bd0       ??0?$QFuture@X@@QEAA@XZ    0000000180012bd0 f i codes.obj
 0001:00011c20       ?MatrixFilter@@YAPEAUMatrixStruct@@PEAU1@0@Z 0000000180012c20 f   codes.obj
 0001:00011f00       ?MatrixColSum@@YAPEAUMatrixStruct@@PEAU1@@Z 0000000180012f00 f   codes.obj
 0001:00012050       ?MatrixColMean@@YAPEAUMatrixStruct@@PEAU1@@Z 0000000180013050 f   codes.obj
 0001:000120d0       ?MatrixRescale@@YAXPEAUMatrixStruct@@NN@Z 00000001800130d0 f   codes.obj
 0001:00012320       ?MatrixCopy@@YAPEAUMatrixStruct@@PEAU1@@Z 0000000180013320 f   codes.obj
 0001:000123c0       ?Directionality@@YAXPEAUMatrixStruct@@HHNPEAHPEAN@Z 00000001800133c0 f   codes.obj
 0001:00012950       ?size@?$queue@HV?$deque@HV?$allocator@H@std@@@std@@@std@@QEBA_KXZ 0000000180013950 f i codes.obj
 0001:00012960       ??0?$_Vector_val@V?$vector@HV?$allocator@H@std@@@std@@V?$allocator@V?$vector@HV?$allocator@H@std@@@std@@@2@@std@@QEAA@V?$allocator@V?$vector@HV?$allocator@H@std@@@std@@@1@@Z 0000000180013960 f i codes.obj
 0001:00012980       ??0?$_Vector_val@MV?$allocator@M@std@@@std@@QEAA@V?$allocator@M@1@@Z 0000000180013980 f i codes.obj
 0001:000129a0       ??0?$_Vector_val@V?$vector@MV?$allocator@M@std@@@std@@V?$allocator@V?$vector@MV?$allocator@M@std@@@std@@@2@@std@@QEAA@V?$allocator@V?$vector@MV?$allocator@M@std@@@std@@@1@@Z 00000001800139a0 f i codes.obj
 0001:000129c0       ??1?$_Deque_iterator@HV?$allocator@H@std@@@std@@QEAA@XZ 00000001800139c0 f i codes.obj
 0001:000129d0       ?max_size@?$vector@V?$vector@HV?$allocator@H@std@@@std@@V?$allocator@V?$vector@HV?$allocator@H@std@@@std@@@2@@std@@QEBA_KXZ 00000001800139d0 f i codes.obj
 0001:000129e0       ?_Grow_to@?$vector@V?$vector@HV?$allocator@H@std@@@std@@V?$allocator@V?$vector@HV?$allocator@H@std@@@std@@@2@@std@@IEBA_K_K@Z 00000001800139e0 f i codes.obj
 0001:00012a20       ?max_size@?$vector@V?$vector@MV?$allocator@M@std@@@std@@V?$allocator@V?$vector@MV?$allocator@M@std@@@std@@@2@@std@@QEBA_KXZ 0000000180013a20 f i codes.obj
 0001:00012a30       ?_Grow_to@?$vector@V?$vector@MV?$allocator@M@std@@@std@@V?$allocator@V?$vector@MV?$allocator@M@std@@@std@@@2@@std@@IEBA_K_K@Z 0000000180013a30 f i codes.obj
 0001:00012a70       ??D?$_Deque_iterator@HV?$allocator@H@std@@@std@@QEBAAEAHXZ 0000000180013a70 f i codes.obj
 0001:00012ab0       ??D?$_Vector_iterator@V?$_Vector_val@V?$vector@HV?$allocator@H@std@@@std@@V?$allocator@V?$vector@HV?$allocator@H@std@@@std@@@2@@std@@@std@@QEBAAEAV?$vector@HV?$allocator@H@std@@@1@XZ 0000000180013ab0 f i codes.obj
 0001:00012ac0       ??E?$_Vector_iterator@V?$_Vector_val@V?$vector@HV?$allocator@H@std@@@std@@V?$allocator@V?$vector@HV?$allocator@H@std@@@std@@@2@@std@@@std@@QEAAAEAV01@XZ 0000000180013ac0 f i codes.obj
 0001:00012ad0       ??D?$_Vector_iterator@V?$_Vector_val@V?$vector@MV?$allocator@M@std@@@std@@V?$allocator@V?$vector@MV?$allocator@M@std@@@std@@@2@@std@@@std@@QEBAAEAV?$vector@MV?$allocator@M@std@@@1@XZ 0000000180013ad0 f i codes.obj
 0001:00012ae0       ??E?$_Vector_iterator@V?$_Vector_val@V?$vector@MV?$allocator@M@std@@@std@@V?$allocator@V?$vector@MV?$allocator@M@std@@@std@@@2@@std@@@std@@QEAAAEAV01@XZ 0000000180013ae0 f i codes.obj
 0001:00012af0       ?max_size@?$deque@HV?$allocator@H@std@@@std@@QEBA_KXZ 0000000180013af0 f i codes.obj
 0001:00012b00       ?allocate@?$allocator@PEAH@std@@QEAAPEAPEAH_K@Z 0000000180013b00 f i codes.obj
 0001:00012b70       ?allocate@?$allocator@V?$vector@HV?$allocator@H@std@@@std@@@std@@QEAAPEAV?$vector@HV?$allocator@H@std@@@2@_K@Z 0000000180013b70 f i codes.obj
 0001:00012be0       ?max_size@?$vector@MV?$allocator@M@std@@@std@@QEBA_KXZ 0000000180013be0 f i codes.obj
 0001:00012bf0       ?_Grow_to@?$vector@MV?$allocator@M@std@@@std@@IEBA_K_K@Z 0000000180013bf0 f i codes.obj
 0001:00012c30       ?allocate@?$allocator@V?$vector@MV?$allocator@M@std@@@std@@@std@@QEAAPEAV?$vector@MV?$allocator@M@std@@@2@_K@Z 0000000180013c30 f i codes.obj
 0001:00012ca0       ?allocate@?$allocator@U_Container_proxy@std@@@std@@QEAAPEAU_Container_proxy@2@_K@Z 0000000180013ca0 f i codes.obj
 0001:00012d10       ??0?$_Vector_iterator@V?$_Vector_val@V?$vector@HV?$allocator@H@std@@@std@@V?$allocator@V?$vector@HV?$allocator@H@std@@@std@@@2@@std@@@std@@QEAA@PEAV?$vector@HV?$allocator@H@std@@@1@PEBU_Container_base0@1@@Z 0000000180013d10 f i codes.obj
 0001:00012d20       ??8?$_Vector_const_iterator@V?$_Vector_val@V?$vector@HV?$allocator@H@std@@@std@@V?$allocator@V?$vector@HV?$allocator@H@std@@@std@@@2@@std@@@std@@QEBA_NAEBV01@@Z 0000000180013d20 f i codes.obj
 0001:00012d30       ??0?$_Vector_iterator@V?$_Vector_val@MV?$allocator@M@std@@@std@@@std@@QEAA@PEAMPEBU_Container_base0@1@@Z 0000000180013d30 f i codes.obj
 0001:00012d40       ??Y?$_Vector_iterator@V?$_Vector_val@MV?$allocator@M@std@@@std@@@std@@QEAAAEAV01@_J@Z 0000000180013d40 f i codes.obj
 0001:00012d50       ??0?$_Vector_iterator@V?$_Vector_val@V?$vector@MV?$allocator@M@std@@@std@@V?$allocator@V?$vector@MV?$allocator@M@std@@@std@@@2@@std@@@std@@QEAA@PEAV?$vector@MV?$allocator@M@std@@@1@PEBU_Container_base0@1@@Z 0000000180013d50 f i codes.obj
 0001:00012d60       ??8?$_Vector_const_iterator@V?$_Vector_val@V?$vector@MV?$allocator@M@std@@@std@@V?$allocator@V?$vector@MV?$allocator@M@std@@@std@@@2@@std@@@std@@QEBA_NAEBV01@@Z 0000000180013d60 f i codes.obj
 0001:00012d70       ?_Make_iter@?$vector@V?$vector@HV?$allocator@H@std@@@std@@V?$allocator@V?$vector@HV?$allocator@H@std@@@std@@@2@@std@@QEBA?AV?$_Vector_iterator@V?$_Vector_val@V?$vector@HV?$allocator@H@std@@@std@@V?$allocator@V?$vector@HV?$allocator@H@std@@@std@@@2@@std@@@2@V?$_Vector_const_iterator@V?$_Vector_val@V?$vector@HV?$allocator@H@std@@@std@@V?$allocator@V?$vector@HV?$allocator@H@std@@@std@@@2@@std@@@2@@Z 0000000180013d70 f i codes.obj
[...]
 0001:00040740       ?dtor$0@?0???1?$Resource@VSettableSessionItem@@VFactoryObject@@@@UEAA@XZ@4HA 0000000180041740 f   PlugInLib:PlugInShell.obj
 0001:00040750       ?dtor$1@?0???0?$pair@$$CBV?$basic_string@DU?$char_traits@D@std@@V?$allocator@D@2@@std@@V12@@std@@QEAA@AEBV?$basic_string@DU?$char_traits@D@std@@V?$allocator@D@2@@1@$$QEAV21@@Z@4HA 0000000180041750 f   PlugInLib:PlugInShell.obj
 0001:00040760       ?dtor$0@?0???$_Cons_val@V?$allocator@U?$pair@$$CBV?$basic_string@DU?$char_traits@D@std@@V?$allocator@D@2@@std@@V12@@std@@@std@@U?$pair@$$CBV?$basic_string@DU?$char_traits@D@std@@V?$allocator@D@2@@std@@V12@@2@AEAU32@@std@@YAXAEAV?$allocator@U?$pair@$$CBV?$basic_string@DU?$char_traits@D@std@@V?$allocator@D@2@@std@@V12@@std@@@0@PEAU?$pair@$$CBV?$basic_string@DU?$char_traits@D@std@@V?$allocator@D@2@@std@@V12@@0@AEAU20@@Z@4HA 0000000180041760 f   PlugInLib:PlugInShell.obj
 0001:00040780       ?dtor$1@?0???$?0$$CBV?$basic_string@DU?$char_traits@D@std@@V?$allocator@D@2@@std@@V01@@?$pair@$$CBV?$basic_string@DU?$char_traits@D@std@@V?$allocator@D@2@@std@@V12@@std@@QEAA@$$QEAU01@@Z@4HA 0000000180041780 f   PlugInLib:PlugInShell.obj
 0001:00040790       ?dtor$0@?0???0?$FactoryResource@VSettableSessionItem@@@@QEAA@XZ@4HA 0000000180041790 f   PlugInLib:PlugInShell.obj
 0001:000407a0       ?dtor$0@?0???$_Buynode@AEAU?$pair@$$CBV?$basic_string@DU?$char_traits@D@std@@V?$allocator@D@2@@std@@V12@@std@@@?$_Tree_val@V?$_Tmap_traits@V?$basic_string@DU?$char_traits@D@std@@V?$allocator@D@2@@std@@V12@U?$less@V?$basic_string@DU?$char_traits@D@std@@V?$allocator@D@2@@std@@@2@V?$allocator@U?$pair@$$CBV?$basic_string@DU?$char_traits@D@std@@V?$allocator@D@2@@std@@V12@@std@@@2@$0A@@std@@@std@@QEAAPEAU_Node@?$_Tree_nod@V?$_Tmap_traits@V?$basic_string@DU?$char_traits@D@std@@V?$allocator@D@2@@std@@V12@U?$less@V?$basic_string@DU?$char_traits@D@std@@V?$allocator@D@2@@std@@@2@V?$allocator@U?$pair@$$CBV?$basic_string@DU?$char_traits@D@std@@V?$allocator@D@2@@std@@V12@@std@@@2@$0A@@std@@@1@AEAU?$pair@$$CBV?$basic_string@DU?$char_traits@D@std@@V?$allocator@D@2@@std@@V12@@1@@Z@4HA 00000001800417a0 f   PlugInLib:PlugInShell.obj
 0001:000407c0       ?catch$0@?0???$_Buynode@AEAU?$pair@$$CBV?$basic_string@DU?$char_traits@D@std@@V?$allocator@D@2@@std@@V12@@std@@@?$_Tree_val@V?$_Tmap_traits@V?$basic_string@DU?$char_traits@D@std@@V?$allocator@D@2@@std@@V12@U?$less@V?$basic_string@DU?$char_traits@D@std@@V?$allocator@D@2@@std@@@2@V?$allocator@U?$pair@$$CBV?$basic_string@DU?$char_traits@D@std@@V?$allocator@D@2@@std@@V12@@std@@@2@$0A@@std@@@std@@QEAAPEAU_Node@?$_Tree_nod@V?$_Tmap_traits@V?$basic_string@DU?$char_traits@D@std@@V?$allocator@D@2@@std@@V12@U?$less@V?$basic_string@DU?$char_traits@D@std@@V?$allocator@D@2@@std@@@2@V?$allocator@U?$pair@$$CBV?$basic_string@DU?$char_traits@D@std@@V?$allocator@D@2@@std@@V12@@std@@@2@$0A@@std@@@1@AEAU?$pair@$$CBV?$basic_string@DU?$char_traits@D@std@@V?$allocator@D@2@@std@@V12@@1@@Z@4HA 00000001800417c0 f   PlugInLib:PlugInShell.obj
 0001:000407cd       __catch$??$_Buynode@AEAU?$pair@$$CBV?$basic_string@DU?$char_traits@D@std@@V?$allocator@D@2@@std@@V12@@std@@@?$_Tree_val@V?$_Tmap_traits@V?$basic_string@DU?$char_traits@D@std@@V?$allocator@D@2@@std@@V12@U?$less@V?$basic_string@DU?$char_traits@D@std@@V?$allocator@D@2@@std@@@2@V?$allocator@U?$pair@$$CBV?$basic_string@DU?$char_traits@D@std@@V?$allocator@D@2@@std@@V12@@std@@@2@$0A@@std@@@std@@QEAAPEAU_Node@?$_Tree_nod@V?$_Tmap_traits@V?$basic_string@DU?$char_traits@D@std@@V?$allocator@D@2@@std@@V12@U?$less@V?$basic_string@DU?$char_traits@D@std@@V?$allocator@D@2@@std@@@2@V?$allocator@U?$pair@$$CBV?$basic_string@DU?$char_traits@D@std@@V?$allocator@D@2@@std@@V12@@std@@@2@$0A@@std@@@1@AEAU?$pair@$$CBV?$basic_string@DU?$char_traits@D@std@@V?$allocator@D@2@@std@@V12@@1@@Z$0 00000001800417cd f   PlugInLib:PlugInShell.obj
 0001:000407e0       ?dtor$0@?0??construct@?$allocator@U?$pair@$$CBV?$basic_string@DU?$char_traits@D@std@@V?$allocator@D@2@@std@@V12@@std@@@std@@QEAAXPEAU?$pair@$$CBV?$basic_string@DU?$char_traits@D@std@@V?$allocator@D@2@@std@@V12@@2@$$QEAU32@@Z@4HA 00000001800417e0 f   PlugInLib:PlugInShell.obj
 0001:00040800       ?catch$0@?0??_Copy@?$_Tree@V?$_Tmap_traits@V?$basic_string@DU?$char_traits@D@std@@V?$allocator@D@2@@std@@V12@U?$less@V?$basic_string@DU?$char_traits@D@std@@V?$allocator@D@2@@std@@@2@V?$allocator@U?$pair@$$CBV?$basic_string@DU?$char_traits@D@std@@V?$allocator@D@2@@std@@V12@@std@@@2@$0A@@std@@@std@@IEAAPEAU_Node@?$_Tree_nod@V?$_Tmap_traits@V?$basic_string@DU?$char_traits@D@std@@V?$allocator@D@2@@std@@V12@U?$less@V?$basic_string@DU?$char_traits@D@std@@V?$allocator@D@2@@std@@@2@V?$allocator@U?$pair@$$CBV?$basic_string@DU?$char_traits@D@std@@V?$allocator@D@2@@std@@V12@@std@@@2@$0A@@std@@@2@PEAU342@0@Z@4HA 0000000180041800 f   PlugInLib:PlugInShell.obj
 0001:0004080d       __catch$?_Copy@?$_Tree@V?$_Tmap_traits@V?$basic_string@DU?$char_traits@D@std@@V?$allocator@D@2@@std@@V12@U?$less@V?$basic_string@DU?$char_traits@D@std@@V?$allocator@D@2@@std@@@2@V?$allocator@U?$pair@$$CBV?$basic_string@DU?$char_traits@D@std@@V?$allocator@D@2@@std@@V12@@std@@@2@$0A@@std@@@std@@IEAAPEAU_Node@?$_Tree_nod@V?$_Tmap_traits@V?$basic_string@DU?$char_traits@D@std@@V?$allocator@D@2@@std@@V12@U?$less@V?$basic_string@DU?$char_traits@D@std@@V?$allocator@D@2@@std@@@2@V?$allocator@U?$pair@$$CBV?$basic_string@DU?$char_traits@D@std@@V?$allocator@D@2@@std@@V12@@std@@@2@$0A@@std@@@2@PEAU342@0@Z$0 000000018004180d f   PlugInLib:PlugInShell.obj
 0001:00040830       ?dtor$0@?0???$_Cons_val@V?$allocator@U?$pair@$$CBV?$basic_string@DU?$char_traits@D@std@@V?$allocator@D@2@@std@@V12@@std@@@std@@U?$pair@$$CBV?$basic_string@DU?$char_traits@D@std@@V?$allocator@D@2@@std@@V12@@2@U32@@std@@YAXAEAV?$allocator@U?$pair@$$CBV?$basic_string@DU?$char_traits@D@std@@V?$allocator@D@2@@std@@V12@@std@@@0@PEAU?$pair@$$CBV?$basic_string@DU?$char_traits@D@std@@V?$allocator@D@2@@std@@V12@@0@$$QEAU20@@Z@4HA 0000000180041830 f   PlugInLib:PlugInShell.obj
 0001:00040850       ?dtor$0@?0???$_Buynode@U?$pair@$$CBV?$basic_string@DU?$char_traits@D@std@@V?$allocator@D@2@@std@@V12@@std@@@?$_Tree_val@V?$_Tmap_traits@V?$basic_string@DU?$char_traits@D@std@@V?$allocator@D@2@@std@@V12@U?$less@V?$basic_string@DU?$char_traits@D@std@@V?$allocator@D@2@@std@@@2@V?$allocator@U?$pair@$$CBV?$basic_string@DU?$char_traits@D@std@@V?$allocator@D@2@@std@@V12@@std@@@2@$0A@@std@@@std@@QEAAPEAU_Node@?$_Tree_nod@V?$_Tmap_traits@V?$basic_string@DU?$char_traits@D@std@@V?$allocator@D@2@@std@@V12@U?$less@V?$basic_string@DU?$char_traits@D@std@@V?$allocator@D@2@@std@@@2@V?$allocator@U?$pair@$$CBV?$basic_string@DU?$char_traits@D@std@@V?$allocator@D@2@@std@@V12@@std@@@2@$0A@@std@@@1@$$QEAU?$pair@$$CBV?$basic_string@DU?$char_traits@D@std@@V?$allocator@D@2@@std@@V12@@1@@Z@4HA 0000000180041850 f   PlugInLib:PlugInShell.obj
 0001:00040870       ?catch$0@?0???$_Buynode@U?$pair@$$CBV?$basic_string@DU?$char_traits@D@std@@V?$allocator@D@2@@std@@V12@@std@@@?$_Tree_val@V?$_Tmap_traits@V?$basic_string@DU?$char_traits@D@std@@V?$allocator@D@2@@std@@V12@U?$less@V?$basic_string@DU?$char_traits@D@std@@V?$allocator@D@2@@std@@@2@V?$allocator@U?$pair@$$CBV?$basic_string@DU?$char_traits@D@std@@V?$allocator@D@2@@std@@V12@@std@@@2@$0A@@std@@@std@@QEAAPEAU_Node@?$_Tree_nod@V?$_Tmap_traits@V?$basic_string@DU?$char_traits@D@std@@V?$allocator@D@2@@std@@V12@U?$less@V?$basic_string@DU?$char_traits@D@std@@V?$allocator@D@2@@std@@@2@V?$allocator@U?$pair@$$CBV?$basic_string@DU?$char_traits@D@std@@V?$allocator@D@2@@std@@V12@@std@@@2@$0A@@std@@@1@$$QEAU?$pair@$$CBV?$basic_string@DU?$char_traits@D@std@@V?$allocator@D@2@@std@@V12@@1@@Z@4HA 0000000180041870 f   PlugInLib:PlugInShell.obj
 0001:0004087d       __catch$??$_Buynode@U?$pair@$$CBV?$basic_string@DU?$char_traits@D@std@@V?$allocator@D@2@@std@@V12@@std@@@?$_Tree_val@V?$_Tmap_traits@V?$basic_string@DU?$char_traits@D@std@@V?$allocator@D@2@@std@@V12@U?$less@V?$basic_string@DU?$char_traits@D@std@@V?$allocator@D@2@@std@@@2@V?$allocator@U?$pair@$$CBV?$basic_string@DU?$char_traits@D@std@@V?$allocator@D@2@@std@@V12@@std@@@2@$0A@@std@@@std@@QEAAPEAU_Node@?$_Tree_nod@V?$_Tmap_traits@V?$basic_string@DU?$char_traits@D@std@@V?$allocator@D@2@@std@@V12@U?$less@V?$basic_string@DU?$char_traits@D@std@@V?$allocator@D@2@@std@@@2@V?$allocator@U?$pair@$$CBV?$basic_string@DU?$char_traits@D@std@@V?$allocator@D@2@@std@@V12@@std@@@2@$0A@@std@@@1@$$QEAU?$pair@$$CBV?$basic_string@DU?$char_traits@D@std@@V?$allocator@D@2@@std@@V12@@1@@Z$0 000000018004187d f   PlugInLib:PlugInShell.obj
 0001:00040890       ?dtor$0@?0???1?$_Tree@V?$_Tmap_traits@V?$basic_string@DU?$char_traits@D@std@@V?$allocator@D@2@@std@@V12@U?$less@V?$basic_string@DU?$char_traits@D@std@@V?$allocator@D@2@@std@@@2@V?$allocator@U?$pair@$$CBV?$basic_string@DU?$char_traits@D@std@@V?$allocator@D@2@@std@@V12@@std@@@2@$0A@@std@@@std@@QEAA@XZ@4HA 0000000180041890 f   PlugInLib:PlugInShell.obj
 0001:000408a0       ?dtor$0@?0???0?$_Tree@V?$_Tmap_traits@V?$basic_string@DU?$char_traits@D@std@@V?$allocator@D@2@@std@@V12@U?$less@V?$basic_string@DU?$char_traits@D@std@@V?$allocator@D@2@@std@@@2@V?$allocator@U?$pair@$$CBV?$basic_string@DU?$char_traits@D@std@@V?$allocator@D@2@@std@@V12@@std@@@2@$0A@@std@@@std@@QEAA@AEBV01@@Z@4HA 00000001800418a0 f   PlugInLib:PlugInShell.obj
 0001:000408b0       ?catch$0@?0???0?$_Tree@V?$_Tmap_traits@V?$basic_string@DU?$char_traits@D@std@@V?$allocator@D@2@@std@@V12@U?$less@V?$basic_string@DU?$char_traits@D@std@@V?$allocator@D@2@@std@@@2@V?$allocator@U?$pair@$$CBV?$basic_string@DU?$char_traits@D@std@@V?$allocator@D@2@@std@@V12@@std@@@2@$0A@@std@@@std@@QEAA@AEBV01@@Z@4HA 00000001800418b0 f   PlugInLib:PlugInShell.obj
 0001:000408bd       __catch$??0?$_Tree@V?$_Tmap_traits@V?$basic_string@DU?$char_traits@D@std@@V?$allocator@D@2@@std@@V12@U?$less@V?$basic_string@DU?$char_traits@D@std@@V?$allocator@D@2@@std@@@2@V?$allocator@U?$pair@$$CBV?$basic_string@DU?$char_traits@D@std@@V?$allocator@D@2@@std@@V12@@std@@@2@$0A@@std@@@std@@QEAA@AEBV01@@Z$0 00000001800418bd f   PlugInLib:PlugInShell.obj
 0001:000408e0       ?dtor$1@?0???1?$map@V?$basic_string@DU?$char_traits@D@std@@V?$allocator@D@2@@std@@V12@U?$less@V?$basic_string@DU?$char_traits@D@std@@V?$allocator@D@2@@std@@@2@V?$allocator@U?$pair@$$CBV?$basic_string@DU?$char_traits@D@std@@V?$allocator@D@2@@std@@V12@@std@@@2@@std@@QEAA@XZ@4HA 00000001800418e0 f   PlugInLib:PlugInShell.obj
 0001:000408f0       ?dtor$0@?0???1PlugInShell@@UEAA@XZ@4HA 00000001800418f0 f   PlugInLib:PlugInShell.obj
 0001:00040900       ?dtor$1@?0???1PlugInShell@@UEAA@XZ@4HA 0000000180041900 f   PlugInLib:PlugInShell.obj
 0001:00040910       ?dtor$2@?0???1PlugInShell@@UEAA@XZ@4HA 0000000180041910 f   PlugInLib:PlugInShell.obj
 0001:00040920       ?dtor$3@?0???1PlugInShell@@UEAA@XZ@4HA 0000000180041920 f   PlugInLib:PlugInShell.obj
 0001:00040930       ?dtor$4@?0???1PlugInShell@@UEAA@XZ@4HA 0000000180041930 f   PlugInLib:PlugInShell.obj
 0001:00040950       ?dtor$12@?0???1PlugInShell@@UEAA@XZ@4HA 0000000180041950 f   PlugInLib:PlugInShell.obj
 0001:00040960       ?dtor$0@?0???A?$map@V?$basic_string@DU?$char_traits@D@std@@V?$allocator@D@2@@std@@V12@U?$less@V?$basic_string@DU?$char_traits@D@std@@V?$allocator@D@2@@std@@@2@V?$allocator@U?$pair@$$CBV?$basic_string@DU?$char_traits@D@std@@V?$allocator@D@2@@std@@V12@@std@@@2@@std@@QEAAAEAV?$basic_string@DU?$char_traits@D@std@@V?$allocator@D@2@@1@AEBV21@@Z@4HA 0000000180041960 f   PlugInLib:PlugInShell.obj
 0001:00040970       ?dtor$3@?0???A?$map@V?$basic_string@DU?$char_traits@D@std@@V?$allocator@D@2@@std@@V12@U?$less@V?$basic_string@DU?$char_traits@D@std@@V?$allocator@D@2@@std@@@2@V?$allocator@U?$pair@$$CBV?$basic_string@DU?$char_traits@D@std@@V?$allocator@D@2@@std@@V12@@std@@@2@@std@@QEAAAEAV?$basic_string@DU?$char_traits@D@std@@V?$allocator@D@2@@1@AEBV21@@Z@4HA 0000000180041970 f   PlugInLib:PlugInShell.obj
 0001:00040980       ?dtor$1@?0???A?$map@V?$basic_string@DU?$char_traits@D@std@@V?$allocator@D@2@@std@@V12@U?$less@V?$basic_string@DU?$char_traits@D@std@@V?$allocator@D@2@@std@@@2@V?$allocator@U?$pair@$$CBV?$basic_string@DU?$char_traits@D@std@@V?$allocator@D@2@@std@@V12@@std@@@2@@std@@QEAAAEAV?$basic_string@DU?$char_traits@D@std@@V?$allocator@D@2@@1@AEBV21@@Z@4HA 0000000180041980 f   PlugInLib:PlugInShell.obj
 0001:00040990       ?dtor$0@?0???0PlugInShell@@QEAA@XZ@4HA 0000000180041990 f   PlugInLib:PlugInShell.obj
 0001:000409a0       ?dtor$1@?0???0PlugInShell@@QEAA@XZ@4HA 00000001800419a0 f   PlugInLib:PlugInShell.obj
 0001:000409b0       ?dtor$2@?0???0PlugInShell@@QEAA@XZ@4HA 00000001800419b0 f   PlugInLib:PlugInShell.obj
 0001:000409c0       ?dtor$3@?0???0PlugInShell@@QEAA@XZ@4HA 00000001800419c0 f   PlugInLib:PlugInShell.obj
 0001:000409d0       ?dtor$4@?0???0PlugInShell@@QEAA@XZ@4HA 00000001800419d0 f   PlugInLib:PlugInShell.obj
 0001:000409f0       ?dtor$0@?0??get@?$Service@VSessionExplorer@@@@QEBAPEAVSessionExplorer@@XZ@4HA 00000001800419f0 f   PlugInUtilities:Service.obj
 0001:00040a00       ?dtor$0@?0???1?$basic_stringstream@DU?$char_traits@D@std@@V?$allocator@D@2@@std@@UEAA@XZ@4HA 0000000180041a00 f   PlugInUtilities:AppVerify.obj
 0001:00040a20       ?dtor$0@?0???0?$basic_stringbuf@DU?$char_traits@D@std@@V?$allocator@D@2@@std@@QEAA@H@Z@4HA 0000000180041a20 f   PlugInUtilities:AppVerify.obj
 0001:00040a30       ?dtor$0@?0???_D?$basic_stringstream@DU?$char_traits@D@std@@V?$allocator@D@2@@std@@QEAAXXZ@4HA 0000000180041a30 f   PlugInUtilities:AppVerify.obj
 0001:00040a50       ?dtor$0@?0???0?$basic_stringstream@DU?$char_traits@D@std@@V?$allocator@D@2@@std@@QEAA@H@Z@4HA 0000000180041a50 f   PlugInUtilities:AppVerify.obj
 0001:00040a80       ?dtor$1@?0???0?$basic_stringstream@DU?$char_traits@D@std@@V?$allocator@D@2@@std@@QEAA@H@Z@4HA 0000000180041a80 f   PlugInUtilities:AppVerify.obj
 0001:00040aa0       ?dtor$0@?0??str@?$basic_stringbuf@DU?$char_traits@D@std@@V?$allocator@D@2@@std@@QEBA?AV?$basic_string@DU?$char_traits@D@std@@V?$allocator@D@2@@2@XZ@4HA 0000000180041aa0 f   PlugInUtilities:AppVerify.obj
 0001:00040ab0       ?dtor$2@?0??str@?$basic_stringbuf@DU?$char_traits@D@std@@V?$allocator@D@2@@std@@QEBA?AV?$basic_string@DU?$char_traits@D@std@@V?$allocator@D@2@@2@XZ@4HA 0000000180041ab0 f   PlugInUtilities:AppVerify.obj
 0001:00040ac0       ?dtor$3@?0??str@?$basic_stringbuf@DU?$char_traits@D@std@@V?$allocator@D@2@@std@@QEBA?AV?$basic_string@DU?$char_traits@D@std@@V?$allocator@D@2@@2@XZ@4HA 0000000180041ac0 f   PlugInUtilities:AppVerify.obj
 0001:00040ad0       ?dtor$0@?0??LogVerificationErrorProc@@YAXPEBD0I0@Z@4HA 0000000180041ad0 f   PlugInUtilities:AppVerify.obj
 0001:00040ae0       ?dtor$1@?0??LogVerificationErrorProc@@YAXPEBD0I0@Z@4HA 0000000180041ae0 f   PlugInUtilities:AppVerify.obj
 0001:00040af0       ?dtor$2@?0??LogVerificationErrorProc@@YAXPEBD0I0@Z@4HA 0000000180041af0 f   PlugInUtilities:AppVerify.obj
 0001:00040b00       ?dtor$3@?0??LogVerificationErrorProc@@YAXPEBD0I0@Z@4HA 0000000180041b00 f   PlugInUtilities:AppVerify.obj
 0001:00040b10       ?dtor$4@?0??LogVerificationErrorProc@@YAXPEBD0I0@Z@4HA 0000000180041b10 f   PlugInUtilities:AppVerify.obj
 0001:00040b20       ?dtor$5@?0??LogVerificationErrorProc@@YAXPEBD0I0@Z@4HA 0000000180041b20 f   PlugInUtilities:AppVerify.obj
 0001:00040b30       ?dtor$6@?0??LogVerificationErrorProc@@YAXPEBD0I0@Z@4HA 0000000180041b30 f   PlugInUtilities:AppVerify.obj
 0001:00040b40       ?dtor$7@?0??LogVerificationErrorProc@@YAXPEBD0I0@Z@4HA 0000000180041b40 f   PlugInUtilities:AppVerify.obj
 0001:00040b50       ?dtor$8@?0??LogVerificationErrorProc@@YAXPEBD0I0@Z@4HA 0000000180041b50 f   PlugInUtilities:AppVerify.obj
 0001:00040b60       ?dtor$9@?0??LogVerificationErrorProc@@YAXPEBD0I0@Z@4HA 0000000180041b60 f   PlugInUtilities:AppVerify.obj
 0001:00040b70       ?dtor$16@?0??LogVerificationErrorProc@@YAXPEBD0I0@Z@4HA 0000000180041b70 f   PlugInUtilities:AppVerify.obj
 0001:00040bb0       ?dtor$17@?0??LogVerificationErrorProc@@YAXPEBD0I0@Z@4HA 0000000180041bb0 f   PlugInUtilities:AppVerify.obj
 0001:00040bd0       ?dtor$19@?0??LogVerificationErrorProc@@YAXPEBD0I0@Z@4HA 0000000180041bd0 f   PlugInUtilities:AppVerify.obj
 0001:00040be0       ?dtor$10@?0??LogVerificationErrorProc@@YAXPEBD0I0@Z@4HA 0000000180041be0 f   PlugInUtilities:AppVerify.obj
 0001:00040bf0       ?dtor$11@?0??LogVerificationErrorProc@@YAXPEBD0I0@Z@4HA 0000000180041bf0 f   PlugInUtilities:AppVerify.obj
 0001:00040c00       ?dtor$12@?0??LogVerificationErrorProc@@YAXPEBD0I0@Z@4HA 0000000180041c00 f   PlugInUtilities:AppVerify.obj
 0001:00040c10       ?dtor$13@?0??LogVerificationErrorProc@@YAXPEBD0I0@Z@4HA 0000000180041c10 f   PlugInUtilities:AppVerify.obj
 0001:00040c20       ?dtor$14@?0??LogVerificationErrorProc@@YAXPEBD0I0@Z@4HA 0000000180041c20 f   PlugInUtilities:AppVerify.obj
 0001:00040c30       ?dtor$15@?0??LogVerificationErrorProc@@YAXPEBD0I0@Z@4HA 0000000180041c30 f   PlugInUtilities:AppVerify.obj
 0001:00040c40       ?dtor$20@?0??LogVerificationErrorProc@@YAXPEBD0I0@Z@4HA 0000000180041c40 f   PlugInUtilities:AppVerify.obj
 0001:00040c59       _onexit$fin$0              0000000180041c59 f   MSVCRT:atonexit.obj
 0001:00040c74       ?filt$0@?0??__ArrayUnwind@@YAXPEAX_KHP6AX0@Z@Z@4HA 0000000180041c74 f   MSVCRT:ehvecdtr.obj
 0001:00040cb5       ?fin$0@?0???_M@YAXPEAX_KHP6AX0@Z@Z@4HA 0000000180041cb5 f   MSVCRT:ehvecdtr.obj
 0001:00040ce1       ?fin$0@?0???_L@YAXPEAX_KHP6AX0@Z2@Z@4HA 0000000180041ce1 f   MSVCRT:ehvecctr.obj
 0001:00040d0d       __DllMainCRTStartup$filt$0 0000000180041d0d f   MSVCRT:crtdll.obj
 0001:00040d3d       __DllMainCRTStartup$fin$1  0000000180041d3d f   MSVCRT:crtdll.obj
 0001:00040d60       _IsNonwritableInCurrentImage$filt$0 0000000180041d60 f   MSVCRT:pesect.obj
 0001:00040d90       ??__EchangeDetectionpluginFactory@OpticksCDFPlugin@@YAXXZ 0000000180041d90 f   changeDetection.obj
 0001:00040ea0       ??__EFusionpluginFactory@OpticksCDFPlugin@@YAXXZ 0000000180041ea0 f   Fusion.obj
 0001:00040fb0       ??__E?staticMetaObject@selectCDType@@2UQMetaObject@@B@@YAXXZ 0000000180041fb0 f   moc_selectcdtype.obj
 0001:00040fc0       ??__E?staticMetaObject@MainWindow_cd@@2UQMetaObject@@B@@YAXXZ 0000000180041fc0 f   moc_mainwindow_cd.obj
 0001:00040fd0       ??__E?staticMetaObject@MainWindow_fusion@@2UQMetaObject@@B@@YAXXZ 0000000180041fd0 f   moc_mainwindow_fusion.obj
 0001:00040fe0       ??__E?staticMetaObject@ClassBased@@2UQMetaObject@@B@@YAXXZ 0000000180041fe0 f   moc_classbased.obj
 0001:00040ff0       ??__E?staticMetaObject@paintbox@@2UQMetaObject@@B@@YAXXZ 0000000180041ff0 f   moc_paintbox.obj
 0001:00041000       ??__E?staticMetaObject@Paintbox2@@2UQMetaObject@@B@@YAXXZ 0000000180042000 f   moc_paintbox2.obj
 0001:00041010       ??__E?staticMetaObject@AttributeBased_cd@@2UQMetaObject@@B@@YAXXZ 0000000180042010 f   moc_attributebased_cd.obj
 0001:00041020       ??__E?staticMetaObject@pain2img@@2UQMetaObject@@B@@YAXXZ 0000000180042020 f   moc_pain2img.obj
 0001:00041030       ??__E?staticMetaObject@changeDetection@@2UQMetaObject@@B@@YAXXZ 0000000180042030 f   moc_changeDetection.obj
 0001:00041040       ??__E?staticMetaObject@Fusion@@2UQMetaObject@@B@@YAXXZ 0000000180042040 f   moc_Fusion.obj
 0001:00041050       ??__FchangeDetectionpluginFactory@OpticksCDFPlugin@@YAXXZ 0000000180042050 f   changeDetection.obj
 0001:00041090       ??__FFusionpluginFactory@OpticksCDFPlugin@@YAXXZ 0000000180042090 f   Fusion.obj
 0001:000410d0       ??__FsFactories@?1??factories@OpticksCDFPlugin@@YAAEAV?$vector@U?$pair@V?$basic_string@DU?$char_traits@D@std@@V?$allocator@D@2@@std@@PEAVPlugInFactory@@@std@@V?$allocator@U?$pair@V?$basic_string@DU?$char_traits@D@std@@V?$allocator@D@2@@std@@PEAVPlugInFactory@@@std@@@2@@std@@XZ@YAXXZ 00000001800420d0 f   ModuleManager.obj

 Exports

  ordinal    name

        1    OpticksCDFPluginInstantiatePlugIn
        2    opticks_get_module_descriptor
