 CDF

 Timestamp is 520e0605 (Fri Aug 16 16:29:17 2013)

 Preferred load address is 10000000

 Start         Length     Name                   Class
 0001:00000000 0004189eH .text                   CODE
 0001:000418a0 00004fa2H .text$x                 CODE
 0001:00046850 0000022bH .text$yc                CODE
 0001:00046a80 0000018eH .text$yd                CODE
 0002:00000000 00000a1cH .idata$5                DATA
 0002:00000a1c 00000004H .CRT$XCA                DATA
 0002:00000a20 00000044H .CRT$XCU                DATA
 0002:00000a64 00000004H .CRT$XCZ                DATA
 0002:00000a68 00000004H .CRT$XIA                DATA
 0002:00000a6c 00000004H .CRT$XIAA               DATA
 0002:00000a70 00000004H .CRT$XIC                DATA
 0002:00000a74 00000004H .CRT$XIZ                DATA
 0002:00000a80 00007450H .rdata                  DATA
 0002:00007ed0 0000006fH .rdata$debug            DATA
 0002:00007f40 00001d7cH .rdata$r                DATA
 0002:00009cc0 00000498H .rdata$sxdata           DATA
 0002:0000a158 00000004H .rtc$IAA                DATA
 0002:0000a15c 00000004H .rtc$IZZ                DATA
 0002:0000a160 00000004H .rtc$TAA                DATA
 0002:0000a164 00000004H .rtc$TZZ                DATA
 0002:0000a168 00006094H .xdata$x                DATA
 0002:000101fc 00000064H .idata$2                DATA
 0002:00010260 00000014H .idata$3                DATA
 0002:00010274 00000a1cH .idata$4                DATA
 0002:00010c90 00006d86H .idata$6                DATA
 0002:00017a20 00000084H .edata                  DATA
 0003:00000000 00000d00H .data                   DATA
 0003:00000d00 000003ecH .bss                    DATA

  Address         Publics by Value              Rva+Base       Lib:Object

 0000:00000000       __except_list              00000000     <absolute>
 0000:00000126       ___safe_se_handler_count   00000126     <absolute>
 0000:00009876       __fltused                  00009876     <absolute>
 0000:00009876       __ldused                   00009876     <absolute>
 0000:00000000       ___ImageBase               10000000     <linker-defined>
 0001:00000000       ??0bad_alloc@std@@QAE@PBD@Z 10001000 f i attributebased_cd.obj
 0001:00000020       ??1bad_alloc@std@@UAE@XZ   10001020 f i attributebased_cd.obj
 0001:00000030       ??_Gbad_alloc@std@@UAEPAXI@Z 10001030 f i attributebased_cd.obj
 0001:00000030       ??_Ebad_alloc@std@@UAEPAXI@Z 10001030 f i attributebased_cd.obj
 0001:00000060       ??2@YAPAXIPAX@Z            10001060 f i attributebased_cd.obj
 0001:00000070       ??3@YAXPAX0@Z              10001070 f i attributebased_cd.obj
 0001:00000080       ?length@?$char_traits@D@std@@SAIPBD@Z 10001080 f i attributebased_cd.obj
 0001:000000a0       ?copy@?$char_traits@D@std@@SAPADPADPBDI@Z 100010a0 f i attributebased_cd.obj
 0001:000000b0       ?move@?$char_traits@D@std@@SAPADPADPBDI@Z 100010b0 f i attributebased_cd.obj
 0001:000000c0       ?assign@?$char_traits@D@std@@SAXAADABD@Z 100010c0 f i attributebased_cd.obj
 0001:000000d0       ?eq_int_type@?$char_traits@D@std@@SA_NABH0@Z 100010d0 f i attributebased_cd.obj
 0001:000000f0       ?eof@?$char_traits@D@std@@SAHXZ 100010f0 f i attributebased_cd.obj
 0001:00000100       ?_Adopt@_Iterator_base0@std@@QAEXPBX@Z 10001100 f i attributebased_cd.obj
 0001:00000110       ?retranslateUi@Ui_AttributeBased_cd@@QAEXPAVQWidget@@@Z 10001110 f i attributebased_cd.obj
 0001:00000bd0       ?on_lineEdit_2_returnPressed@AttributeBased_cd@@AAEXXZ 10001bd0 f   attributebased_cd.obj
 0001:00000c50       ?on_lineEdit_returnPressed@AttributeBased_cd@@AAEXXZ 10001c50 f   attributebased_cd.obj
 0001:00000cd0       ?on_lineEdit_3_returnPressed@AttributeBased_cd@@AAEXXZ 10001cd0 f   attributebased_cd.obj
 0001:00000d50       ?on_lineEdit_4_returnPressed@AttributeBased_cd@@AAEXXZ 10001d50 f   attributebased_cd.obj
 0001:00000dd0       ?on_lineEdit_5_returnPressed@AttributeBased_cd@@AAEXXZ 10001dd0 f   attributebased_cd.obj
 0001:00000e50       ?on_lineEdit_6_returnPressed@AttributeBased_cd@@AAEXXZ 10001e50 f   attributebased_cd.obj
 0001:00000ed0       ?on_lineEdit_7_returnPressed@AttributeBased_cd@@AAEXXZ 10001ed0 f   attributebased_cd.obj
 0001:00000f50       ?on_lineEdit_8_returnPressed@AttributeBased_cd@@AAEXXZ 10001f50 f   attributebased_cd.obj
 0001:00000fd0       ?on_lineEdit_9_returnPressed@AttributeBased_cd@@AAEXXZ 10001fd0 f   attributebased_cd.obj
 0001:00001050       ?on_lineEdit_10_returnPressed@AttributeBased_cd@@AAEXXZ 10002050 f   attributebased_cd.obj
 0001:000010d0       ?on_lineEdit_11_returnPressed@AttributeBased_cd@@AAEXXZ 100020d0 f   attributebased_cd.obj
 0001:00001150       ?on_lineEdit_12_returnPressed@AttributeBased_cd@@AAEXXZ 10002150 f   attributebased_cd.obj
 0001:000011d0       ?on_lineEdit_13_returnPressed@AttributeBased_cd@@AAEXXZ 100021d0 f   attributebased_cd.obj
 0001:00001250       ?on_lineEdit_14_returnPressed@AttributeBased_cd@@AAEXXZ 10002250 f   attributebased_cd.obj
 0001:000012d0       ?on_lineEdit_15_returnPressed@AttributeBased_cd@@AAEXXZ 100022d0 f   attributebased_cd.obj
 0001:00001350       ?on_lineEdit_16_returnPressed@AttributeBased_cd@@AAEXXZ 10002350 f   attributebased_cd.obj
 0001:000013d0       ?on_lineEdit_17_returnPressed@AttributeBased_cd@@AAEXXZ 100023d0 f   attributebased_cd.obj
 0001:00001450       ?on_lineEdit_18_returnPressed@AttributeBased_cd@@AAEXXZ 10002450 f   attributebased_cd.obj
 0001:000014d0       ?on_lineEdit_19_returnPressed@AttributeBased_cd@@AAEXXZ 100024d0 f   attributebased_cd.obj
 0001:00001550       ?on_lineEdit_20_returnPressed@AttributeBased_cd@@AAEXXZ 10002550 f   attributebased_cd.obj
 0001:000015d0       ?on_lineEdit_21_returnPressed@AttributeBased_cd@@AAEXXZ 100025d0 f   attributebased_cd.obj
 0001:00001650       ?on_lineEdit_22_returnPressed@AttributeBased_cd@@AAEXXZ 10002650 f   attributebased_cd.obj
 0001:000016d0       ?on_lineEdit_23_returnPressed@AttributeBased_cd@@AAEXXZ 100026d0 f   attributebased_cd.obj
 0001:00001750       ?on_lineEdit_24_returnPressed@AttributeBased_cd@@AAEXXZ 10002750 f   attributebased_cd.obj
 0001:000017d0       ?on_lineEdit_25_returnPressed@AttributeBased_cd@@AAEXXZ 100027d0 f   attributebased_cd.obj
 0001:00001850       ?on_lineEdit_26_returnPressed@AttributeBased_cd@@AAEXXZ 10002850 f   attributebased_cd.obj
 0001:000018d0       ?on_lineEdit_27_returnPressed@AttributeBased_cd@@AAEXXZ 100028d0 f   attributebased_cd.obj
 0001:00001950       ?on_lineEdit_28_returnPressed@AttributeBased_cd@@AAEXXZ 10002950 f   attributebased_cd.obj
 0001:000019d0       ?on_pushButton_2_clicked@AttributeBased_cd@@AAEXXZ 100029d0 f   attributebased_cd.obj
 0001:00001ac0       ?on_pushButton_3_clicked@AttributeBased_cd@@AAEXXZ 10002ac0 f   attributebased_cd.obj
 0001:00001bb0       ?on_pushButton_4_clicked@AttributeBased_cd@@AAEXXZ 10002bb0 f   attributebased_cd.obj
 0001:00001ca0       ?on_pushButton_5_clicked@AttributeBased_cd@@AAEXXZ 10002ca0 f   attributebased_cd.obj
 0001:00001d90       ?on_pushButton_6_clicked@AttributeBased_cd@@AAEXXZ 10002d90 f   attributebased_cd.obj
 0001:00001e70       ?on_pushButton_7_clicked@AttributeBased_cd@@AAEXXZ 10002e70 f   attributebased_cd.obj
 0001:00001f60       ?on_pushButton_8_clicked@AttributeBased_cd@@AAEXXZ 10002f60 f   attributebased_cd.obj
 0001:00002050       ?on_pushButton_9_clicked@AttributeBased_cd@@AAEXXZ 10003050 f   attributebased_cd.obj
 0001:00002140       ?on_pushButton_10_clicked@AttributeBased_cd@@AAEXXZ 10003140 f   attributebased_cd.obj
 0001:00002220       ?on_pushButton_11_clicked@AttributeBased_cd@@AAEXXZ 10003220 f   attributebased_cd.obj
 0001:000022f0       ?on_pushButton_12_clicked@AttributeBased_cd@@AAEXXZ 100032f0 f   attributebased_cd.obj
 0001:000023c0       ?on_pushButton_13_clicked@AttributeBased_cd@@AAEXXZ 100033c0 f   attributebased_cd.obj
 0001:000024b0       ?on_pushButton_14_clicked@AttributeBased_cd@@AAEXXZ 100034b0 f   attributebased_cd.obj
 0001:000025a0       ?on_pushButton_15_clicked@AttributeBased_cd@@AAEXXZ 100035a0 f   attributebased_cd.obj
 0001:00002670       ?on_pushButton_16_clicked@AttributeBased_cd@@AAEXXZ 10003670 f   attributebased_cd.obj
 0001:00002ca0       ??0?$QFlags@W4WindowType@Qt@@@@QAE@PAPAX@Z 10003ca0 f i attributebased_cd.obj
 0001:00002cb0       ??0?$QFlags@W4AlignmentFlag@Qt@@@@QAE@PAPAX@Z 10003cb0 f i attributebased_cd.obj
 0001:00002cc0       ?size@?$basic_string@DU?$char_traits@D@std@@V?$allocator@D@2@@std@@QBEIXZ 10003cc0 f i attributebased_cd.obj
 0001:00002cd0       ?size@?$vector@HV?$allocator@H@std@@@std@@QBEIXZ 10003cd0 f i attributebased_cd.obj
 0001:00002ce0       ??A?$vector@HV?$allocator@H@std@@@std@@QAEAAHI@Z 10003ce0 f i attributebased_cd.obj
 0001:00002cf0       ?_Myptr@?$basic_string@DU?$char_traits@D@std@@V?$allocator@D@2@@std@@QBEPBDXZ 10003cf0 f i attributebased_cd.obj
 0001:00002d00       ??1?$_String_val@DV?$allocator@D@std@@@std@@QAE@XZ 10003d00 f i attributebased_cd.obj
 0001:00002d10       ??0?$allocator@D@std@@QAE@XZ 10003d10 f i attributebased_cd.obj
 0001:00002d20       ??0?$allocator@D@std@@QAE@ABV01@@Z 10003d20 f i attributebased_cd.obj
 0001:00002d30       ?_Inside@?$vector@HV?$allocator@H@std@@@std@@IBE_NPBH@Z 10003d30 f i attributebased_cd.obj
 0001:00002d50       ?_Orphan_range@?$vector@HV?$allocator@H@std@@@std@@IBEXPAH0@Z 10003d50 f i attributebased_cd.obj
 0001:00002d60       ??1?$_Vector_val@HV?$allocator@H@std@@@std@@QAE@XZ 10003d60 f i attributebased_cd.obj
 0001:00002d70       ??0?$allocator@H@std@@QAE@XZ 10003d70 f i attributebased_cd.obj
 0001:00002d80       ??0?$allocator@H@std@@QAE@ABV01@@Z 10003d80 f i attributebased_cd.obj
 0001:00002d90       ??D?$_Vector_const_iterator@V?$_Vector_val@HV?$allocator@H@std@@@std@@@std@@QBEABHXZ 10003d90 f i attributebased_cd.obj
 0001:00002da0       ??E?$_Vector_const_iterator@V?$_Vector_val@HV?$allocator@H@std@@@std@@@std@@QAEAAV01@XZ 10003da0 f i attributebased_cd.obj
 0001:00002db0       ??Bsentry@?$basic_ostream@DU?$char_traits@D@std@@@std@@QBEPQ_Bool_struct@2@HXZ 10003db0 f i attributebased_cd.obj
 0001:00002dc0       ?_Myptr@?$basic_string@DU?$char_traits@D@std@@V?$allocator@D@2@@std@@QAEPADXZ 10003dc0 f i attributebased_cd.obj
 0001:00002dd0       ?_Xran@?$basic_string@DU?$char_traits@D@std@@V?$allocator@D@2@@std@@QBEXXZ 10003dd0 f i attributebased_cd.obj
 0001:00002de0       ?deallocate@?$allocator@D@std@@QAEXPADI@Z 10003de0 f i attributebased_cd.obj
 0001:00002df0       ?capacity@?$vector@HV?$allocator@H@std@@@std@@QBEIXZ 10003df0 f i attributebased_cd.obj
 0001:00002e00       ?_Xlen@?$vector@HV?$allocator@H@std@@@std@@IBEXXZ 10003e00 f i attributebased_cd.obj
 0001:00002e10       ?deallocate@?$allocator@H@std@@QAEXPAHI@Z 10003e10 f i attributebased_cd.obj
 0001:00002e20       ??0?$_Vector_const_iterator@V?$_Vector_val@HV?$allocator@H@std@@@std@@@std@@QAE@PAHPBU_Container_base0@1@@Z 10003e20 f i attributebased_cd.obj
 0001:00002e30       ?_Compat@?$_Vector_const_iterator@V?$_Vector_val@HV?$allocator@H@std@@@std@@@std@@QBEXABV12@@Z 10003e30 f i attributebased_cd.obj
 0001:00002e40       ??0_Sentry_base@?$basic_ostream@DU?$char_traits@D@std@@@std@@QAE@AAV12@@Z 10003e40 f i attributebased_cd.obj
 0001:00002e70       ??1_Sentry_base@?$basic_ostream@DU?$char_traits@D@std@@@std@@QAE@XZ 10003e70 f i attributebased_cd.obj
 0001:00002e90       ?_Xlen@?$basic_string@DU?$char_traits@D@std@@V?$allocator@D@2@@std@@QBEXXZ 10003e90 f i attributebased_cd.obj
 0001:00002ea0       ?max_size@?$allocator@H@std@@QBEIXZ 10003ea0 f i attributebased_cd.obj
 0001:00002eb0       ??Y?$_Vector_const_iterator@V?$_Vector_val@HV?$allocator@H@std@@@std@@@std@@QAEAAV01@H@Z 10003eb0 f i attributebased_cd.obj
 0001:00002ed0       ?max_size@?$allocator@D@std@@QBEIXZ 10003ed0 f i attributebased_cd.obj
 0001:00002ee0       ??$addressof@$$CBH@std@@YAPBHABH@Z 10003ee0 f i attributebased_cd.obj
 0001:00002ef0       ??$_Allocate@H@std@@YAPAHIPAH@Z 10003ef0 f i attributebased_cd.obj
 0001:00002f50       ??$_Allocate@D@std@@YAPADIPAD@Z 10003f50 f i attributebased_cd.obj
 0001:00002fb0       ??0bad_alloc@std@@QAE@ABV01@@Z 10003fb0 f i attributebased_cd.obj
 0001:00002fd0       ??$forward@AAH@std@@YAAAHAAH@Z 10003fd0 f i attributebased_cd.obj
 0001:00002fe0       ??$construct@AAH@?$allocator@H@std@@QAEXPAHAAH@Z 10003fe0 f i attributebased_cd.obj
 0001:00003000       ??$forward@ABH@std@@YAABHABH@Z 10004000 f i attributebased_cd.obj
 0001:00003010       ??$_Ptr_cat@HH@std@@YA?AU_Scalar_ptr_iterator_tag@0@PAH0@Z 10004010 f i attributebased_cd.obj
 0001:00003020       ??$_Move@PAHPAH@std@@YAPAHPAH00U_Scalar_ptr_iterator_tag@0@@Z 10004020 f i attributebased_cd.obj
 0001:00003050       ??$_Destroy_range@V?$allocator@H@std@@@std@@YAXPAH0AAV?$allocator@H@0@U_Scalar_ptr_iterator_tag@0@@Z 10004050 f i attributebased_cd.obj
 0001:00003060       ??$_Construct@HABH@std@@YAXPAHABH@Z 10004060 f i attributebased_cd.obj
 0001:00003080       ??$_Ptr_cat@V?$_Vector_const_iterator@V?$_Vector_val@HV?$allocator@H@std@@@std@@@std@@PAH@std@@YA?AU_Nonscalar_ptr_iterator_tag@0@AAV?$_Vector_const_iterator@V?$_Vector_val@HV?$allocator@H@std@@@std@@@0@AAPAH@Z 10004080 f i attributebased_cd.obj
 0001:00003090       ??$_Val_type@PAH@std@@YAPAHPAH@Z 10004090 f i attributebased_cd.obj
 0001:000030a0       ??$_Uninit_move@HHH@std@@YAPAHPAH00AAV?$allocator@H@0@0U_Scalar_ptr_iterator_tag@0@@Z 100040a0 f i attributebased_cd.obj
 0001:000030d0       ??$_Destroy@H@std@@YAXPAH@Z 100040d0 f i attributebased_cd.obj
 0001:000030f0       ?setupUi@Ui_AttributeBased_cd@@QAEXPAVQWidget@@@Z 100040f0 f i attributebased_cd.obj
 0001:00007020       ??_EQLabel@@UAEPAXI@Z      10008020 f i attributebased_cd.obj
 0001:00007020       ??_GQLabel@@UAEPAXI@Z      10008020 f i attributebased_cd.obj
 0001:00007040       ??_GQWidget@@UAEPAXI@Z     10008040 f i attributebased_cd.obj
 0001:00007040       ??_EQWidget@@UAEPAXI@Z     10008040 f i attributebased_cd.obj
 0001:00007060       ??_EQVBoxLayout@@UAEPAXI@Z 10008060 f i attributebased_cd.obj
 0001:00007060       ??_GQVBoxLayout@@UAEPAXI@Z 10008060 f i attributebased_cd.obj
 0001:00007080       ??_GQHBoxLayout@@UAEPAXI@Z 10008080 f i attributebased_cd.obj
 0001:00007080       ??_EQHBoxLayout@@UAEPAXI@Z 10008080 f i attributebased_cd.obj
 0001:000070a0       ??_EQRadioButton@@UAEPAXI@Z 100080a0 f i attributebased_cd.obj
 0001:000070a0       ??_GQRadioButton@@UAEPAXI@Z 100080a0 f i attributebased_cd.obj
 0001:000070c0       ??_GQLineEdit@@UAEPAXI@Z   100080c0 f i attributebased_cd.obj
 0001:000070c0       ??_EQLineEdit@@UAEPAXI@Z   100080c0 f i attributebased_cd.obj
 0001:000070e0       ??_GQPushButton@@UAEPAXI@Z 100080e0 f i attributebased_cd.obj
 0001:000070e0       ??_EQPushButton@@UAEPAXI@Z 100080e0 f i attributebased_cd.obj
 0001:00007100       ??_EQSplitter@@UAEPAXI@Z   10008100 f i attributebased_cd.obj
 0001:00007100       ??_GQSplitter@@UAEPAXI@Z   10008100 f i attributebased_cd.obj
 0001:00007120       ??_GQTextBrowser@@UAEPAXI@Z 10008120 f i attributebased_cd.obj
 0001:00007120       ??_EQTextBrowser@@UAEPAXI@Z 10008120 f i attributebased_cd.obj
 0001:00007140       ??_EQLabel@@W7AEPAXI@Z     10008140 f i attributebased_cd.obj
 0001:00007150       ??_EQPushButton@@W7AEPAXI@Z 10008150 f i attributebased_cd.obj
 0001:00007160       ??_EQSplitter@@W7AEPAXI@Z  10008160 f i attributebased_cd.obj
 0001:00007170       ??_EQLineEdit@@W7AEPAXI@Z  10008170 f i attributebased_cd.obj
 0001:00007180       ??_EQWidget@@W7AEPAXI@Z    10008180 f i attributebased_cd.obj
 0001:00007190       ??_EQRadioButton@@W7AEPAXI@Z 10008190 f i attributebased_cd.obj
 0001:000071a0       ??_EQTextBrowser@@W7AEPAXI@Z 100081a0 f i attributebased_cd.obj
 0001:000071b0       ??_EQVBoxLayout@@W7AEPAXI@Z 100081b0 f i attributebased_cd.obj
 0001:000071c0       ??_EQHBoxLayout@@W7AEPAXI@Z 100081c0 f i attributebased_cd.obj
 0001:000071d0       ??D?$_Vector_iterator@V?$_Vector_val@HV?$allocator@H@std@@@std@@@std@@QBEAAHXZ 100081d0 f i attributebased_cd.obj
 0001:000071e0       ??E?$_Vector_iterator@V?$_Vector_val@HV?$allocator@H@std@@@std@@@std@@QAEAAV01@XZ 100081e0 f i attributebased_cd.obj
 0001:000071f0       ??0?$_String_val@DV?$allocator@D@std@@@std@@QAE@V?$allocator@D@1@@Z 100081f0 f i attributebased_cd.obj
 0001:00007200       ?begin@?$vector@HV?$allocator@H@std@@@std@@QBE?AV?$_Vector_const_iterator@V?$_Vector_val@HV?$allocator@H@std@@@std@@@2@XZ 10008200 f i attributebased_cd.obj
 0001:00007210       ?end@?$vector@HV?$allocator@H@std@@@std@@QBE?AV?$_Vector_const_iterator@V?$_Vector_val@HV?$allocator@H@std@@@std@@@2@XZ 10008210 f i attributebased_cd.obj
 0001:00007220       ??0?$_Vector_val@HV?$allocator@H@std@@@std@@QAE@V?$allocator@H@1@@Z 10008220 f i attributebased_cd.obj
 0001:00007230       ??0?$_Vector_iterator@V?$_Vector_val@HV?$allocator@H@std@@@std@@@std@@QAE@PAHPBU_Container_base0@1@@Z 10008230 f i attributebased_cd.obj
 0001:00007240       ??8?$_Vector_const_iterator@V?$_Vector_val@HV?$allocator@H@std@@@std@@@std@@QBE_NABV01@@Z 10008240 f i attributebased_cd.obj
 0001:00007250       ??0sentry@?$basic_ostream@DU?$char_traits@D@std@@@std@@QAE@AAV12@@Z 10008250 f i attributebased_cd.obj
 0001:000072e0       ??1sentry@?$basic_ostream@DU?$char_traits@D@std@@@std@@QAE@XZ 100082e0 f i attributebased_cd.obj
 0001:00007350       ?_Eos@?$basic_string@DU?$char_traits@D@std@@V?$allocator@D@2@@std@@QAEXI@Z 10008350 f i attributebased_cd.obj
 0001:00007370       ?_Inside@?$basic_string@DU?$char_traits@D@std@@V?$allocator@D@2@@std@@QAE_NPBD@Z 10008370 f i attributebased_cd.obj
 0001:000073b0       ?max_size@?$vector@HV?$allocator@H@std@@@std@@QBEIXZ 100083b0 f i attributebased_cd.obj
 0001:000073c0       ?_Grow_to@?$vector@HV?$allocator@H@std@@@std@@IBEII@Z 100083c0 f i attributebased_cd.obj
 0001:000073f0       ?allocate@?$allocator@H@std@@QAEPAHI@Z 100083f0 f i attributebased_cd.obj
 0001:00007450       ??Y?$_Vector_iterator@V?$_Vector_val@HV?$allocator@H@std@@@std@@@std@@QAEAAV01@H@Z 10008450 f i attributebased_cd.obj
 0001:00007470       ?erase@?$basic_string@DU?$char_traits@D@std@@V?$allocator@D@2@@std@@QAEAAV12@II@Z 10008470 f i attributebased_cd.obj
 0001:000074f0       ?max_size@?$basic_string@DU?$char_traits@D@std@@V?$allocator@D@2@@std@@QBEIXZ 100084f0 f i attributebased_cd.obj
 0001:00007500       ?allocate@?$allocator@D@std@@QAEPADI@Z 10008500 f i attributebased_cd.obj
 0001:00007560       ??$?6U?$char_traits@D@std@@@std@@YAAAV?$basic_ostream@DU?$char_traits@D@std@@@0@AAV10@PBD@Z 10008560 f i attributebased_cd.obj
 0001:000077a0       ??$_Cons_val@V?$allocator@H@std@@HAAH@std@@YAXAAV?$allocator@H@0@PAHAAH@Z 100087a0 f i attributebased_cd.obj
 0001:000077c0       ??$_Move@PAHPAH@std@@YAPAHPAH00@Z 100087c0 f i attributebased_cd.obj
 0001:000077f0       ??$_Destroy_range@V?$allocator@H@std@@@std@@YAXPAH0AAV?$allocator@H@0@@Z 100087f0 f i attributebased_cd.obj
 0001:00007800       ?construct@?$allocator@H@std@@QAEXPAHABH@Z 10008800 f i attributebased_cd.obj
 0001:00007820       ??$_Uninitialized_move@PAHPAHV?$allocator@H@std@@@std@@YAPAHPAH00AAV?$allocator@H@0@@Z 10008820 f i attributebased_cd.obj
 0001:00007850       ?destroy@?$allocator@H@std@@QAEXPAH@Z 10008850 f i attributebased_cd.obj
 0001:00007860       ??0?$vector@HV?$allocator@H@std@@@std@@QAE@XZ 10008860 f i attributebased_cd.obj
 0001:00007870       ?begin@?$vector@HV?$allocator@H@std@@@std@@QAE?AV?$_Vector_iterator@V?$_Vector_val@HV?$allocator@H@std@@@std@@@2@XZ 10008870 f i attributebased_cd.obj
 0001:00007880       ?end@?$vector@HV?$allocator@H@std@@@std@@QAE?AV?$_Vector_iterator@V?$_Vector_val@HV?$allocator@H@std@@@std@@@2@XZ 10008880 f i attributebased_cd.obj
 0001:00007890       ??9?$_Vector_const_iterator@V?$_Vector_val@HV?$allocator@H@std@@@std@@@std@@QBE_NABV01@@Z 10008890 f i attributebased_cd.obj
 0001:000078a0       ?_Tidy@?$basic_string@DU?$char_traits@D@std@@V?$allocator@D@2@@std@@QAEX_NI@Z 100088a0 f i attributebased_cd.obj
 0001:000078f0       ?_Make_iter@?$vector@HV?$allocator@H@std@@@std@@QBE?AV?$_Vector_iterator@V?$_Vector_val@HV?$allocator@H@std@@@std@@@2@V?$_Vector_const_iterator@V?$_Vector_val@HV?$allocator@H@std@@@std@@@2@@Z 100088f0 f i attributebased_cd.obj
 0001:00007900       ?_Buy@?$vector@HV?$allocator@H@std@@@std@@IAE_NI@Z 10008900 f i attributebased_cd.obj
 0001:00007950       ?_Destroy@?$vector@HV?$allocator@H@std@@@std@@IAEXPAH0@Z 10008950 f i attributebased_cd.obj
 0001:00007960       ?_Tidy@?$vector@HV?$allocator@H@std@@@std@@IAEXXZ 10008960 f i attributebased_cd.obj
 0001:00007990       ??Z?$_Vector_iterator@V?$_Vector_val@HV?$allocator@H@std@@@std@@@std@@QAEAAV01@H@Z 10008990 f i attributebased_cd.obj
 0001:000079b0       ?_Copy@?$basic_string@DU?$char_traits@D@std@@V?$allocator@D@2@@std@@QAEXII@Z 100089b0 f i attributebased_cd.obj
 0001:00007b10       ??$_Cons_val@V?$allocator@H@std@@HABH@std@@YAXAAV?$allocator@H@0@PAHABH@Z 10008b10 f i attributebased_cd.obj
 0001:00007b30       ??$_Umove@PAH@?$vector@HV?$allocator@H@std@@@std@@IAEPAHPAH00@Z 10008b30 f i attributebased_cd.obj
 0001:00007b60       ??$_Dest_val@V?$allocator@H@std@@H@std@@YAXAAV?$allocator@H@0@PAH@Z 10008b60 f i attributebased_cd.obj
 0001:00007b70       ??0?$basic_string@DU?$char_traits@D@std@@V?$allocator@D@2@@std@@QAE@XZ 10008b70 f i attributebased_cd.obj
 0001:00007b90       ??1?$basic_string@DU?$char_traits@D@std@@V?$allocator@D@2@@std@@QAE@XZ 10008b90 f i attributebased_cd.obj
 0001:00007bc0       ??1?$vector@HV?$allocator@H@std@@@std@@QAE@XZ 10008bc0 f i attributebased_cd.obj
 0001:00007bf0       ?erase@?$vector@HV?$allocator@H@std@@@std@@QAE?AV?$_Vector_iterator@V?$_Vector_val@HV?$allocator@H@std@@@std@@@2@V?$_Vector_const_iterator@V?$_Vector_val@HV?$allocator@H@std@@@std@@@2@0@Z 10008bf0 f i attributebased_cd.obj
 0001:00007c40       ?clear@?$vector@HV?$allocator@H@std@@@std@@QAEXXZ 10008c40 f i attributebased_cd.obj
 0001:00007c80       ??G?$_Vector_iterator@V?$_Vector_val@HV?$allocator@H@std@@@std@@@std@@QBE?AV01@H@Z 10008c80 f i attributebased_cd.obj
 0001:00007ca0       ?_Grow@?$basic_string@DU?$char_traits@D@std@@V?$allocator@D@2@@std@@QAE_NI_N@Z 10008ca0 f i attributebased_cd.obj
 0001:00007d50       ?reserve@?$vector@HV?$allocator@H@std@@@std@@QAEXI@Z 10008d50 f i attributebased_cd.obj
 0001:00007dd0       ??$_Uninit_copy@V?$_Vector_const_iterator@V?$_Vector_val@HV?$allocator@H@std@@@std@@@std@@PAHV?$allocator@H@2@@std@@YAPAHV?$_Vector_const_iterator@V?$_Vector_val@HV?$allocator@H@std@@@std@@@0@0PAHAAV?$allocator@H@0@U_Nonscalar_ptr_iterator_tag@0@@Z 10008dd0 f i attributebased_cd.obj
 0001:00007e00       ??1AttributeBased_cd@@UAE@XZ 10008e00 f   attributebased_cd.obj
 0001:00007fb0       ??_EAttributeBased_cd@@W7AEPAXI@Z 10008fb0 f i attributebased_cd.obj
 0001:00007fc0       ?_Reserve@?$vector@HV?$allocator@H@std@@@std@@IAEXI@Z 10008fc0 f i attributebased_cd.obj
 0001:00008030       ?assign@?$basic_string@DU?$char_traits@D@std@@V?$allocator@D@2@@std@@QAEAAV12@ABV12@II@Z 10009030 f i attributebased_cd.obj
 0001:00008120       ??$_Uninitialized_copy@V?$_Vector_const_iterator@V?$_Vector_val@HV?$allocator@H@std@@@std@@@std@@PAHV?$allocator@H@2@@std@@YAPAHV?$_Vector_const_iterator@V?$_Vector_val@HV?$allocator@H@std@@@std@@@0@0PAHAAV?$allocator@H@0@@Z 10009120 f i attributebased_cd.obj
 0001:00008150       ??_EAttributeBased_cd@@UAEPAXI@Z 10009150 f i attributebased_cd.obj
 0001:00008150       ??_GAttributeBased_cd@@UAEPAXI@Z 10009150 f i attributebased_cd.obj
 0001:00008170       ?push_back@?$vector@HV?$allocator@H@std@@@std@@QAEXABH@Z 10009170 f i attributebased_cd.obj
 0001:000081e0       ?assign@?$basic_string@DU?$char_traits@D@std@@V?$allocator@D@2@@std@@QAEAAV12@PBDI@Z 100091e0 f i attributebased_cd.obj
 0001:000082e0       ?assign@?$basic_string@DU?$char_traits@D@std@@V?$allocator@D@2@@std@@QAEAAV12@PBD@Z 100092e0 f i attributebased_cd.obj
 0001:00008310       ??$_Ucopy@V?$_Vector_const_iterator@V?$_Vector_val@HV?$allocator@H@std@@@std@@@std@@@?$vector@HV?$allocator@H@std@@@std@@IAEPAHV?$_Vector_const_iterator@V?$_Vector_val@HV?$allocator@H@std@@@std@@@1@0PAH@Z 10009310 f i attributebased_cd.obj
 0001:00008340       ?on_radioButton_clicked@AttributeBased_cd@@AAEXXZ 10009340 f   attributebased_cd.obj
 0001:000093c0       ?on_radioButton_2_clicked@AttributeBased_cd@@AAEXXZ 1000a3c0 f   attributebased_cd.obj
 0001:0000a2b0       ??4?$basic_string@DU?$char_traits@D@std@@V?$allocator@D@2@@std@@QAEAAV01@PBD@Z 1000b2b0 f i attributebased_cd.obj
 0001:0000a2e0       ??0?$vector@HV?$allocator@H@std@@@std@@QAE@ABV01@@Z 1000b2e0 f i attributebased_cd.obj
 0001:0000a3a0       ??0AttributeBased_cd@@QAE@HHPAPAH00PAPAPAH1VImage@@2HPAVQWidget@@@Z 1000b3a0 f   attributebased_cd.obj
 0001:0000b360       ?on_radioButton_3_clicked@AttributeBased_cd@@AAEXXZ 1000c360 f   attributebased_cd.obj
 0001:0000b5a0       ?on_radioButton_4_clicked@AttributeBased_cd@@AAEXXZ 1000c5a0 f   attributebased_cd.obj
 0001:0000b850       ?on_radioButton_5_clicked@AttributeBased_cd@@AAEXXZ 1000c850 f   attributebased_cd.obj
 0001:0000bb00       ?on_pushButton_clicked@AttributeBased_cd@@AAEXXZ 1000cb00 f   attributebased_cd.obj
 0001:0000bd50       ?on_radioButton_6_clicked@AttributeBased_cd@@AAEXXZ 1000cd50 f   attributebased_cd.obj
 0001:0000bf90       ?on_radioButton_7_clicked@AttributeBased_cd@@AAEXXZ 1000cf90 f   attributebased_cd.obj
 0001:0000c1d0       ?on_radioButton_8_clicked@AttributeBased_cd@@AAEXXZ 1000d1d0 f   attributebased_cd.obj
 0001:0000c410       ?on_radioButton_9_clicked@AttributeBased_cd@@AAEXXZ 1000d410 f   attributebased_cd.obj
 0001:0000c6c0       ?on_radioButton_10_clicked@AttributeBased_cd@@AAEXXZ 1000d6c0 f   attributebased_cd.obj
 0001:0000c970       ?on_radioButton_11_clicked@AttributeBased_cd@@AAEXXZ 1000d970 f   attributebased_cd.obj
 0001:0000cc20       ?on_radioButton_12_clicked@AttributeBased_cd@@AAEXXZ 1000dc20 f   attributebased_cd.obj
 0001:0000ce60       ?on_radioButton_13_clicked@AttributeBased_cd@@AAEXXZ 1000de60 f   attributebased_cd.obj
 0001:0000d110       ?on_radioButton_14_clicked@AttributeBased_cd@@AAEXXZ 1000e110 f   attributebased_cd.obj
 0001:0000d3c0       ?on_radioButton_15_clicked@AttributeBased_cd@@AAEXXZ 1000e3c0 f   attributebased_cd.obj
 0001:0000d670       ?on_radioButton_16_clicked@AttributeBased_cd@@AAEXXZ 1000e670 f   attributebased_cd.obj
 0001:0000d920       ??0PlugInFactory@@QAE@XZ   1000e920 f i changeDetection.obj
 0001:0000d930       ??1PlugInFactory@@UAE@XZ   1000e930 f i changeDetection.obj
 0001:0000d940       ??_GPlugInFactory@@UAEPAXI@Z 1000e940 f i changeDetection.obj
 0001:0000d940       ??_EPlugInFactory@@UAEPAXI@Z 1000e940 f i changeDetection.obj
 0001:0000d960       ??1changeDetection@@UAE@XZ 1000e960 f   changeDetection.obj
 0001:0000d9c0       ?getWidget@changeDetection@@MBEPAVQWidget@@XZ 1000e9c0 f   changeDetection.obj
 0001:0000d9d0       ?dialogClosed@changeDetection@@IAEXXZ 1000e9d0 f   changeDetection.obj
 0001:0000d9e0       ??C?$Service@VDesktopServices@@@@QBEPAVDesktopServices@@XZ 1000e9e0 f i changeDetection.obj
 0001:0000d9f0       ?capacity@?$vector@V?$basic_string@DU?$char_traits@D@std@@V?$allocator@D@2@@std@@V?$allocator@V?$basic_string@DU?$char_traits@D@std@@V?$allocator@D@2@@std@@@2@@std@@QBEIXZ 1000e9f0 f i changeDetection.obj
 0001:0000da10       ?size@?$vector@V?$basic_string@DU?$char_traits@D@std@@V?$allocator@D@2@@std@@V?$allocator@V?$basic_string@DU?$char_traits@D@std@@V?$allocator@D@2@@std@@@2@@std@@QBEIXZ 1000ea10 f i changeDetection.obj
 0001:0000da30       ?_Inside@?$vector@V?$basic_string@DU?$char_traits@D@std@@V?$allocator@D@2@@std@@V?$allocator@V?$basic_string@DU?$char_traits@D@std@@V?$allocator@D@2@@std@@@2@@std@@IBE_NPBV?$basic_string@DU?$char_traits@D@std@@V?$allocator@D@2@@2@@Z 1000ea30 f i changeDetection.obj
 0001:0000da50       ?_Orphan_range@?$vector@V?$basic_string@DU?$char_traits@D@std@@V?$allocator@D@2@@std@@V?$allocator@V?$basic_string@DU?$char_traits@D@std@@V?$allocator@D@2@@std@@@2@@std@@IBEXPAV?$basic_string@DU?$char_traits@D@std@@V?$allocator@D@2@@2@0@Z 1000ea50 f i changeDetection.obj
 0001:0000da60       ??1?$_Vector_val@V?$basic_string@DU?$char_traits@D@std@@V?$allocator@D@2@@std@@V?$allocator@V?$basic_string@DU?$char_traits@D@std@@V?$allocator@D@2@@std@@@2@@std@@QAE@XZ 1000ea60 f i changeDetection.obj
 0001:0000da70       ??0?$allocator@V?$basic_string@DU?$char_traits@D@std@@V?$allocator@D@2@@std@@@std@@QAE@XZ 1000ea70 f i changeDetection.obj
 0001:0000da80       ??0?$allocator@V?$basic_string@DU?$char_traits@D@std@@V?$allocator@D@2@@std@@@std@@QAE@ABV01@@Z 1000ea80 f i changeDetection.obj
 0001:0000da90       ?deallocate@?$allocator@V?$basic_string@DU?$char_traits@D@std@@V?$allocator@D@2@@std@@@std@@QAEXPAV?$basic_string@DU?$char_traits@D@std@@V?$allocator@D@2@@2@I@Z 1000ea90 f i changeDetection.obj
 0001:0000daa0       ?get_allocator@?$basic_string@DU?$char_traits@D@std@@V?$allocator@D@2@@std@@QBE?AV?$allocator@D@2@XZ 1000eaa0 f i changeDetection.obj
 0001:0000dab0       ?_Xlen@?$vector@V?$basic_string@DU?$char_traits@D@std@@V?$allocator@D@2@@std@@V?$allocator@V?$basic_string@DU?$char_traits@D@std@@V?$allocator@D@2@@std@@@2@@std@@IBEXXZ 1000eab0 f i changeDetection.obj
 0001:0000dac0       ?max_size@?$allocator@V?$basic_string@DU?$char_traits@D@std@@V?$allocator@D@2@@std@@@std@@QBEIXZ 1000eac0 f i changeDetection.obj
 0001:0000dad0       ??$forward@V?$allocator@D@std@@@std@@YA$$QAV?$allocator@D@0@AAV10@@Z 1000ead0 f i changeDetection.obj
 0001:0000dae0       ??$forward@V?$basic_string@DU?$char_traits@D@std@@V?$allocator@D@2@@std@@@std@@YA$$QAV?$basic_string@DU?$char_traits@D@std@@V?$allocator@D@2@@0@AAV10@@Z 1000eae0 f i changeDetection.obj
 0001:0000daf0       ??$addressof@$$CBV?$basic_string@DU?$char_traits@D@std@@V?$allocator@D@2@@std@@@std@@YAPBV?$basic_string@DU?$char_traits@D@std@@V?$allocator@D@2@@0@ABV10@@Z 1000eaf0 f i changeDetection.obj
 0001:0000db00       ??$_Allocate@V?$basic_string@DU?$char_traits@D@std@@V?$allocator@D@2@@std@@@std@@YAPAV?$basic_string@DU?$char_traits@D@std@@V?$allocator@D@2@@0@IPAV10@@Z 1000eb00 f i changeDetection.obj
 0001:0000db70       ??$_Ptr_cat@V?$basic_string@DU?$char_traits@D@std@@V?$allocator@D@2@@std@@V12@@std@@YA?AU_Nonscalar_ptr_iterator_tag@0@PAV?$basic_string@DU?$char_traits@D@std@@V?$allocator@D@2@@0@0@Z 1000eb70 f i changeDetection.obj
 0001:0000db80       ??$forward@AAV?$basic_string@DU?$char_traits@D@std@@V?$allocator@D@2@@std@@@std@@YAAAV?$basic_string@DU?$char_traits@D@std@@V?$allocator@D@2@@0@AAV10@@Z 1000eb80 f i changeDetection.obj
 0001:0000db90       ??$forward@ABV?$basic_string@DU?$char_traits@D@std@@V?$allocator@D@2@@std@@@std@@YAABV?$basic_string@DU?$char_traits@D@std@@V?$allocator@D@2@@0@ABV10@@Z 1000eb90 f i changeDetection.obj
 0001:0000dba0       ??$?8DD@std@@YA_NABV?$allocator@D@0@0@Z 1000eba0 f i changeDetection.obj
 0001:0000dbb0       ??$_Val_type@PAV?$basic_string@DU?$char_traits@D@std@@V?$allocator@D@2@@std@@@std@@YAPAV?$basic_string@DU?$char_traits@D@std@@V?$allocator@D@2@@0@PAV10@@Z 1000ebb0 f i changeDetection.obj
 0001:0000dbc0       ??_EchangeDetection@@W7AEPAXI@Z 1000ebc0 f i changeDetection.obj
 0001:0000dbd0       ??_EchangeDetection@@WM@AEPAXI@Z 1000ebd0 f i changeDetection.obj
 0001:0000dbe0       ??_GchangeDetection@@UAEPAXI@Z 1000ebe0 f i changeDetection.obj
 0001:0000dbe0       ??_EchangeDetection@@UAEPAXI@Z 1000ebe0 f i changeDetection.obj
 0001:0000dc60       ?execute@changeDetection@@UAE_NPAVPlugInArgList@@0@Z 1000ec60 f   changeDetection.obj
 0001:0000dd20       ??0?$_Vector_val@V?$basic_string@DU?$char_traits@D@std@@V?$allocator@D@2@@std@@V?$allocator@V?$basic_string@DU?$char_traits@D@std@@V?$allocator@D@2@@std@@@2@@std@@QAE@V?$allocator@V?$basic_string@DU?$char_traits@D@std@@V?$allocator@D@2@@std@@@1@@Z 1000ed20 f i changeDetection.obj
 0001:0000dd30       ?max_size@?$vector@V?$basic_string@DU?$char_traits@D@std@@V?$allocator@D@2@@std@@V?$allocator@V?$basic_string@DU?$char_traits@D@std@@V?$allocator@D@2@@std@@@2@@std@@QBEIXZ 1000ed30 f i changeDetection.obj
 0001:0000dd40       ?_Grow_to@?$vector@V?$basic_string@DU?$char_traits@D@std@@V?$allocator@D@2@@std@@V?$allocator@V?$basic_string@DU?$char_traits@D@std@@V?$allocator@D@2@@std@@@2@@std@@IBEII@Z 1000ed40 f i changeDetection.obj
 0001:0000dd80       ?allocate@?$allocator@V?$basic_string@DU?$char_traits@D@std@@V?$allocator@D@2@@std@@@std@@QAEPAV?$basic_string@DU?$char_traits@D@std@@V?$allocator@D@2@@2@I@Z 1000ed80 f i changeDetection.obj
 0001:0000ddf0       ??$?9DD@std@@YA_NABV?$allocator@D@0@0@Z 1000edf0 f i changeDetection.obj
 0001:0000de00       ??0?$vector@V?$basic_string@DU?$char_traits@D@std@@V?$allocator@D@2@@std@@V?$allocator@V?$basic_string@DU?$char_traits@D@std@@V?$allocator@D@2@@std@@@2@@std@@QAE@XZ 1000ee00 f i changeDetection.obj
 0001:0000de10       ??_G?$basic_string@DU?$char_traits@D@std@@V?$allocator@D@2@@std@@QAEPAXI@Z 1000ee10 f i changeDetection.obj
 0001:0000de50       ??$_Destroy@V?$basic_string@DU?$char_traits@D@std@@V?$allocator@D@2@@std@@@std@@YAXPAV?$basic_string@DU?$char_traits@D@std@@V?$allocator@D@2@@0@@Z 1000ee50 f i changeDetection.obj
 0001:0000de80       ?destroy@?$allocator@V?$basic_string@DU?$char_traits@D@std@@V?$allocator@D@2@@std@@@std@@QAEXPAV?$basic_string@DU?$char_traits@D@std@@V?$allocator@D@2@@2@@Z 1000ee80 f i changeDetection.obj
 0001:0000deb0       ??0?$basic_string@DU?$char_traits@D@std@@V?$allocator@D@2@@std@@QAE@ABV01@@Z 1000eeb0 f i changeDetection.obj
 0001:0000dee0       ??0?$basic_string@DU?$char_traits@D@std@@V?$allocator@D@2@@std@@QAE@PBD@Z 1000eee0 f i changeDetection.obj
 0001:0000df20       ?assign@?$basic_string@DU?$char_traits@D@std@@V?$allocator@D@2@@std@@QAEAAV12@ABV12@@Z 1000ef20 f i changeDetection.obj
 0001:0000df40       ??$construct@AAV?$basic_string@DU?$char_traits@D@std@@V?$allocator@D@2@@std@@@?$allocator@V?$basic_string@DU?$char_traits@D@std@@V?$allocator@D@2@@std@@@std@@QAEXPAV?$basic_string@DU?$char_traits@D@std@@V?$allocator@D@2@@1@AAV21@@Z 1000ef40 f i changeDetection.obj
 0001:0000dfa0       ??$_Construct@V?$basic_string@DU?$char_traits@D@std@@V?$allocator@D@2@@std@@ABV12@@std@@YAXPAV?$basic_string@DU?$char_traits@D@std@@V?$allocator@D@2@@0@ABV10@@Z 1000efa0 f i changeDetection.obj
 0001:0000e000       ??$_Dest_val@V?$allocator@V?$basic_string@DU?$char_traits@D@std@@V?$allocator@D@2@@std@@@std@@V?$basic_string@DU?$char_traits@D@std@@V?$allocator@D@2@@2@@std@@YAXAAV?$allocator@V?$basic_string@DU?$char_traits@D@std@@V?$allocator@D@2@@std@@@0@PAV?$basic_string@DU?$char_traits@D@std@@V?$allocator@D@2@@0@@Z 1000f000 f i changeDetection.obj
 0001:0000e030       ??0changeDetection@@QAE@XZ 1000f030 f   changeDetection.obj
 0001:0000e310       ??4?$basic_string@DU?$char_traits@D@std@@V?$allocator@D@2@@std@@QAEAAV01@ABV01@@Z 1000f310 f i changeDetection.obj
 0001:0000e330       ?assign@?$basic_string@DU?$char_traits@D@std@@V?$allocator@D@2@@std@@QAEAAV12@$$QAV12@@Z 1000f330 f i changeDetection.obj
 0001:0000e3b0       ??$_Cons_val@V?$allocator@V?$basic_string@DU?$char_traits@D@std@@V?$allocator@D@2@@std@@@std@@V?$basic_string@DU?$char_traits@D@std@@V?$allocator@D@2@@2@AAV32@@std@@YAXAAV?$allocator@V?$basic_string@DU?$char_traits@D@std@@V?$allocator@D@2@@std@@@0@PAV?$basic_string@DU?$char_traits@D@std@@V?$allocator@D@2@@0@AAV20@@Z 1000f3b0 f i changeDetection.obj
 0001:0000e400       ?construct@?$allocator@V?$basic_string@DU?$char_traits@D@std@@V?$allocator@D@2@@std@@@std@@QAEXPAV?$basic_string@DU?$char_traits@D@std@@V?$allocator@D@2@@2@ABV32@@Z 1000f400 f i changeDetection.obj
 0001:0000e460       ??$_Destroy_range@V?$allocator@V?$basic_string@DU?$char_traits@D@std@@V?$allocator@D@2@@std@@@std@@@std@@YAXPAV?$basic_string@DU?$char_traits@D@std@@V?$allocator@D@2@@0@0AAV?$allocator@V?$basic_string@DU?$char_traits@D@std@@V?$allocator@D@2@@std@@@0@U_Nonscalar_ptr_iterator_tag@0@@Z 1000f460 f i changeDetection.obj
 0001:0000e4a0       ??0?$basic_string@DU?$char_traits@D@std@@V?$allocator@D@2@@std@@QAE@$$QAV01@@Z 1000f4a0 f i changeDetection.obj
 0001:0000e4d0       ??$_Cons_val@V?$allocator@V?$basic_string@DU?$char_traits@D@std@@V?$allocator@D@2@@std@@@std@@V?$basic_string@DU?$char_traits@D@std@@V?$allocator@D@2@@2@ABV32@@std@@YAXAAV?$allocator@V?$basic_string@DU?$char_traits@D@std@@V?$allocator@D@2@@std@@@0@PAV?$basic_string@DU?$char_traits@D@std@@V?$allocator@D@2@@0@ABV20@@Z 1000f4d0 f i changeDetection.obj
 0001:0000e530       ??$_Destroy_range@V?$allocator@V?$basic_string@DU?$char_traits@D@std@@V?$allocator@D@2@@std@@@std@@@std@@YAXPAV?$basic_string@DU?$char_traits@D@std@@V?$allocator@D@2@@0@0AAV?$allocator@V?$basic_string@DU?$char_traits@D@std@@V?$allocator@D@2@@std@@@0@@Z 1000f530 f i changeDetection.obj
 0001:0000e550       ?construct@?$allocator@V?$basic_string@DU?$char_traits@D@std@@V?$allocator@D@2@@std@@@std@@QAEXPAV?$basic_string@DU?$char_traits@D@std@@V?$allocator@D@2@@2@$$QAV32@@Z 1000f550 f i changeDetection.obj
 0001:0000e5a0       ?_Destroy@?$vector@V?$basic_string@DU?$char_traits@D@std@@V?$allocator@D@2@@std@@V?$allocator@V?$basic_string@DU?$char_traits@D@std@@V?$allocator@D@2@@std@@@2@@std@@IAEXPAV?$basic_string@DU?$char_traits@D@std@@V?$allocator@D@2@@2@0@Z 1000f5a0 f i changeDetection.obj
 0001:0000e5c0       ?_Tidy@?$vector@V?$basic_string@DU?$char_traits@D@std@@V?$allocator@D@2@@std@@V?$allocator@V?$basic_string@DU?$char_traits@D@std@@V?$allocator@D@2@@std@@@2@@std@@IAEXXZ 1000f5c0 f i changeDetection.obj
 0001:0000e600       ??$_Cons_val@V?$allocator@V?$basic_string@DU?$char_traits@D@std@@V?$allocator@D@2@@std@@@std@@V?$basic_string@DU?$char_traits@D@std@@V?$allocator@D@2@@2@V32@@std@@YAXAAV?$allocator@V?$basic_string@DU?$char_traits@D@std@@V?$allocator@D@2@@std@@@0@PAV?$basic_string@DU?$char_traits@D@std@@V?$allocator@D@2@@0@$$QAV20@@Z 1000f600 f i changeDetection.obj
 0001:0000e650       ??$_Uninit_move@PAV?$basic_string@DU?$char_traits@D@std@@V?$allocator@D@2@@std@@PAV12@V?$allocator@V?$basic_string@DU?$char_traits@D@std@@V?$allocator@D@2@@std@@@2@V12@@std@@YAPAV?$basic_string@DU?$char_traits@D@std@@V?$allocator@D@2@@0@PAV10@00AAV?$allocator@V?$basic_string@DU?$char_traits@D@std@@V?$allocator@D@2@@std@@@0@0U_Nonscalar_ptr_iterator_tag@0@@Z 1000f650 f i changeDetection.obj
 0001:0000e710       ??1?$vector@V?$basic_string@DU?$char_traits@D@std@@V?$allocator@D@2@@std@@V?$allocator@V?$basic_string@DU?$char_traits@D@std@@V?$allocator@D@2@@std@@@2@@std@@QAE@XZ 1000f710 f i changeDetection.obj
 0001:0000e750       ??$_Uninitialized_move@PAV?$basic_string@DU?$char_traits@D@std@@V?$allocator@D@2@@std@@PAV12@V?$allocator@V?$basic_string@DU?$char_traits@D@std@@V?$allocator@D@2@@std@@@2@@std@@YAPAV?$basic_string@DU?$char_traits@D@std@@V?$allocator@D@2@@0@PAV10@00AAV?$allocator@V?$basic_string@DU?$char_traits@D@std@@V?$allocator@D@2@@std@@@0@@Z 1000f750 f i changeDetection.obj
 0001:0000e780       ??1BasicPlugInFactory@@UAE@XZ 1000f780 f i changeDetection.obj
 0001:0000e7d0       ??0?$_Vector_const_iterator@V?$_Vector_val@V?$basic_string@DU?$char_traits@D@std@@V?$allocator@D@2@@std@@V?$allocator@V?$basic_string@DU?$char_traits@D@std@@V?$allocator@D@2@@std@@@2@@std@@@std@@QAE@PAV?$basic_string@DU?$char_traits@D@std@@V?$allocator@D@2@@1@PBU_Container_base0@1@@Z 1000f7d0 f i changeDetection.obj
 0001:0000e7e0       ??D?$_Vector_const_iterator@V?$_Vector_val@V?$basic_string@DU?$char_traits@D@std@@V?$allocator@D@2@@std@@V?$allocator@V?$basic_string@DU?$char_traits@D@std@@V?$allocator@D@2@@std@@@2@@std@@@std@@QBEABV?$basic_string@DU?$char_traits@D@std@@V?$allocator@D@2@@1@XZ 1000f7e0 f i changeDetection.obj
 0001:0000e7f0       ??E?$_Vector_const_iterator@V?$_Vector_val@V?$basic_string@DU?$char_traits@D@std@@V?$allocator@D@2@@std@@V?$allocator@V?$basic_string@DU?$char_traits@D@std@@V?$allocator@D@2@@std@@@2@@std@@@std@@QAEAAV01@XZ 1000f7f0 f i changeDetection.obj
 0001:0000e800       ?_Compat@?$_Vector_const_iterator@V?$_Vector_val@V?$basic_string@DU?$char_traits@D@std@@V?$allocator@D@2@@std@@V?$allocator@V?$basic_string@DU?$char_traits@D@std@@V?$allocator@D@2@@std@@@2@@std@@@std@@QBEXABV12@@Z 1000f800 f i changeDetection.obj
 0001:0000e810       ??$_Ptr_cat@V?$_Vector_const_iterator@V?$_Vector_val@V?$basic_string@DU?$char_traits@D@std@@V?$allocator@D@2@@std@@V?$allocator@V?$basic_string@DU?$char_traits@D@std@@V?$allocator@D@2@@std@@@2@@std@@@std@@PAV?$basic_string@DU?$char_traits@D@std@@V?$allocator@D@2@@2@@std@@YA?AU_Nonscalar_ptr_iterator_tag@0@AAV?$_Vector_const_iterator@V?$_Vector_val@V?$basic_string@DU?$char_traits@D@std@@V?$allocator@D@2@@std@@V?$allocator@V?$basic_string@DU?$char_traits@D@std@@V?$allocator@D@2@@std@@@2@@std@@@0@AAPAV?$basic_string@DU?$char_traits@D@std@@V?$allocator@D@2@@0@@Z 1000f810 f i changeDetection.obj
 0001:0000e820       ?begin@?$vector@V?$basic_string@DU?$char_traits@D@std@@V?$allocator@D@2@@std@@V?$allocator@V?$basic_string@DU?$char_traits@D@std@@V?$allocator@D@2@@std@@@2@@std@@QBE?AV?$_Vector_const_iterator@V?$_Vector_val@V?$basic_string@DU?$char_traits@D@std@@V?$allocator@D@2@@std@@V?$allocator@V?$basic_string@DU?$char_traits@D@std@@V?$allocator@D@2@@std@@@2@@std@@@2@XZ 1000f820 f i changeDetection.obj
 0001:0000e830       ?end@?$vector@V?$basic_string@DU?$char_traits@D@std@@V?$allocator@D@2@@std@@V?$allocator@V?$basic_string@DU?$char_traits@D@std@@V?$allocator@D@2@@std@@@2@@std@@QBE?AV?$_Vector_const_iterator@V?$_Vector_val@V?$basic_string@DU?$char_traits@D@std@@V?$allocator@D@2@@std@@V?$allocator@V?$basic_string@DU?$char_traits@D@std@@V?$allocator@D@2@@std@@@2@@std@@@2@XZ 1000f830 f i changeDetection.obj
 0001:0000e840       ??8?$_Vector_const_iterator@V?$_Vector_val@V?$basic_string@DU?$char_traits@D@std@@V?$allocator@D@2@@std@@V?$allocator@V?$basic_string@DU?$char_traits@D@std@@V?$allocator@D@2@@std@@@2@@std@@@std@@QBE_NABV01@@Z 1000f840 f i changeDetection.obj
 0001:0000e850       ?_Buy@?$vector@V?$basic_string@DU?$char_traits@D@std@@V?$allocator@D@2@@std@@V?$allocator@V?$basic_string@DU?$char_traits@D@std@@V?$allocator@D@2@@std@@@2@@std@@IAE_NI@Z 1000f850 f i changeDetection.obj
 0001:0000e8b0       ??9?$_Vector_const_iterator@V?$_Vector_val@V?$basic_string@DU?$char_traits@D@std@@V?$allocator@D@2@@std@@V?$allocator@V?$basic_string@DU?$char_traits@D@std@@V?$allocator@D@2@@std@@@2@@std@@@std@@QBE_NABV01@@Z 1000f8b0 f i changeDetection.obj
 0001:0000e8c0       ??$_Uninit_copy@V?$_Vector_const_iterator@V?$_Vector_val@V?$basic_string@DU?$char_traits@D@std@@V?$allocator@D@2@@std@@V?$allocator@V?$basic_string@DU?$char_traits@D@std@@V?$allocator@D@2@@std@@@2@@std@@@std@@PAV?$basic_string@DU?$char_traits@D@std@@V?$allocator@D@2@@2@V?$allocator@V?$basic_string@DU?$char_traits@D@std@@V?$allocator@D@2@@std@@@2@@std@@YAPAV?$basic_string@DU?$char_traits@D@std@@V?$allocator@D@2@@0@V?$_Vector_const_iterator@V?$_Vector_val@V?$basic_string@DU?$char_traits@D@std@@V?$allocator@D@2@@std@@V?$allocator@V?$basic_string@DU?$char_traits@D@std@@V?$allocator@D@2@@std@@@2@@std@@@0@0PAV10@AAV?$allocator@V?$basic_string@DU?$char_traits@D@std@@V?$allocator@D@2@@std@@@0@U_Nonscalar_ptr_iterator_tag@0@@Z 1000f8c0 f i changeDetection.obj
 0001:0000e970       ??$_Uninitialized_copy@V?$_Vector_const_iterator@V?$_Vector_val@V?$basic_string@DU?$char_traits@D@std@@V?$allocator@D@2@@std@@V?$allocator@V?$basic_string@DU?$char_traits@D@std@@V?$allocator@D@2@@std@@@2@@std@@@std@@PAV?$basic_string@DU?$char_traits@D@std@@V?$allocator@D@2@@2@V?$allocator@V?$basic_string@DU?$char_traits@D@std@@V?$allocator@D@2@@std@@@2@@std@@YAPAV?$basic_string@DU?$char_traits@D@std@@V?$allocator@D@2@@0@V?$_Vector_const_iterator@V?$_Vector_val@V?$basic_string@DU?$char_traits@D@std@@V?$allocator@D@2@@std@@V?$allocator@V?$basic_string@DU?$char_traits@D@std@@V?$allocator@D@2@@std@@@2@@std@@@0@0PAV10@AAV?$allocator@V?$basic_string@DU?$char_traits@D@std@@V?$allocator@D@2@@std@@@0@@Z 1000f970 f i changeDetection.obj
 0001:0000e9a0       ??$_Ucopy@V?$_Vector_const_iterator@V?$_Vector_val@V?$basic_string@DU?$char_traits@D@std@@V?$allocator@D@2@@std@@V?$allocator@V?$basic_string@DU?$char_traits@D@std@@V?$allocator@D@2@@std@@@2@@std@@@std@@@?$vector@V?$basic_string@DU?$char_traits@D@std@@V?$allocator@D@2@@std@@V?$allocator@V?$basic_string@DU?$char_traits@D@std@@V?$allocator@D@2@@std@@@2@@std@@IAEPAV?$basic_string@DU?$char_traits@D@std@@V?$allocator@D@2@@1@V?$_Vector_const_iterator@V?$_Vector_val@V?$basic_string@DU?$char_traits@D@std@@V?$allocator@D@2@@std@@V?$allocator@V?$basic_string@DU?$char_traits@D@std@@V?$allocator@D@2@@std@@@2@@std@@@1@0PAV21@@Z 1000f9a0 f i changeDetection.obj
 0001:0000e9d0       ??_GBasicPlugInFactory@@UAEPAXI@Z 1000f9d0 f i changeDetection.obj
 0001:0000e9d0       ??_EBasicPlugInFactory@@UAEPAXI@Z 1000f9d0 f i changeDetection.obj
 0001:0000ea30       ??1changeDetectionPlugInFactory@OpticksCDFPlugin@@UAE@XZ 1000fa30 f i changeDetection.obj
 0001:0000ea80       ??0?$vector@V?$basic_string@DU?$char_traits@D@std@@V?$allocator@D@2@@std@@V?$allocator@V?$basic_string@DU?$char_traits@D@std@@V?$allocator@D@2@@std@@@2@@std@@QAE@ABV01@@Z 1000fa80 f i changeDetection.obj
 0001:0000eb60       ??$_Umove@PAV?$basic_string@DU?$char_traits@D@std@@V?$allocator@D@2@@std@@@?$vector@V?$basic_string@DU?$char_traits@D@std@@V?$allocator@D@2@@std@@V?$allocator@V?$basic_string@DU?$char_traits@D@std@@V?$allocator@D@2@@std@@@2@@std@@IAEPAV?$basic_string@DU?$char_traits@D@std@@V?$allocator@D@2@@1@PAV21@00@Z 1000fb60 f i changeDetection.obj
 0001:0000eb90       ?getPlugInNames@BasicPlugInFactory@@UAE?AV?$vector@V?$basic_string@DU?$char_traits@D@std@@V?$allocator@D@2@@std@@V?$allocator@V?$basic_string@DU?$char_traits@D@std@@V?$allocator@D@2@@std@@@2@@std@@XZ 1000fb90 f i changeDetection.obj
 0001:0000ebb0       ?reserve@?$vector@V?$basic_string@DU?$char_traits@D@std@@V?$allocator@D@2@@std@@V?$allocator@V?$basic_string@DU?$char_traits@D@std@@V?$allocator@D@2@@std@@@2@@std@@QAEXI@Z 1000fbb0 f i changeDetection.obj
 0001:0000ecc0       ?_Reserve@?$vector@V?$basic_string@DU?$char_traits@D@std@@V?$allocator@D@2@@std@@V?$allocator@V?$basic_string@DU?$char_traits@D@std@@V?$allocator@D@2@@std@@@2@@std@@IAEXI@Z 1000fcc0 f i changeDetection.obj
 0001:0000ed50       ?push_back@?$vector@V?$basic_string@DU?$char_traits@D@std@@V?$allocator@D@2@@std@@V?$allocator@V?$basic_string@DU?$char_traits@D@std@@V?$allocator@D@2@@std@@@2@@std@@QAEXABV?$basic_string@DU?$char_traits@D@std@@V?$allocator@D@2@@2@@Z 1000fd50 f i changeDetection.obj
 0001:0000ee20       ?addPlugInName@BasicPlugInFactory@@AAEXV?$basic_string@DU?$char_traits@D@std@@V?$allocator@D@2@@std@@@Z 1000fe20 f i changeDetection.obj
 0001:0000ee70       ??0BasicPlugInFactory@@QAE@ABV?$basic_string@DU?$char_traits@D@std@@V?$allocator@D@2@@std@@@Z 1000fe70 f i changeDetection.obj
 0001:0000ef10       ??0changeDetectionPlugInFactory@OpticksCDFPlugin@@QAE@ABV?$basic_string@DU?$char_traits@D@std@@V?$allocator@D@2@@std@@@Z 1000ff10 f i changeDetection.obj
 0001:0000ef70       ?createPlugIn@changeDetectionPlugInFactory@OpticksCDFPlugin@@UAEPAVPlugIn@@ABV?$basic_string@DU?$char_traits@D@std@@V?$allocator@D@2@@std@@@Z 1000ff70 f i changeDetection.obj
 0001:0000efe0       ??_EchangeDetectionPlugInFactory@OpticksCDFPlugin@@UAEPAXI@Z 1000ffe0 f i changeDetection.obj
 0001:0000efe0       ??_GchangeDetectionPlugInFactory@OpticksCDFPlugin@@UAEPAXI@Z 1000ffe0 f i changeDetection.obj
 0001:0000f040       _fabsf                     10010040 f i codes.obj
 0001:0000f050       _floorf                    10010050 f i codes.obj
 0001:0000f070       _sqrtf                     10010070 f i codes.obj
 0001:0000f090       ?fabs@@YAMM@Z              10010090 f i codes.obj
 0001:0000f0a0       ?sqrt@@YAMM@Z              100100a0 f i codes.obj
 0001:0000f0c0       ??0_Container_proxy@std@@QAE@XZ 100100c0 f i codes.obj
 0001:0000f0d0       ??0_Iterator_base12@std@@QAE@XZ 100100d0 f i codes.obj
 0001:0000f0e0       ??1_Iterator_base12@std@@QAE@XZ 100100e0 f i codes.obj
 0001:0000f0f0       ?_Adopt@_Iterator_base12@std@@QAEXPBU_Container_base12@2@@Z 100100f0 f i codes.obj
 0001:0000f100       ?_Getcont@_Iterator_base12@std@@QBEPBU_Container_base12@2@XZ 10010100 f i codes.obj
 0001:0000f110       ??0QRunnable@@QAE@XZ       10010110 f i codes.obj
 0001:0000f120       ??1QRunnable@@UAE@XZ       10010120 f i codes.obj
 0001:0000f130       ??_GQRunnable@@UAEPAXI@Z   10010130 f i codes.obj
 0001:0000f130       ??_EQRunnable@@UAEPAXI@Z   10010130 f i codes.obj
 0001:0000f150       ??0?$QFutureInterface@X@@QAE@W4State@QFutureInterfaceBase@@@Z 10010150 f i codes.obj
 0001:0000f170       ??1?$QFutureInterface@X@@UAE@XZ 10010170 f i codes.obj
 0001:0000f180       ??0?$QFuture@X@@QAE@PAVQFutureInterfaceBase@@@Z 10010180 f i codes.obj
 0001:0000f1a0       ??0?$QFuture@X@@QAE@ABV0@@Z 100101a0 f i codes.obj
 0001:0000f1c0       ??1?$QFuture@X@@QAE@XZ     100101c0 f i codes.obj
 0001:0000f1d0       ?waitForFinished@?$QFuture@X@@QAEXXZ 100101d0 f i codes.obj
 0001:0000f1e0       ??4?$QFuture@X@@QAEAAV0@ABV0@@Z 100101e0 f i codes.obj
 0001:0000f200       ?future@?$QFutureInterface@X@@QAE?AV?$QFuture@X@@XZ 10010200 f i codes.obj
 0001:0000f220       ??0Object@@QAE@HHHHHH@Z    10010220 f i codes.obj
 0001:0000f2c0       ?dot_product@@YANPAN0H@Z   100102c0 f   codes.obj
 0001:0000f310       ?MatrixSubtractRow@@YAXPAUMatrixStruct@@PAN@Z 10010310 f   codes.obj
 0001:0000f350       ?MatrixMinMax@@YAXPAUMatrixStruct@@PAN1@Z 10010350 f   codes.obj
 0001:0000f3c0       ?MatrixTruncate@@YAXPAUMatrixStruct@@NN@Z 100103c0 f   codes.obj
 0001:0000f420       ?MatrixTruncRescale@@YAXPAUMatrixStruct@@NNNN@Z 10010420 f   codes.obj
 0001:0000f4b0       ?MatrixApplyFunc@@YAXPAUMatrixStruct@@P6ANN@Z@Z 100104b0 f   codes.obj
 0001:0000f500       ?MatrixSum@@YANPAUMatrixStruct@@@Z 10010500 f   codes.obj
 0001:0000f570       ?MatrixMean@@YANPAUMatrixStruct@@@Z 10010570 f   codes.obj
 0001:0000f590       ?MatrixAddValue@@YAXPAUMatrixStruct@@N@Z 10010590 f   codes.obj
 0001:0000f5d0       ?MatrixFill@@YAXPAUMatrixStruct@@N@Z 100105d0 f   codes.obj
 0001:0000f610       ?MatrixScale@@YAXPAUMatrixStruct@@N@Z 10010610 f   codes.obj
 0001:0000f650       ?MatrixReadImage@@YAXPAUMatrixStruct@@PAU_iobuf@@@Z 10010650 f   codes.obj
 0001:0000f740       ?MatrixWriteImage@@YAXPAUMatrixStruct@@PAU_iobuf@@@Z 10010740 f   codes.obj
 0001:0000f800       ?MatrixWriteVector@@YAXPAUMatrixStruct@@PAU_iobuf@@@Z 10010800 f   codes.obj
 0001:0000f850       ?MatrixWrite@@YAXPAUMatrixStruct@@PAU_iobuf@@@Z 10010850 f   codes.obj
 0001:0000f8b0       ?MatrixFromArray@@YAPAUMatrixStruct@@HHPAN@Z 100108b0 f   codes.obj
 0001:0000f910       ?MatrixCreate@@YAPAUMatrixStruct@@HH@Z 10010910 f   codes.obj
 0001:0000f960       ?MatrixFree@@YAXPAUMatrixStruct@@@Z 10010960 f   codes.obj
 0001:0000f990       ?getImageRows@Image@@QAEHXZ 10010990 f   codes.obj
 0001:0000f9a0       ?getImageCols@Image@@QAEHXZ 100109a0 f   codes.obj
 0001:0000f9b0       ?readPPMImage@@YAPAPAPAEQAHPADH@Z 100109b0 f   codes.obj
 0001:0000fca0       ?createSegmentedImageInfo@Image@@QAEXPAPAH@Z 10010ca0 f   codes.obj
 0001:0000fcf0       ?getNOB@Image@@QAEHXZ      10010cf0 f   codes.obj
 0001:0000fd00       ?getPixelData@Image@@QAEPAEHH@Z 10010d00 f   codes.obj
 0001:0000fd20       ?setObjectInfo@Object@@QAEXPAVImage@@@Z 10010d20 f   codes.obj
 0001:0000fd90       ??_E?$QFuture@X@@QAEPAXI@Z 10010d90 f i codes.obj
 0001:0000fdf0       ?calculateMean@Object@@QAEXH@Z 10010df0 f   codes.obj
 0001:0000ff10       ?valid_peak@@YAHPAHPANN@Z  10010f10 f   codes.obj
 0001:0000ff50       ?sd_histo@@YANPANHHH@Z     10010f50 f   codes.obj
 0001:000102e0       ?dir_histogram@@YAPANPAUMatrixStruct@@HH@Z 100112e0 f   codes.obj
 0001:00010550       ?new_dir_histogram@@YAPANPAUMatrixStruct@@H@Z 10011550 f   codes.obj
 0001:000107c0       ?Contrast@@YANPAUMatrixStruct@@@Z 100117c0 f   codes.obj
 0001:000108f0       ?nbr_diff@@YAPAUMatrixStruct@@PAU1@H@Z 100118f0 f   codes.obj
 0001:00010a00       ?nbr_avg@@YAPAUMatrixStruct@@PAU1@H@Z 10011a00 f   codes.obj
 0001:00010b00       ?size@?$vector@V?$vector@HV?$allocator@H@std@@@std@@V?$allocator@V?$vector@HV?$allocator@H@std@@@std@@@2@@std@@QBEIXZ 10011b00 f i codes.obj
 0001:00010b10       ??A?$vector@V?$vector@HV?$allocator@H@std@@@std@@V?$allocator@V?$vector@HV?$allocator@H@std@@@std@@@2@@std@@QAEAAV?$vector@HV?$allocator@H@std@@@1@I@Z 10011b10 f i codes.obj
 0001:00010b20       ??A?$vector@MV?$allocator@M@std@@@std@@QAEAAMI@Z 10011b20 f i codes.obj
 0001:00010b30       ?size@?$vector@V?$vector@MV?$allocator@M@std@@@std@@V?$allocator@V?$vector@MV?$allocator@M@std@@@std@@@2@@std@@QBEIXZ 10011b30 f i codes.obj
 0001:00010b40       ??A?$vector@V?$vector@MV?$allocator@M@std@@@std@@V?$allocator@V?$vector@MV?$allocator@M@std@@@std@@@2@@std@@QAEAAV?$vector@MV?$allocator@M@std@@@1@I@Z 10011b40 f i codes.obj
 0001:00010b50       ?size@?$deque@HV?$allocator@H@std@@@std@@QBEIXZ 10011b50 f i codes.obj
 0001:00010b60       ?_Inside@?$vector@V?$vector@HV?$allocator@H@std@@@std@@V?$allocator@V?$vector@HV?$allocator@H@std@@@std@@@2@@std@@IBE_NPBV?$vector@HV?$allocator@H@std@@@2@@Z 10011b60 f i codes.obj
 0001:00010b80       ?_Orphan_range@?$vector@V?$vector@HV?$allocator@H@std@@@std@@V?$allocator@V?$vector@HV?$allocator@H@std@@@std@@@2@@std@@IBEXPAV?$vector@HV?$allocator@H@std@@@2@0@Z 10011b80 f i codes.obj
 0001:00010b90       ??1?$_Vector_val@V?$vector@HV?$allocator@H@std@@@std@@V?$allocator@V?$vector@HV?$allocator@H@std@@@std@@@2@@std@@QAE@XZ 10011b90 f i codes.obj
 0001:00010ba0       ??0?$allocator@V?$vector@HV?$allocator@H@std@@@std@@@std@@QAE@XZ 10011ba0 f i codes.obj
 0001:00010bb0       ??0?$allocator@V?$vector@HV?$allocator@H@std@@@std@@@std@@QAE@ABV01@@Z 10011bb0 f i codes.obj
 0001:00010bc0       ??1?$_Vector_val@MV?$allocator@M@std@@@std@@QAE@XZ 10011bc0 f i codes.obj
 0001:00010bd0       ??0?$allocator@M@std@@QAE@XZ 10011bd0 f i codes.obj
 0001:00010be0       ?_Inside@?$vector@V?$vector@MV?$allocator@M@std@@@std@@V?$allocator@V?$vector@MV?$allocator@M@std@@@std@@@2@@std@@IBE_NPBV?$vector@MV?$allocator@M@std@@@2@@Z 10011be0 f i codes.obj
 0001:00010c00       ?_Orphan_range@?$vector@V?$vector@MV?$allocator@M@std@@@std@@V?$allocator@V?$vector@MV?$allocator@M@std@@@std@@@2@@std@@IBEXPAV?$vector@MV?$allocator@M@std@@@2@0@Z 10011c00 f i codes.obj
 0001:00010c10       ??1?$_Vector_val@V?$vector@MV?$allocator@M@std@@@std@@V?$allocator@V?$vector@MV?$allocator@M@std@@@std@@@2@@std@@QAE@XZ 10011c10 f i codes.obj
 0001:00010c20       ??0?$allocator@V?$vector@MV?$allocator@M@std@@@std@@@std@@QAE@XZ 10011c20 f i codes.obj
 0001:00010c30       ??0?$allocator@V?$vector@MV?$allocator@M@std@@@std@@@std@@QAE@ABV01@@Z 10011c30 f i codes.obj
 0001:00010c40       ??1?$_Deque_const_iterator@HV?$allocator@H@std@@@std@@QAE@XZ 10011c40 f i codes.obj
 0001:00010c50       ?empty@?$deque@HV?$allocator@H@std@@@std@@QBE_NXZ 10011c50 f i codes.obj
 0001:00010c60       ?deallocate@?$allocator@PAH@std@@QAEXPAPAHI@Z 10011c60 f i codes.obj
 0001:00010c70       ?capacity@?$vector@V?$vector@HV?$allocator@H@std@@@std@@V?$allocator@V?$vector@HV?$allocator@H@std@@@std@@@2@@std@@QBEIXZ 10011c70 f i codes.obj
 0001:00010c80       ?get_allocator@?$vector@V?$vector@HV?$allocator@H@std@@@std@@V?$allocator@V?$vector@HV?$allocator@H@std@@@std@@@2@@std@@QBE?AV?$allocator@V?$vector@HV?$allocator@H@std@@@std@@@2@XZ 10011c80 f i codes.obj
 0001:00010c90       ?_Xlen@?$vector@V?$vector@HV?$allocator@H@std@@@std@@V?$allocator@V?$vector@HV?$allocator@H@std@@@std@@@2@@std@@IBEXXZ 10011c90 f i codes.obj
 0001:00010ca0       ?deallocate@?$allocator@V?$vector@HV?$allocator@H@std@@@std@@@std@@QAEXPAV?$vector@HV?$allocator@H@std@@@2@I@Z 10011ca0 f i codes.obj
 0001:00010cb0       ?size@?$vector@MV?$allocator@M@std@@@std@@QBEIXZ 10011cb0 f i codes.obj
 0001:00010cc0       ??0?$allocator@M@std@@QAE@ABV01@@Z 10011cc0 f i codes.obj
 0001:00010cd0       ?deallocate@?$allocator@M@std@@QAEXPAMI@Z 10011cd0 f i codes.obj
 0001:00010ce0       ?capacity@?$vector@V?$vector@MV?$allocator@M@std@@@std@@V?$allocator@V?$vector@MV?$allocator@M@std@@@std@@@2@@std@@QBEIXZ 10011ce0 f i codes.obj
 0001:00010cf0       ?get_allocator@?$vector@V?$vector@MV?$allocator@M@std@@@std@@V?$allocator@V?$vector@MV?$allocator@M@std@@@std@@@2@@std@@QBE?AV?$allocator@V?$vector@MV?$allocator@M@std@@@std@@@2@XZ 10011cf0 f i codes.obj
 0001:00010d00       ?_Xlen@?$vector@V?$vector@MV?$allocator@M@std@@@std@@V?$allocator@V?$vector@MV?$allocator@M@std@@@std@@@2@@std@@IBEXXZ 10011d00 f i codes.obj
 0001:00010d10       ?deallocate@?$allocator@V?$vector@MV?$allocator@M@std@@@std@@@std@@QAEXPAV?$vector@MV?$allocator@M@std@@@2@I@Z 10011d10 f i codes.obj
 0001:00010d20       ?deallocate@?$allocator@U_Container_proxy@std@@@std@@QAEXPAU_Container_proxy@2@I@Z 10011d20 f i codes.obj
 0001:00010d30       ?_Xlen@?$deque@HV?$allocator@H@std@@@std@@IBEXXZ 10011d30 f i codes.obj
 0001:00010d40       ?max_size@?$allocator@V?$vector@HV?$allocator@H@std@@@std@@@std@@QBEIXZ 10011d40 f i codes.obj
 0001:00010d50       ?capacity@?$vector@MV?$allocator@M@std@@@std@@QBEIXZ 10011d50 f i codes.obj
 0001:00010d60       ?_Xlen@?$vector@MV?$allocator@M@std@@@std@@IBEXXZ 10011d60 f i codes.obj
 0001:00010d70       ?max_size@?$allocator@V?$vector@MV?$allocator@M@std@@@std@@@std@@QBEIXZ 10011d70 f i codes.obj
 0001:00010d80       ??D?$_Deque_const_iterator@HV?$allocator@H@std@@@std@@QBEABHXZ 10011d80 f i codes.obj
 0001:00010db0       ??D?$_Vector_const_iterator@V?$_Vector_val@V?$vector@HV?$allocator@H@std@@@std@@V?$allocator@V?$vector@HV?$allocator@H@std@@@std@@@2@@std@@@std@@QBEABV?$vector@HV?$allocator@H@std@@@1@XZ 10011db0 f i codes.obj
 0001:00010dc0       ??E?$_Vector_const_iterator@V?$_Vector_val@V?$vector@HV?$allocator@H@std@@@std@@V?$allocator@V?$vector@HV?$allocator@H@std@@@std@@@2@@std@@@std@@QAEAAV01@XZ 10011dc0 f i codes.obj
 0001:00010dd0       ??D?$_Vector_const_iterator@V?$_Vector_val@V?$vector@MV?$allocator@M@std@@@std@@V?$allocator@V?$vector@MV?$allocator@M@std@@@std@@@2@@std@@@std@@QBEABV?$vector@MV?$allocator@M@std@@@1@XZ 10011dd0 f i codes.obj
 0001:00010de0       ??E?$_Vector_const_iterator@V?$_Vector_val@V?$vector@MV?$allocator@M@std@@@std@@V?$allocator@V?$vector@MV?$allocator@M@std@@@std@@@2@@std@@@std@@QAEAAV01@XZ 10011de0 f i codes.obj
 0001:00010df0       ?max_size@?$allocator@M@std@@QBEIXZ 10011df0 f i codes.obj
 0001:00010e00       ??0?$_Vector_const_iterator@V?$_Vector_val@V?$vector@HV?$allocator@H@std@@@std@@V?$allocator@V?$vector@HV?$allocator@H@std@@@std@@@2@@std@@@std@@QAE@PAV?$vector@HV?$allocator@H@std@@@1@PBU_Container_base0@1@@Z 10011e00 f i codes.obj
 0001:00010e10       ?_Compat@?$_Vector_const_iterator@V?$_Vector_val@V?$vector@HV?$allocator@H@std@@@std@@V?$allocator@V?$vector@HV?$allocator@H@std@@@std@@@2@@std@@@std@@QBEXABV12@@Z 10011e10 f i codes.obj
 0001:00010e20       ??0?$_Vector_const_iterator@V?$_Vector_val@MV?$allocator@M@std@@@std@@@std@@QAE@PAMPBU_Container_base0@1@@Z 10011e20 f i codes.obj
 0001:00010e30       ??Y?$_Vector_const_iterator@V?$_Vector_val@MV?$allocator@M@std@@@std@@@std@@QAEAAV01@H@Z 10011e30 f i codes.obj
 0001:00010e50       ??0?$_Vector_const_iterator@V?$_Vector_val@V?$vector@MV?$allocator@M@std@@@std@@V?$allocator@V?$vector@MV?$allocator@M@std@@@std@@@2@@std@@@std@@QAE@PAV?$vector@MV?$allocator@M@std@@@1@PBU_Container_base0@1@@Z 10011e50 f i codes.obj
 0001:00010e60       ?_Compat@?$_Vector_const_iterator@V?$_Vector_val@V?$vector@MV?$allocator@M@std@@@std@@V?$allocator@V?$vector@MV?$allocator@M@std@@@std@@@2@@std@@@std@@QBEXABV12@@Z 10011e60 f i codes.obj
 0001:00010e70       ?_Setcont@?$_Deque_const_iterator@HV?$allocator@H@std@@@std@@QAEXPBV?$deque@HV?$allocator@H@std@@@2@@Z 10011e70 f i codes.obj
 0001:00010e80       ?_Compat@?$_Vector_const_iterator@V?$_Vector_val@MV?$allocator@M@std@@@std@@@std@@QBEXABV12@@Z 10011e80 f i codes.obj
 0001:00010e90       ??$_Pow_int@N@@YANNH@Z     10011e90 f i codes.obj
 0001:00010ec0       ??$move@AAH@std@@YA$$QAHAAH@Z 10011ec0 f i codes.obj
 0001:00010ed0       ??$forward@V?$vector@V?$vector@HV?$allocator@H@std@@@std@@V?$allocator@V?$vector@HV?$allocator@H@std@@@std@@@2@@std@@@std@@YA$$QAV?$vector@V?$vector@HV?$allocator@H@std@@@std@@V?$allocator@V?$vector@HV?$allocator@H@std@@@std@@@2@@0@AAV10@@Z 10011ed0 f i codes.obj
 0001:00010ee0       ??$addressof@$$CBV?$vector@HV?$allocator@H@std@@@std@@@std@@YAPBV?$vector@HV?$allocator@H@std@@@0@ABV10@@Z 10011ee0 f i codes.obj
 0001:00010ef0       ??$forward@V?$vector@V?$vector@MV?$allocator@M@std@@@std@@V?$allocator@V?$vector@MV?$allocator@M@std@@@std@@@2@@std@@@std@@YA$$QAV?$vector@V?$vector@MV?$allocator@M@std@@@std@@V?$allocator@V?$vector@MV?$allocator@M@std@@@std@@@2@@0@AAV10@@Z 10011ef0 f i codes.obj
 0001:00010f00       ??$addressof@$$CBV?$vector@MV?$allocator@M@std@@@std@@@std@@YAPBV?$vector@MV?$allocator@M@std@@@0@ABV10@@Z 10011f00 f i codes.obj
 0001:00010f10       ??$forward@H@std@@YA$$QAHAAH@Z 10011f10 f i codes.obj
 0001:00010f20       ??$?0H@?$allocator@U_Container_proxy@std@@@std@@QAE@ABV?$allocator@H@1@@Z 10011f20 f i codes.obj
 0001:00010f30       ??$forward@V?$vector@HV?$allocator@H@std@@@std@@@std@@YA$$QAV?$vector@HV?$allocator@H@std@@@0@AAV10@@Z 10011f30 f i codes.obj
 0001:00010f40       ??$forward@V?$vector@MV?$allocator@M@std@@@std@@@std@@YA$$QAV?$vector@MV?$allocator@M@std@@@0@AAV10@@Z 10011f40 f i codes.obj
 0001:00010f50       ??$?0H@?$allocator@PAH@std@@QAE@ABV?$allocator@H@1@@Z 10011f50 f i codes.obj
 0001:00010f60       ??$addressof@V?$vector@HV?$allocator@H@std@@@std@@@std@@YAPAV?$vector@HV?$allocator@H@std@@@0@AAV10@@Z 10011f60 f i codes.obj
 0001:00010f70       ??$addressof@V?$vector@MV?$allocator@M@std@@@std@@@std@@YAPAV?$vector@MV?$allocator@M@std@@@0@AAV10@@Z 10011f70 f i codes.obj
 0001:00010f80       ??$_Allocate@PAH@std@@YAPAPAHIPAPAH@Z 10011f80 f i codes.obj
 0001:00010fe0       ??$_Allocate@V?$vector@HV?$allocator@H@std@@@std@@@std@@YAPAV?$vector@HV?$allocator@H@std@@@0@IPAV10@@Z 10011fe0 f i codes.obj
 0001:00011040       ??$_Allocate@V?$vector@MV?$allocator@M@std@@@std@@@std@@YAPAV?$vector@MV?$allocator@M@std@@@0@IPAV10@@Z 10012040 f i codes.obj
 0001:000110a0       ??$_Allocate@U_Container_proxy@std@@@std@@YAPAU_Container_proxy@0@IPAU10@@Z 100120a0 f i codes.obj
 0001:00011100       ??$_Allocate@M@std@@YAPAMIPAM@Z 10012100 f i codes.obj
 0001:00011160       ?start@?$RunFunctionTaskBase@X@QtConcurrent@@QAE?AV?$QFuture@X@@XZ 10012160 f i codes.obj
 0001:00011200       ?construct@?$allocator@H@std@@QAEXPAH$$QAH@Z 10012200 f i codes.obj
 0001:00011220       ??0?$RunFunctionTaskBase@X@QtConcurrent@@QAE@XZ 10012220 f i codes.obj
 0001:00011250       ?run@?$RunFunctionTaskBase@X@QtConcurrent@@UAEXXZ 10012250 f i codes.obj
 0001:00011260       ??1?$RunFunctionTaskBase@X@QtConcurrent@@UAE@XZ 10012260 f i codes.obj
 0001:00011270       ??_E?$RunFunctionTaskBase@X@QtConcurrent@@UAEPAXI@Z 10012270 f i codes.obj
 0001:00011270       ??_G?$RunFunctionTaskBase@X@QtConcurrent@@UAEPAXI@Z 10012270 f i codes.obj
 0001:000112a0       ?begin@?$vector@V?$vector@HV?$allocator@H@std@@@std@@V?$allocator@V?$vector@HV?$allocator@H@std@@@std@@@2@@std@@QBE?AV?$_Vector_const_iterator@V?$_Vector_val@V?$vector@HV?$allocator@H@std@@@std@@V?$allocator@V?$vector@HV?$allocator@H@std@@@std@@@2@@std@@@2@XZ 100122a0 f i codes.obj
 0001:000112b0       ?end@?$vector@V?$vector@HV?$allocator@H@std@@@std@@V?$allocator@V?$vector@HV?$allocator@H@std@@@std@@@2@@std@@QBE?AV?$_Vector_const_iterator@V?$_Vector_val@V?$vector@HV?$allocator@H@std@@@std@@V?$allocator@V?$vector@HV?$allocator@H@std@@@std@@@2@@std@@@2@XZ 100122b0 f i codes.obj
 0001:000112c0       ?get_allocator@?$vector@HV?$allocator@H@std@@@std@@QBE?AV?$allocator@H@2@XZ 100122c0 f i codes.obj
 0001:000112d0       ?get_allocator@?$vector@MV?$allocator@M@std@@@std@@QBE?AV?$allocator@M@2@XZ 100122d0 f i codes.obj
 0001:000112e0       ?_Inside@?$vector@MV?$allocator@M@std@@@std@@IBE_NPBM@Z 100122e0 f i codes.obj
 0001:00011300       ?_Orphan_range@?$vector@MV?$allocator@M@std@@@std@@IBEXPAM0@Z 10012300 f i codes.obj
 0001:00011310       ??D?$_Vector_const_iterator@V?$_Vector_val@MV?$allocator@M@std@@@std@@@std@@QBEABMXZ 10012310 f i codes.obj
 0001:00011320       ??E?$_Vector_const_iterator@V?$_Vector_val@MV?$allocator@M@std@@@std@@@std@@QAEAAV01@XZ 10012320 f i codes.obj
 0001:00011330       ??$forward@AAV?$vector@HV?$allocator@H@std@@@std@@@std@@YAAAV?$vector@HV?$allocator@H@std@@@0@AAV10@@Z 10012330 f i codes.obj
 0001:00011340       ??$forward@ABV?$vector@HV?$allocator@H@std@@@std@@@std@@YAABV?$vector@HV?$allocator@H@std@@@0@ABV10@@Z 10012340 f i codes.obj
 0001:00011350       ??$forward@AAV?$vector@MV?$allocator@M@std@@@std@@@std@@YAAAV?$vector@MV?$allocator@M@std@@@0@AAV10@@Z 10012350 f i codes.obj
 0001:00011360       ??$forward@ABV?$vector@MV?$allocator@M@std@@@std@@@std@@YAABV?$vector@MV?$allocator@M@std@@@0@ABV10@@Z 10012360 f i codes.obj
 0001:00011370       ??$?8V?$vector@HV?$allocator@H@std@@@std@@V01@@std@@YA_NABV?$allocator@V?$vector@HV?$allocator@H@std@@@std@@@0@0@Z 10012370 f i codes.obj
 0001:00011380       ??$_Val_type@PAM@std@@YAPAMPAM@Z 10012380 f i codes.obj
 0001:00011390       ??$_Ptr_cat@MM@std@@YA?AU_Scalar_ptr_iterator_tag@0@PAM0@Z 10012390 f i codes.obj
 0001:000113a0       ??$?8V?$vector@MV?$allocator@M@std@@@std@@V01@@std@@YA_NABV?$allocator@V?$vector@MV?$allocator@M@std@@@std@@@0@0@Z 100123a0 f i codes.obj
 0001:000113b0       ??$_Ptr_cat@PAHPAH@std@@YA?AU_Scalar_ptr_iterator_tag@0@PAPAH0@Z 100123b0 f i codes.obj
 0001:000113c0       ??$_Uninit_copy@PAHPAH@std@@YAPAPAHPAPAH00AAV?$allocator@PAH@0@U_Scalar_ptr_iterator_tag@0@@Z 100123c0 f i codes.obj
 0001:000113f0       ??$_Val_type@PAPAH@std@@YAPAPAHPAPAH@Z 100123f0 f i codes.obj
 0001:00011400       ??$_Destroy_range@V?$allocator@PAH@std@@@std@@YAXPAPAH0AAV?$allocator@PAH@0@U_Scalar_ptr_iterator_tag@0@@Z 10012400 f i codes.obj
 0001:00011410       ??$forward@U_Container_proxy@std@@@std@@YA$$QAU_Container_proxy@0@AAU10@@Z 10012410 f i codes.obj
 0001:00011420       ??$_Ptr_cat@V?$vector@HV?$allocator@H@std@@@std@@V12@@std@@YA?AU_Nonscalar_ptr_iterator_tag@0@PAV?$vector@HV?$allocator@H@std@@@0@0@Z 10012420 f i codes.obj
 0001:00011430       ??$_Move@PAMPAM@std@@YAPAMPAM00U_Scalar_ptr_iterator_tag@0@@Z 10012430 f i codes.obj
 0001:00011460       ??$_Destroy_range@V?$allocator@M@std@@@std@@YAXPAM0AAV?$allocator@M@0@U_Scalar_ptr_iterator_tag@0@@Z 10012460 f i codes.obj
 0001:00011470       ??$_Ptr_cat@V?$vector@MV?$allocator@M@std@@@std@@V12@@std@@YA?AU_Nonscalar_ptr_iterator_tag@0@PAV?$vector@MV?$allocator@M@std@@@0@0@Z 10012470 f i codes.obj
 0001:00011480       ??$_Destroy@PAH@std@@YAXPAPAH@Z 10012480 f i codes.obj
 0001:00011490       ??$_Destroy@U_Container_proxy@std@@@std@@YAXPAU_Container_proxy@0@@Z 10012490 f i codes.obj
 0001:000114a0       ??$forward@M@std@@YA$$QAMAAM@Z 100124a0 f i codes.obj
 0001:000114b0       ??$addressof@H@std@@YAPAHAAH@Z 100124b0 f i codes.obj
 0001:000114c0       ??$addressof@M@std@@YAPAMAAM@Z 100124c0 f i codes.obj
 0001:000114d0       ?construct@?$allocator@M@std@@QAEXPAM$$QAM@Z 100124d0 f i codes.obj
 0001:000114f0       ?begin@?$vector@MV?$allocator@M@std@@@std@@QBE?AV?$_Vector_const_iterator@V?$_Vector_val@MV?$allocator@M@std@@@std@@@2@XZ 100124f0 f i codes.obj
 0001:00011500       ?end@?$vector@MV?$allocator@M@std@@@std@@QBE?AV?$_Vector_const_iterator@V?$_Vector_val@MV?$allocator@M@std@@@std@@@2@XZ 10012500 f i codes.obj
 0001:00011510       ??$_Fill_n@PAHIH@std@@YAXPAHIABH@Z 10012510 f i codes.obj
 0001:00011530       ??$_Fill_n@PAMIM@std@@YAXPAMIABM@Z 10012530 f i codes.obj
 0001:00011550       ??$_Fill_n@PAPAHIPAH@std@@YAXPAPAHIABQAH@Z 10012550 f i codes.obj
 0001:00011570       ??$_Val_type@PAV?$vector@HV?$allocator@H@std@@@std@@@std@@YAPAV?$vector@HV?$allocator@H@std@@@0@PAV10@@Z 10012570 f i codes.obj
 0001:00011580       ??$_Val_type@PAV?$vector@MV?$allocator@M@std@@@std@@@std@@YAPAV?$vector@MV?$allocator@M@std@@@0@PAV10@@Z 10012580 f i codes.obj
 0001:00011590       ??$move@AAV?$vector@HV?$allocator@H@std@@@std@@@std@@YA$$QAV?$vector@HV?$allocator@H@std@@@0@AAV10@@Z 10012590 f i codes.obj
 0001:000115a0       ??$_Uninit_move@MMM@std@@YAPAMPAM00AAV?$allocator@M@0@0U_Scalar_ptr_iterator_tag@0@@Z 100125a0 f i codes.obj
 0001:000115d0       ??$move@AAV?$vector@MV?$allocator@M@std@@@std@@@std@@YA$$QAV?$vector@MV?$allocator@M@std@@@0@AAV10@@Z 100125d0 f i codes.obj
 0001:000115e0       ??$?8HH@std@@YA_NABV?$allocator@H@0@0@Z 100125e0 f i codes.obj
 0001:000115f0       ??$?8MM@std@@YA_NABV?$allocator@M@0@0@Z 100125f0 f i codes.obj
 0001:00011600       ??$_Ptr_cat@V?$_Vector_const_iterator@V?$_Vector_val@V?$vector@HV?$allocator@H@std@@@std@@V?$allocator@V?$vector@HV?$allocator@H@std@@@std@@@2@@std@@@std@@PAV?$vector@HV?$allocator@H@std@@@2@@std@@YA?AU_Nonscalar_ptr_iterator_tag@0@AAV?$_Vector_const_iterator@V?$_Vector_val@V?$vector@HV?$allocator@H@std@@@std@@V?$allocator@V?$vector@HV?$allocator@H@std@@@std@@@2@@std@@@0@AAPAV?$vector@HV?$allocator@H@std@@@0@@Z 10012600 f i codes.obj
 0001:00011610       ??$_Ptr_cat@V?$_Vector_const_iterator@V?$_Vector_val@MV?$allocator@M@std@@@std@@@std@@PAM@std@@YA?AU_Nonscalar_ptr_iterator_tag@0@AAV?$_Vector_const_iterator@V?$_Vector_val@MV?$allocator@M@std@@@std@@@0@AAPAM@Z 10012610 f i codes.obj
 0001:00011620       ??$forward@ABM@std@@YAABMABM@Z 10012620 f i codes.obj
 0001:00011630       ??$_Construct@MABM@std@@YAXPAMABM@Z 10012630 f i codes.obj
 0001:00011650       ??$_Destroy@M@std@@YAXPAM@Z 10012650 f i codes.obj
 0001:00011660       ??_E?$RunFunctionTaskBase@X@QtConcurrent@@W7AEPAXI@Z 10012660 f i codes.obj
 0001:00011670       ?pow@@YANNH@Z              10012670 f i codes.obj
 0001:000116a0       ?canceledResult@?$QFutureInterface@X@@SA?AV1@XZ 100126a0 f i codes.obj
 0001:000116d0       ??_G?$QFutureInterface@X@@UAEPAXI@Z 100126d0 f i codes.obj
 0001:000116d0       ??_E?$QFutureInterface@X@@UAEPAXI@Z 100126d0 f i codes.obj
 0001:000116f0       ??0?$QFuture@X@@QAE@XZ     100126f0 f i codes.obj
 0001:00011750       ?MatrixFilter@@YAPAUMatrixStruct@@PAU1@0@Z 10012750 f   codes.obj
 0001:00011980       ?MatrixColSum@@YAPAUMatrixStruct@@PAU1@@Z 10012980 f   codes.obj
 0001:00011a50       ?MatrixColMean@@YAPAUMatrixStruct@@PAU1@@Z 10012a50 f   codes.obj
 0001:00011a80       ?MatrixRescale@@YAXPAUMatrixStruct@@NN@Z 10012a80 f   codes.obj
 0001:00011b00       ?MatrixCopy@@YAPAUMatrixStruct@@PAU1@@Z 10012b00 f   codes.obj
 0001:00011b80       ?Directionality@@YAXPAUMatrixStruct@@HHNPAHPAN@Z 10012b80 f   codes.obj
 0001:00012090       ?size@?$queue@HV?$deque@HV?$allocator@H@std@@@std@@@std@@QBEIXZ 10013090 f i codes.obj
 0001:000120a0       ??0?$_Vector_val@V?$vector@HV?$allocator@H@std@@@std@@V?$allocator@V?$vector@HV?$allocator@H@std@@@std@@@2@@std@@QAE@V?$allocator@V?$vector@HV?$allocator@H@std@@@std@@@1@@Z 100130a0 f i codes.obj
 0001:000120b0       ??0?$_Vector_val@MV?$allocator@M@std@@@std@@QAE@V?$allocator@M@1@@Z 100130b0 f i codes.obj
 0001:000120c0       ??0?$_Vector_val@V?$vector@MV?$allocator@M@std@@@std@@V?$allocator@V?$vector@MV?$allocator@M@std@@@std@@@2@@std@@QAE@V?$allocator@V?$vector@MV?$allocator@M@std@@@std@@@1@@Z 100130c0 f i codes.obj
 0001:000120d0       ??1?$_Deque_iterator@HV?$allocator@H@std@@@std@@QAE@XZ 100130d0 f i codes.obj
 0001:000120e0       ?max_size@?$vector@V?$vector@HV?$allocator@H@std@@@std@@V?$allocator@V?$vector@HV?$allocator@H@std@@@std@@@2@@std@@QBEIXZ 100130e0 f i codes.obj
 0001:000120f0       ?_Grow_to@?$vector@V?$vector@HV?$allocator@H@std@@@std@@V?$allocator@V?$vector@HV?$allocator@H@std@@@std@@@2@@std@@IBEII@Z 100130f0 f i codes.obj
 0001:00012120       ?max_size@?$vector@V?$vector@MV?$allocator@M@std@@@std@@V?$allocator@V?$vector@MV?$allocator@M@std@@@std@@@2@@std@@QBEIXZ 10013120 f i codes.obj
 0001:00012130       ?_Grow_to@?$vector@V?$vector@MV?$allocator@M@std@@@std@@V?$allocator@V?$vector@MV?$allocator@M@std@@@std@@@2@@std@@IBEII@Z 10013130 f i codes.obj
 0001:00012160       ??D?$_Deque_iterator@HV?$allocator@H@std@@@std@@QBEAAHXZ 10013160 f i codes.obj
 0001:00012190       ??D?$_Vector_iterator@V?$_Vector_val@V?$vector@HV?$allocator@H@std@@@std@@V?$allocator@V?$vector@HV?$allocator@H@std@@@std@@@2@@std@@@std@@QBEAAV?$vector@HV?$allocator@H@std@@@1@XZ 10013190 f i codes.obj
 0001:000121a0       ??E?$_Vector_iterator@V?$_Vector_val@V?$vector@HV?$allocator@H@std@@@std@@V?$allocator@V?$vector@HV?$allocator@H@std@@@std@@@2@@std@@@std@@QAEAAV01@XZ 100131a0 f i codes.obj
 0001:000121b0       ??D?$_Vector_iterator@V?$_Vector_val@V?$vector@MV?$allocator@M@std@@@std@@V?$allocator@V?$vector@MV?$allocator@M@std@@@std@@@2@@std@@@std@@QBEAAV?$vector@MV?$allocator@M@std@@@1@XZ 100131b0 f i codes.obj
 0001:000121c0       ??E?$_Vector_iterator@V?$_Vector_val@V?$vector@MV?$allocator@M@std@@@std@@V?$allocator@V?$vector@MV?$allocator@M@std@@@std@@@2@@std@@@std@@QAEAAV01@XZ 100131c0 f i codes.obj
 0001:000121d0       ?max_size@?$deque@HV?$allocator@H@std@@@std@@QBEIXZ 100131d0 f i codes.obj
 0001:000121e0       ?allocate@?$allocator@PAH@std@@QAEPAPAHI@Z 100131e0 f i codes.obj
 0001:00012240       ?allocate@?$allocator@V?$vector@HV?$allocator@H@std@@@std@@@std@@QAEPAV?$vector@HV?$allocator@H@std@@@2@I@Z 10013240 f i codes.obj
 0001:000122a0       ?max_size@?$vector@MV?$allocator@M@std@@@std@@QBEIXZ 100132a0 f i codes.obj
 0001:000122b0       ?_Grow_to@?$vector@MV?$allocator@M@std@@@std@@IBEII@Z 100132b0 f i codes.obj
 0001:000122e0       ?allocate@?$allocator@V?$vector@MV?$allocator@M@std@@@std@@@std@@QAEPAV?$vector@MV?$allocator@M@std@@@2@I@Z 100132e0 f i codes.obj
 0001:00012340       ?allocate@?$allocator@U_Container_proxy@std@@@std@@QAEPAU_Container_proxy@2@I@Z 10013340 f i codes.obj
 0001:000123a0       ??0?$_Vector_iterator@V?$_Vector_val@V?$vector@HV?$allocator@H@std@@@std@@V?$allocator@V?$vector@HV?$allocator@H@std@@@std@@@2@@std@@@std@@QAE@PAV?$vector@HV?$allocator@H@std@@@1@PBU_Container_base0@1@@Z 100133a0 f i codes.obj
 0001:000123b0       ??8?$_Vector_const_iterator@V?$_Vector_val@V?$vector@HV?$allocator@H@std@@@std@@V?$allocator@V?$vector@HV?$allocator@H@std@@@std@@@2@@std@@@std@@QBE_NABV01@@Z 100133b0 f i codes.obj
 0001:000123c0       ??0?$_Vector_iterator@V?$_Vector_val@MV?$allocator@M@std@@@std@@@std@@QAE@PAMPBU_Container_base0@1@@Z 100133c0 f i codes.obj
 0001:000123d0       ??Y?$_Vector_iterator@V?$_Vector_val@MV?$allocator@M@std@@@std@@@std@@QAEAAV01@H@Z 100133d0 f i codes.obj
 0001:000123f0       ??0?$_Vector_iterator@V?$_Vector_val@V?$vector@MV?$allocator@M@std@@@std@@V?$allocator@V?$vector@MV?$allocator@M@std@@@std@@@2@@std@@@std@@QAE@PAV?$vector@MV?$allocator@M@std@@@1@PBU_Container_base0@1@@Z 100133f0 f i codes.obj
 0001:00012400       ??8?$_Vector_const_iterator@V?$_Vector_val@V?$vector@MV?$allocator@M@std@@@std@@V?$allocator@V?$vector@MV?$allocator@M@std@@@std@@@2@@std@@@std@@QBE_NABV01@@Z 10013400 f i codes.obj
 0001:00012410       ?_Make_iter@?$vector@V?$vector@HV?$allocator@H@std@@@std@@V?$allocator@V?$vector@HV?$allocator@H@std@@@std@@@2@@std@@QBE?AV?$_Vector_iterator@V?$_Vector_val@V?$vector@HV?$allocator@H@std@@@std@@V?$allocator@V?$vector@HV?$allocator@H@std@@@std@@@2@@std@@@2@V?$_Vector_const_iterator@V?$_Vector_val@V?$vector@HV?$allocator@H@std@@@std@@V?$allocator@V?$vector@HV?$allocator@H@std@@@std@@@2@@std@@@2@@Z 10013410 f i codes.obj
 0001:00012420       ?allocate@?$allocator@M@std@@QAEPAMI@Z 10013420 f i codes.obj
 0001:00012480       ?_Make_iter@?$vector@V?$vector@MV?$allocator@M@std@@@std@@V?$allocator@V?$vector@MV?$allocator@M@std@@@std@@@2@@std@@QBE?AV?$_Vector_iterator@V?$_Vector_val@V?$vector@MV?$allocator@M@std@@@std@@V?$allocator@V?$vector@MV?$allocator@M@std@@@std@@@2@@std@@@2@V?$_Vector_const_iterator@V?$_Vector_val@V?$vector@MV?$allocator@M@std@@@std@@V?$allocator@V?$vector@MV?$allocator@M@std@@@std@@@2@@std@@@2@@Z 10013480 f i codes.obj
 0001:00012490       ??0?$_Deque_const_iterator@HV?$allocator@H@std@@@std@@QAE@IPBU_Container_base12@1@@Z 10013490 f i codes.obj
 0001:000124c0       ??8?$_Vector_const_iterator@V?$_Vector_val@MV?$allocator@M@std@@@std@@@std@@QBE_NABV01@@Z 100134c0 f i codes.obj
 0001:000124d0       ??$_Cons_val@V?$allocator@H@std@@HH@std@@YAXAAV?$allocator@H@0@PAH$$QAH@Z 100134d0 f i codes.obj
 0001:000124f0       ??$?9V?$vector@HV?$allocator@H@std@@@std@@V01@@std@@YA_NABV?$allocator@V?$vector@HV?$allocator@H@std@@@std@@@0@0@Z 100134f0 f i codes.obj
 0001:00012500       ??$?9V?$vector@MV?$allocator@M@std@@@std@@V01@@std@@YA_NABV?$allocator@V?$vector@MV?$allocator@M@std@@@std@@@0@0@Z 10013500 f i codes.obj
 0001:00012510       ??$_Uninitialized_copy@PAPAHPAPAHV?$allocator@PAH@std@@@std@@YAPAPAHPAPAH00AAV?$allocator@PAH@0@@Z 10013510 f i codes.obj
 0001:00012540       ??$_Destroy_range@V?$allocator@PAH@std@@@std@@YAXPAPAH0AAV?$allocator@PAH@0@@Z 10013540 f i codes.obj
 0001:00012550       ??$_Move@PAMPAM@std@@YAPAMPAM00@Z 10013550 f i codes.obj
 0001:00012580       ??$_Destroy_range@V?$allocator@M@std@@@std@@YAXPAM0AAV?$allocator@M@0@@Z 10013580 f i codes.obj
 0001:00012590       ?destroy@?$allocator@PAH@std@@QAEXPAPAH@Z 10013590 f i codes.obj
 0001:000125a0       ?construct@?$allocator@U_Container_proxy@std@@@std@@QAEXPAU_Container_proxy@2@$$QAU32@@Z 100135a0 f i codes.obj
 0001:000125c0       ?destroy@?$allocator@U_Container_proxy@std@@@std@@QAEXPAU_Container_proxy@2@@Z 100135c0 f i codes.obj
 0001:000125d0       ??0?$RunFunctionTask@X@QtConcurrent@@QAE@XZ 100135d0 f i codes.obj
 0001:00012600       ?reportFinished@?$QFutureInterface@X@@QAEXPAX@Z 10013600 f i codes.obj
 0001:00012610       ?run@?$RunFunctionTask@X@QtConcurrent@@UAEXXZ 10013610 f i codes.obj
 0001:00012640       ??_E?$RunFunctionTask@X@QtConcurrent@@W7AEPAXI@Z 10013640 f i codes.obj
 0001:00012650       ??1?$RunFunctionTask@X@QtConcurrent@@UAE@XZ 10013650 f i codes.obj
 0001:00012660       ??_G?$RunFunctionTask@X@QtConcurrent@@UAEPAXI@Z 10013660 f i codes.obj
 0001:00012660       ??_E?$RunFunctionTask@X@QtConcurrent@@UAEPAXI@Z 10013660 f i codes.obj
 0001:00012690       ?_Buy@?$vector@V?$vector@HV?$allocator@H@std@@@std@@V?$allocator@V?$vector@HV?$allocator@H@std@@@std@@@2@@std@@IAE_NI@Z 10013690 f i codes.obj
 0001:000126e0       ??D?$_Vector_iterator@V?$_Vector_val@MV?$allocator@M@std@@@std@@@std@@QBEAAMXZ 100136e0 f i codes.obj
 0001:000126f0       ??E?$_Vector_iterator@V?$_Vector_val@MV?$allocator@M@std@@@std@@@std@@QAEAAV01@XZ 100136f0 f i codes.obj
 0001:00012700       ??$_Uninit_def_fill_n@HIHH@std@@YAXPAHIPBHAAV?$allocator@H@0@0U_Scalar_ptr_iterator_tag@0@@Z 10013700 f i codes.obj
 0001:00012720       ??$_Uninit_def_fill_n@MIMM@std@@YAXPAMIPBMAAV?$allocator@M@0@0U_Scalar_ptr_iterator_tag@0@@Z 10013720 f i codes.obj
 0001:00012740       ??$_Uninit_def_fill_n@PAHIPAHPAH@std@@YAXPAPAHIPBQAHAAV?$allocator@PAH@0@0U_Scalar_ptr_iterator_tag@0@@Z 10013740 f i codes.obj
 0001:00012760       ??$_Uninitialized_move@PAMPAMV?$allocator@M@std@@@std@@YAPAMPAM00AAV?$allocator@M@0@@Z 10013760 f i codes.obj
 0001:00012790       ??$?9HH@std@@YA_NABV?$allocator@H@0@0@Z 10013790 f i codes.obj
 0001:000127a0       ??$?9MM@std@@YA_NABV?$allocator@M@0@0@Z 100137a0 f i codes.obj
 0001:000127b0       ??$_Cons_val@V?$allocator@M@std@@MM@std@@YAXAAV?$allocator@M@0@PAM$$QAM@Z 100137b0 f i codes.obj
 0001:000127d0       ?_Buy@?$vector@MV?$allocator@M@std@@@std@@IAE_NI@Z 100137d0 f i codes.obj
 0001:00012820       ?construct@?$allocator@M@std@@QAEXPAMABM@Z 10013820 f i codes.obj
 0001:00012840       ?destroy@?$allocator@M@std@@QAEXPAM@Z 10013840 f i codes.obj
 0001:00012850       ?MatrixSub@@YAPAUMatrixStruct@@PAU1@HHHH@Z 10013850 f   codes.obj
 0001:00012a10       ?Coarseness@@YANPAUMatrixStruct@@HN@Z 10013a10 f   codes.obj
 0001:00012d30       ?createAttribute@Object@@QAEXH@Z 10013d30 f   codes.obj
 0001:00013710       ??0?$vector@V?$vector@HV?$allocator@H@std@@@std@@V?$allocator@V?$vector@HV?$allocator@H@std@@@std@@@2@@std@@QAE@XZ 10014710 f i codes.obj
 0001:00013720       ??0?$vector@V?$vector@MV?$allocator@M@std@@@std@@V?$allocator@V?$vector@MV?$allocator@M@std@@@std@@@2@@std@@QAE@XZ 10014720 f i codes.obj
[...]
 0001:000463b1       __unwindfunclet$??$construct@AAU?$pair@$$CBV?$basic_string@DU?$char_traits@D@std@@V?$allocator@D@2@@std@@V12@@std@@@?$allocator@U?$pair@$$CBV?$basic_string@DU?$char_traits@D@std@@V?$allocator@D@2@@std@@V12@@std@@@std@@QAEXPAU?$pair@$$CBV?$basic_string@DU?$char_traits@D@std@@V?$allocator@D@2@@std@@V12@@1@AAU21@@Z$2 100473b1 f   PlugInLib:PlugInShell.obj
 0001:000463b9       __ehhandler$??$construct@AAU?$pair@$$CBV?$basic_string@DU?$char_traits@D@std@@V?$allocator@D@2@@std@@V12@@std@@@?$allocator@U?$pair@$$CBV?$basic_string@DU?$char_traits@D@std@@V?$allocator@D@2@@std@@V12@@std@@@std@@QAEXPAU?$pair@$$CBV?$basic_string@DU?$char_traits@D@std@@V?$allocator@D@2@@std@@V12@@1@AAU21@@Z 100473b9 f   PlugInLib:PlugInShell.obj
 0001:000463d0       __unwindfunclet$??0?$_Pair_base@$$CBV?$basic_string@DU?$char_traits@D@std@@V?$allocator@D@2@@std@@V12@@std@@QAE@$$QBV?$basic_string@DU?$char_traits@D@std@@V?$allocator@D@2@@1@$$QAV21@@Z$0 100473d0 f   PlugInLib:PlugInShell.obj
 0001:000463d8       __ehhandler$??0?$_Pair_base@$$CBV?$basic_string@DU?$char_traits@D@std@@V?$allocator@D@2@@std@@V12@@std@@QAE@$$QBV?$basic_string@DU?$char_traits@D@std@@V?$allocator@D@2@@1@$$QAV21@@Z 100473d8 f   PlugInLib:PlugInShell.obj
 0001:000463f0       __unwindfunclet$??1?$Resource@VSettableSessionItem@@VFactoryObject@@@@UAE@XZ$0 100473f0 f   PlugInLib:PlugInShell.obj
 0001:000463fb       __ehhandler$??1?$Resource@VSettableSessionItem@@VFactoryObject@@@@UAE@XZ 100473fb f   PlugInLib:PlugInShell.obj
 0001:00046410       __unwindfunclet$??_G?$Resource@VSettableSessionItem@@VFactoryObject@@@@UAEPAXI@Z$0 10047410 f   PlugInLib:PlugInShell.obj
 0001:0004641b       __ehhandler$??_G?$Resource@VSettableSessionItem@@VFactoryObject@@@@UAEPAXI@Z 1004741b f   PlugInLib:PlugInShell.obj
 0001:00046430       __unwindfunclet$??0?$pair@$$CBV?$basic_string@DU?$char_traits@D@std@@V?$allocator@D@2@@std@@V12@@std@@QAE@ABV?$basic_string@DU?$char_traits@D@std@@V?$allocator@D@2@@1@$$QAV21@@Z$1 10047430 f   PlugInLib:PlugInShell.obj
 0001:00046438       __ehhandler$??0?$pair@$$CBV?$basic_string@DU?$char_traits@D@std@@V?$allocator@D@2@@std@@V12@@std@@QAE@ABV?$basic_string@DU?$char_traits@D@std@@V?$allocator@D@2@@1@$$QAV21@@Z 10047438 f   PlugInLib:PlugInShell.obj
 0001:00046450       __unwindfunclet$??$?0$$CBV?$basic_string@DU?$char_traits@D@std@@V?$allocator@D@2@@std@@V01@@?$pair@$$CBV?$basic_string@DU?$char_traits@D@std@@V?$allocator@D@2@@std@@V12@@std@@QAE@$$QAU01@@Z$1 10047450 f   PlugInLib:PlugInShell.obj
 0001:00046458       __ehhandler$??$?0$$CBV?$basic_string@DU?$char_traits@D@std@@V?$allocator@D@2@@std@@V01@@?$pair@$$CBV?$basic_string@DU?$char_traits@D@std@@V?$allocator@D@2@@std@@V12@@std@@QAE@$$QAU01@@Z 10047458 f   PlugInLib:PlugInShell.obj
 0001:00046470       __unwindfunclet$??1?$FactoryResource@VSettableSessionItem@@@@UAE@XZ$1 10047470 f   PlugInLib:PlugInShell.obj
 0001:0004647b       __ehhandler$??1?$FactoryResource@VSettableSessionItem@@@@UAE@XZ 1004747b f   PlugInLib:PlugInShell.obj
 0001:00046490       __unwindfunclet$??0?$FactoryResource@VSettableSessionItem@@@@QAE@XZ$0 10047490 f   PlugInLib:PlugInShell.obj
 0001:00046498       __unwindfunclet$??0?$FactoryResource@VSettableSessionItem@@@@QAE@XZ$3 10047498 f   PlugInLib:PlugInShell.obj
 0001:000464a3       __ehhandler$??0?$FactoryResource@VSettableSessionItem@@@@QAE@XZ 100474a3 f   PlugInLib:PlugInShell.obj
 0001:000464b0       __unwindfunclet$??_G?$FactoryResource@VSettableSessionItem@@@@UAEPAXI@Z$1 100474b0 f   PlugInLib:PlugInShell.obj
 0001:000464bb       __ehhandler$??_G?$FactoryResource@VSettableSessionItem@@@@UAEPAXI@Z 100474bb f   PlugInLib:PlugInShell.obj
 0001:000464d0       __ehhandler$??$_Buynode@AAU?$pair@$$CBV?$basic_string@DU?$char_traits@D@std@@V?$allocator@D@2@@std@@V12@@std@@@?$_Tree_val@V?$_Tmap_traits@V?$basic_string@DU?$char_traits@D@std@@V?$allocator@D@2@@std@@V12@U?$less@V?$basic_string@DU?$char_traits@D@std@@V?$allocator@D@2@@std@@@2@V?$allocator@U?$pair@$$CBV?$basic_string@DU?$char_traits@D@std@@V?$allocator@D@2@@std@@V12@@std@@@2@$0A@@std@@@std@@QAEPAU_Node@?$_Tree_nod@V?$_Tmap_traits@V?$basic_string@DU?$char_traits@D@std@@V?$allocator@D@2@@std@@V12@U?$less@V?$basic_string@DU?$char_traits@D@std@@V?$allocator@D@2@@std@@@2@V?$allocator@U?$pair@$$CBV?$basic_string@DU?$char_traits@D@std@@V?$allocator@D@2@@std@@V12@@std@@@2@$0A@@std@@@1@AAU?$pair@$$CBV?$basic_string@DU?$char_traits@D@std@@V?$allocator@D@2@@std@@V12@@1@@Z 100474d0 f   PlugInLib:PlugInShell.obj
 0001:000464e0       __unwindfunclet$?construct@?$allocator@U?$pair@$$CBV?$basic_string@DU?$char_traits@D@std@@V?$allocator@D@2@@std@@V12@@std@@@std@@QAEXPAU?$pair@$$CBV?$basic_string@DU?$char_traits@D@std@@V?$allocator@D@2@@std@@V12@@2@$$QAU32@@Z$0 100474e0 f   PlugInLib:PlugInShell.obj
 0001:000464f1       __unwindfunclet$?construct@?$allocator@U?$pair@$$CBV?$basic_string@DU?$char_traits@D@std@@V?$allocator@D@2@@std@@V12@@std@@@std@@QAEXPAU?$pair@$$CBV?$basic_string@DU?$char_traits@D@std@@V?$allocator@D@2@@std@@V12@@2@$$QAU32@@Z$2 100474f1 f   PlugInLib:PlugInShell.obj
 0001:000464f9       __ehhandler$?construct@?$allocator@U?$pair@$$CBV?$basic_string@DU?$char_traits@D@std@@V?$allocator@D@2@@std@@V12@@std@@@std@@QAEXPAU?$pair@$$CBV?$basic_string@DU?$char_traits@D@std@@V?$allocator@D@2@@std@@V12@@2@$$QAU32@@Z 100474f9 f   PlugInLib:PlugInShell.obj
 0001:00046510       __ehhandler$?_Copy@?$_Tree@V?$_Tmap_traits@V?$basic_string@DU?$char_traits@D@std@@V?$allocator@D@2@@std@@V12@U?$less@V?$basic_string@DU?$char_traits@D@std@@V?$allocator@D@2@@std@@@2@V?$allocator@U?$pair@$$CBV?$basic_string@DU?$char_traits@D@std@@V?$allocator@D@2@@std@@V12@@std@@@2@$0A@@std@@@std@@IAEPAU_Node@?$_Tree_nod@V?$_Tmap_traits@V?$basic_string@DU?$char_traits@D@std@@V?$allocator@D@2@@std@@V12@U?$less@V?$basic_string@DU?$char_traits@D@std@@V?$allocator@D@2@@std@@@2@V?$allocator@U?$pair@$$CBV?$basic_string@DU?$char_traits@D@std@@V?$allocator@D@2@@std@@V12@@std@@@2@$0A@@std@@@2@PAU342@0@Z 10047510 f   PlugInLib:PlugInShell.obj
 0001:00046520       __ehhandler$??$_Buynode@U?$pair@$$CBV?$basic_string@DU?$char_traits@D@std@@V?$allocator@D@2@@std@@V12@@std@@@?$_Tree_val@V?$_Tmap_traits@V?$basic_string@DU?$char_traits@D@std@@V?$allocator@D@2@@std@@V12@U?$less@V?$basic_string@DU?$char_traits@D@std@@V?$allocator@D@2@@std@@@2@V?$allocator@U?$pair@$$CBV?$basic_string@DU?$char_traits@D@std@@V?$allocator@D@2@@std@@V12@@std@@@2@$0A@@std@@@std@@QAEPAU_Node@?$_Tree_nod@V?$_Tmap_traits@V?$basic_string@DU?$char_traits@D@std@@V?$allocator@D@2@@std@@V12@U?$less@V?$basic_string@DU?$char_traits@D@std@@V?$allocator@D@2@@std@@@2@V?$allocator@U?$pair@$$CBV?$basic_string@DU?$char_traits@D@std@@V?$allocator@D@2@@std@@V12@@std@@@2@$0A@@std@@@1@$$QAU?$pair@$$CBV?$basic_string@DU?$char_traits@D@std@@V?$allocator@D@2@@std@@V12@@1@@Z 10047520 f   PlugInLib:PlugInShell.obj
 0001:00046530       __unwindfunclet$??1?$_Tree@V?$_Tmap_traits@V?$basic_string@DU?$char_traits@D@std@@V?$allocator@D@2@@std@@V12@U?$less@V?$basic_string@DU?$char_traits@D@std@@V?$allocator@D@2@@std@@@2@V?$allocator@U?$pair@$$CBV?$basic_string@DU?$char_traits@D@std@@V?$allocator@D@2@@std@@V12@@std@@@2@$0A@@std@@@std@@QAE@XZ$0 10047530 f   PlugInLib:PlugInShell.obj
 0001:00046538       __ehhandler$??1?$_Tree@V?$_Tmap_traits@V?$basic_string@DU?$char_traits@D@std@@V?$allocator@D@2@@std@@V12@U?$less@V?$basic_string@DU?$char_traits@D@std@@V?$allocator@D@2@@std@@@2@V?$allocator@U?$pair@$$CBV?$basic_string@DU?$char_traits@D@std@@V?$allocator@D@2@@std@@V12@@std@@@2@$0A@@std@@@std@@QAE@XZ 10047538 f   PlugInLib:PlugInShell.obj
 0001:00046550       __unwindfunclet$??0?$_Tree@V?$_Tmap_traits@V?$basic_string@DU?$char_traits@D@std@@V?$allocator@D@2@@std@@V12@U?$less@V?$basic_string@DU?$char_traits@D@std@@V?$allocator@D@2@@std@@@2@V?$allocator@U?$pair@$$CBV?$basic_string@DU?$char_traits@D@std@@V?$allocator@D@2@@std@@V12@@std@@@2@$0A@@std@@@std@@QAE@ABV01@@Z$2 10047550 f   PlugInLib:PlugInShell.obj
 0001:00046558       __ehhandler$??0?$_Tree@V?$_Tmap_traits@V?$basic_string@DU?$char_traits@D@std@@V?$allocator@D@2@@std@@V12@U?$less@V?$basic_string@DU?$char_traits@D@std@@V?$allocator@D@2@@std@@@2@V?$allocator@U?$pair@$$CBV?$basic_string@DU?$char_traits@D@std@@V?$allocator@D@2@@std@@V12@@std@@@2@$0A@@std@@@std@@QAE@ABV01@@Z 10047558 f   PlugInLib:PlugInShell.obj
 0001:00046570       __unwindfunclet$??1?$map@V?$basic_string@DU?$char_traits@D@std@@V?$allocator@D@2@@std@@V12@U?$less@V?$basic_string@DU?$char_traits@D@std@@V?$allocator@D@2@@std@@@2@V?$allocator@U?$pair@$$CBV?$basic_string@DU?$char_traits@D@std@@V?$allocator@D@2@@std@@V12@@std@@@2@@std@@QAE@XZ$1 10047570 f   PlugInLib:PlugInShell.obj
 0001:00046578       __ehhandler$??1?$map@V?$basic_string@DU?$char_traits@D@std@@V?$allocator@D@2@@std@@V12@U?$less@V?$basic_string@DU?$char_traits@D@std@@V?$allocator@D@2@@std@@@2@V?$allocator@U?$pair@$$CBV?$basic_string@DU?$char_traits@D@std@@V?$allocator@D@2@@std@@V12@@std@@@2@@std@@QAE@XZ 10047578 f   PlugInLib:PlugInShell.obj
 0001:00046590       __unwindfunclet$??1PlugInShell@@UAE@XZ$0 10047590 f   PlugInLib:PlugInShell.obj
 0001:00046598       __unwindfunclet$??1PlugInShell@@UAE@XZ$1 10047598 f   PlugInLib:PlugInShell.obj
 0001:000465a3       __unwindfunclet$??1PlugInShell@@UAE@XZ$2 100475a3 f   PlugInLib:PlugInShell.obj
 0001:000465ae       __unwindfunclet$??1PlugInShell@@UAE@XZ$3 100475ae f   PlugInLib:PlugInShell.obj
 0001:000465b9       __unwindfunclet$??1PlugInShell@@UAE@XZ$4 100475b9 f   PlugInLib:PlugInShell.obj
 0001:000465c4       __unwindfunclet$??1PlugInShell@@UAE@XZ$12 100475c4 f   PlugInLib:PlugInShell.obj
 0001:000465cc       __unwindfunclet$??1PlugInShell@@UAE@XZ$14 100475cc f   PlugInLib:PlugInShell.obj
 0001:000465d7       __ehhandler$??1PlugInShell@@UAE@XZ 100475d7 f   PlugInLib:PlugInShell.obj
 0001:000465f0       __unwindfunclet$??A?$map@V?$basic_string@DU?$char_traits@D@std@@V?$allocator@D@2@@std@@V12@U?$less@V?$basic_string@DU?$char_traits@D@std@@V?$allocator@D@2@@std@@@2@V?$allocator@U?$pair@$$CBV?$basic_string@DU?$char_traits@D@std@@V?$allocator@D@2@@std@@V12@@std@@@2@@std@@QAEAAV?$basic_string@DU?$char_traits@D@std@@V?$allocator@D@2@@1@ABV21@@Z$0 100475f0 f   PlugInLib:PlugInShell.obj
 0001:000465f8       __unwindfunclet$??A?$map@V?$basic_string@DU?$char_traits@D@std@@V?$allocator@D@2@@std@@V12@U?$less@V?$basic_string@DU?$char_traits@D@std@@V?$allocator@D@2@@std@@@2@V?$allocator@U?$pair@$$CBV?$basic_string@DU?$char_traits@D@std@@V?$allocator@D@2@@std@@V12@@std@@@2@@std@@QAEAAV?$basic_string@DU?$char_traits@D@std@@V?$allocator@D@2@@1@ABV21@@Z$3 100475f8 f   PlugInLib:PlugInShell.obj
 0001:00046600       __unwindfunclet$??A?$map@V?$basic_string@DU?$char_traits@D@std@@V?$allocator@D@2@@std@@V12@U?$less@V?$basic_string@DU?$char_traits@D@std@@V?$allocator@D@2@@std@@@2@V?$allocator@U?$pair@$$CBV?$basic_string@DU?$char_traits@D@std@@V?$allocator@D@2@@std@@V12@@std@@@2@@std@@QAEAAV?$basic_string@DU?$char_traits@D@std@@V?$allocator@D@2@@1@ABV21@@Z$1 10047600 f   PlugInLib:PlugInShell.obj
 0001:00046608       __ehhandler$??A?$map@V?$basic_string@DU?$char_traits@D@std@@V?$allocator@D@2@@std@@V12@U?$less@V?$basic_string@DU?$char_traits@D@std@@V?$allocator@D@2@@std@@@2@V?$allocator@U?$pair@$$CBV?$basic_string@DU?$char_traits@D@std@@V?$allocator@D@2@@std@@V12@@std@@@2@@std@@QAEAAV?$basic_string@DU?$char_traits@D@std@@V?$allocator@D@2@@1@ABV21@@Z 10047608 f   PlugInLib:PlugInShell.obj
 0001:00046620       __unwindfunclet$??0PlugInShell@@QAE@XZ$0 10047620 f   PlugInLib:PlugInShell.obj
 0001:00046628       __unwindfunclet$??0PlugInShell@@QAE@XZ$1 10047628 f   PlugInLib:PlugInShell.obj
 0001:00046633       __unwindfunclet$??0PlugInShell@@QAE@XZ$2 10047633 f   PlugInLib:PlugInShell.obj
 0001:0004663e       __unwindfunclet$??0PlugInShell@@QAE@XZ$3 1004763e f   PlugInLib:PlugInShell.obj
 0001:00046649       __unwindfunclet$??0PlugInShell@@QAE@XZ$4 10047649 f   PlugInLib:PlugInShell.obj
 0001:00046654       __ehhandler$??0PlugInShell@@QAE@XZ 10047654 f   PlugInLib:PlugInShell.obj
 0001:00046660       __unwindfunclet$?get@?$Service@VSessionExplorer@@@@QBEPAVSessionExplorer@@XZ$0 10047660 f   PlugInUtilities:Service.obj
 0001:00046668       __ehhandler$?get@?$Service@VSessionExplorer@@@@QBEPAVSessionExplorer@@XZ 10047668 f   PlugInUtilities:Service.obj
 0001:00046680       __unwindfunclet$??1?$basic_stringstream@DU?$char_traits@D@std@@V?$allocator@D@2@@std@@UAE@XZ$0 10047680 f   PlugInUtilities:AppVerify.obj
 0001:0004668c       __ehhandler$??1?$basic_stringstream@DU?$char_traits@D@std@@V?$allocator@D@2@@std@@UAE@XZ 1004768c f   PlugInUtilities:AppVerify.obj
 0001:000466a0       __unwindfunclet$??0?$basic_stringbuf@DU?$char_traits@D@std@@V?$allocator@D@2@@std@@QAE@H@Z$0 100476a0 f   PlugInUtilities:AppVerify.obj
 0001:000466a9       __ehhandler$??0?$basic_stringbuf@DU?$char_traits@D@std@@V?$allocator@D@2@@std@@QAE@H@Z 100476a9 f   PlugInUtilities:AppVerify.obj
 0001:000466c0       __unwindfunclet$??_D?$basic_stringstream@DU?$char_traits@D@std@@V?$allocator@D@2@@std@@QAEXXZ$0 100476c0 f   PlugInUtilities:AppVerify.obj
 0001:000466cc       __ehhandler$??_D?$basic_stringstream@DU?$char_traits@D@std@@V?$allocator@D@2@@std@@QAEXXZ 100476cc f   PlugInUtilities:AppVerify.obj
 0001:000466e0       __unwindfunclet$??0?$basic_stringstream@DU?$char_traits@D@std@@V?$allocator@D@2@@std@@QAE@H@Z$0 100476e0 f   PlugInUtilities:AppVerify.obj
 0001:000466fd       __unwindfunclet$??0?$basic_stringstream@DU?$char_traits@D@std@@V?$allocator@D@2@@std@@QAE@H@Z$1 100476fd f   PlugInUtilities:AppVerify.obj
 0001:00046709       __unwindfunclet$??0?$basic_stringstream@DU?$char_traits@D@std@@V?$allocator@D@2@@std@@QAE@H@Z$4 10047709 f   PlugInUtilities:AppVerify.obj
 0001:00046712       __ehhandler$??0?$basic_stringstream@DU?$char_traits@D@std@@V?$allocator@D@2@@std@@QAE@H@Z 10047712 f   PlugInUtilities:AppVerify.obj
 0001:00046720       __unwindfunclet$?str@?$basic_stringbuf@DU?$char_traits@D@std@@V?$allocator@D@2@@std@@QBE?AV?$basic_string@DU?$char_traits@D@std@@V?$allocator@D@2@@2@XZ$0 10047720 f   PlugInUtilities:AppVerify.obj
 0001:00046728       __unwindfunclet$?str@?$basic_stringbuf@DU?$char_traits@D@std@@V?$allocator@D@2@@std@@QBE?AV?$basic_string@DU?$char_traits@D@std@@V?$allocator@D@2@@2@XZ$2 10047728 f   PlugInUtilities:AppVerify.obj
 0001:00046730       __unwindfunclet$?str@?$basic_stringbuf@DU?$char_traits@D@std@@V?$allocator@D@2@@std@@QBE?AV?$basic_string@DU?$char_traits@D@std@@V?$allocator@D@2@@2@XZ$3 10047730 f   PlugInUtilities:AppVerify.obj
 0001:00046738       __ehhandler$?str@?$basic_stringbuf@DU?$char_traits@D@std@@V?$allocator@D@2@@std@@QBE?AV?$basic_string@DU?$char_traits@D@std@@V?$allocator@D@2@@2@XZ 10047738 f   PlugInUtilities:AppVerify.obj
 0001:00046750       __unwindfunclet$?LogVerificationErrorProc@@YAXPBD0I0@Z$0 10047750 f   PlugInUtilities:AppVerify.obj
 0001:0004675b       __unwindfunclet$?LogVerificationErrorProc@@YAXPBD0I0@Z$1 1004775b f   PlugInUtilities:AppVerify.obj
 0001:00046766       __unwindfunclet$?LogVerificationErrorProc@@YAXPBD0I0@Z$2 10047766 f   PlugInUtilities:AppVerify.obj
 0001:00046771       __unwindfunclet$?LogVerificationErrorProc@@YAXPBD0I0@Z$3 10047771 f   PlugInUtilities:AppVerify.obj
 0001:0004677c       __unwindfunclet$?LogVerificationErrorProc@@YAXPBD0I0@Z$4 1004777c f   PlugInUtilities:AppVerify.obj
 0001:00046787       __unwindfunclet$?LogVerificationErrorProc@@YAXPBD0I0@Z$5 10047787 f   PlugInUtilities:AppVerify.obj
 0001:00046792       __unwindfunclet$?LogVerificationErrorProc@@YAXPBD0I0@Z$6 10047792 f   PlugInUtilities:AppVerify.obj
 0001:0004679d       __unwindfunclet$?LogVerificationErrorProc@@YAXPBD0I0@Z$7 1004779d f   PlugInUtilities:AppVerify.obj
 0001:000467a8       __unwindfunclet$?LogVerificationErrorProc@@YAXPBD0I0@Z$8 100477a8 f   PlugInUtilities:AppVerify.obj
 0001:000467b3       __unwindfunclet$?LogVerificationErrorProc@@YAXPBD0I0@Z$9 100477b3 f   PlugInUtilities:AppVerify.obj
 0001:000467be       __unwindfunclet$?LogVerificationErrorProc@@YAXPBD0I0@Z$16 100477be f   PlugInUtilities:AppVerify.obj
 0001:000467de       __unwindfunclet$?LogVerificationErrorProc@@YAXPBD0I0@Z$17 100477de f   PlugInUtilities:AppVerify.obj
 0001:000467ea       __unwindfunclet$?LogVerificationErrorProc@@YAXPBD0I0@Z$19 100477ea f   PlugInUtilities:AppVerify.obj
 0001:000467f6       __unwindfunclet$?LogVerificationErrorProc@@YAXPBD0I0@Z$10 100477f6 f   PlugInUtilities:AppVerify.obj
 0001:00046801       __unwindfunclet$?LogVerificationErrorProc@@YAXPBD0I0@Z$11 10047801 f   PlugInUtilities:AppVerify.obj
 0001:0004680c       __unwindfunclet$?LogVerificationErrorProc@@YAXPBD0I0@Z$12 1004780c f   PlugInUtilities:AppVerify.obj
 0001:00046817       __unwindfunclet$?LogVerificationErrorProc@@YAXPBD0I0@Z$13 10047817 f   PlugInUtilities:AppVerify.obj
 0001:00046822       __unwindfunclet$?LogVerificationErrorProc@@YAXPBD0I0@Z$14 10047822 f   PlugInUtilities:AppVerify.obj
 0001:0004682d       __unwindfunclet$?LogVerificationErrorProc@@YAXPBD0I0@Z$15 1004782d f   PlugInUtilities:AppVerify.obj
 0001:00046838       __ehhandler$?LogVerificationErrorProc@@YAXPBD0I0@Z 10047838 f   PlugInUtilities:AppVerify.obj
 0001:00046850       ??__EchangeDetectionpluginFactory@OpticksCDFPlugin@@YAXXZ 10047850 f   changeDetection.obj
 0001:000468f0       ??__EFusionpluginFactory@OpticksCDFPlugin@@YAXXZ 100478f0 f   Fusion.obj
 0001:00046990       ??__E?staticMetaObject@selectCDType@@2UQMetaObject@@B@@YAXXZ 10047990 f   moc_selectcdtype.obj
 0001:000469a0       ??__E?staticMetaObject@MainWindow_cd@@2UQMetaObject@@B@@YAXXZ 100479a0 f   moc_mainwindow_cd.obj
 0001:000469b0       ??__E?staticMetaObject@MainWindow_fusion@@2UQMetaObject@@B@@YAXXZ 100479b0 f   moc_mainwindow_fusion.obj
 0001:000469c0       ??__E?staticMetaObject@ClassBased@@2UQMetaObject@@B@@YAXXZ 100479c0 f   moc_classbased.obj
 0001:000469d0       ??__E?staticMetaObject@paintbox@@2UQMetaObject@@B@@YAXXZ 100479d0 f   moc_paintbox.obj
 0001:000469e0       ??__E?staticMetaObject@Paintbox2@@2UQMetaObject@@B@@YAXXZ 100479e0 f   moc_paintbox2.obj
 0001:000469f0       ??__E?staticMetaObject@AttributeBased_cd@@2UQMetaObject@@B@@YAXXZ 100479f0 f   moc_attributebased_cd.obj
 0001:00046a00       ??__E?staticMetaObject@pain2img@@2UQMetaObject@@B@@YAXXZ 10047a00 f   moc_pain2img.obj
 0001:00046a10       ??__E?staticMetaObject@changeDetection@@2UQMetaObject@@B@@YAXXZ 10047a10 f   moc_changeDetection.obj
 0001:00046a20       ??__E?staticMetaObject@Fusion@@2UQMetaObject@@B@@YAXXZ 10047a20 f   moc_Fusion.obj
 0001:00046a30       ??__E?staticMetaObject@paint_box@@2UQMetaObject@@B@@YAXXZ 10047a30 f   moc_paint_box.obj
 0001:00046a40       ??__E?staticMetaObject@scarea@@2UQMetaObject@@B@@YAXXZ 10047a40 f   moc_scarea.obj
 0001:00046a50       ??__E?staticMetaObject@ClassifyAttributes@@2UQMetaObject@@B@@YAXXZ 10047a50 f   moc_classifyattributes.obj
 0001:00046a60       ??__E?staticMetaObject@chooseSample@@2UQMetaObject@@B@@YAXXZ 10047a60 f   moc_choosesample.obj
 0001:00046a70       ??__E?staticMetaObject@nclasses@@2UQMetaObject@@B@@YAXXZ 10047a70 f   moc_nclasses.obj
 0001:00046a80       ??__FchangeDetectionpluginFactory@OpticksCDFPlugin@@YAXXZ 10047a80 f   changeDetection.obj
 0001:00046af0       ??__FFusionpluginFactory@OpticksCDFPlugin@@YAXXZ 10047af0 f   Fusion.obj
 0001:00046b60       ??__FsFactories@?1??factories@OpticksCDFPlugin@@YAAAV?$vector@U?$pair@V?$basic_string@DU?$char_traits@D@std@@V?$allocator@D@2@@std@@PAVPlugInFactory@@@std@@V?$allocator@U?$pair@V?$basic_string@DU?$char_traits@D@std@@V?$allocator@D@2@@std@@PAVPlugInFactory@@@std@@@2@@std@@XZ@YAXXZ 10047b60 f   ModuleManager.obj

 Exports

  ordinal    name

        1    _OpticksCDFPluginInstantiatePlugIn
               exported name: OpticksCDFPluginInstantiatePlugIn
        2    _opticks_get_module_descriptor
               exported name: opticks_get_module_descriptor
